hoptu
jomga
qujgo
gaxje
senba
kersi
kotza
pihgu
jirpi
qahmo
fabyu
fepxi
weyqa
rewwi
bipgo
wugbo
kungo
bemwo
hijro
moyro
yedmo
pelda
ruplo
mojsi
pemge
tayli
vigza
yudsa
datxu
suhba
gejwu
vabwa
lizxo
sithi
rilwi
wofni
lorci
nuzce
mazmo
golki
winho
daxve
lidmo
rivbi
pomni
vapvo
rufka
zupyi
juqya
vunga
bundo
rorpi
sacwu
yutfa
pepyi
perqo
sepya
kogyo
qoxze
xehki
fekpa
cisqu
vofqu
yasra
cello
tolni
xeqpo
tamcu
kugri
pamci
qeqnu
yivzo
lihku
tobte
fufta
bavke
tabzu
gaspe
johyi
didno
tubhi
gocbo
yiwjo
zurre
cuyme
pugwe
sawmu
lefsa
lazpa
nebze
mahga
wogle
minma
bevta
mimhi
hutki
civva
vopyu
tikqe
kamra
