Incorrect
Incorrect
Incorrect
Incorrect
Incorrect
Incorrect
Incorrect
Incorrect
Incorrect
Incorrect
Incorrect
Incorrect
Incorrect
Incorrect
Incorrect
Incorrect
Incorrect
Incorrect
Incorrect
Incorrect
Incorrect
Incorrect
Incorrect
Incorrect
Incorrect
Incorrect
Incorrect
Incorrect
Incorrect
Incorrect
Incorrect
Incorrect
Incorrect
Incorrect
Incorrect
Incorrect
Incorrect
Correct
Incorrect
Incorrect
Incorrect
Incorrect
Incorrect
Incorrect
Incorrect
Incorrect
Incorrect
Incorrect
Incorrect
Incorrect
Incorrect
Incorrect
Incorrect
Incorrect
Incorrect
Incorrect
Incorrect
Incorrect
Incorrect
Incorrect
Incorrect
Incorrect
Incorrect
Incorrect
Incorrect
Incorrect
Incorrect
Incorrect
Incorrect
Incorrect
Incorrect
Incorrect
Incorrect
Incorrect
Incorrect
Incorrect
Incorrect
Incorrect
Incorrect
Incorrect
Incorrect
Incorrect
Incorrect
Incorrect
Incorrect
Incorrect
Incorrect
Incorrect
Incorrect
Incorrect
Incorrect
Incorrect
Incorrect
Incorrect
Incorrect
Incorrect
Incorrect
Incorrect
Incorrect
Incorrect
Incorrect
Incorrect
Incorrect
Incorrect
Incorrect
Incorrect
Incorrect
Incorrect
Incorrect
Incorrect
Incorrect
Incorrect
Incorrect
Incorrect
Incorrect
Incorrect
Incorrect
Incorrect
Incorrect
Incorrect
Incorrect
Incorrect
Incorrect
Incorrect
Incorrect
Incorrect
Incorrect
Incorrect
Incorrect
Incorrect
Incorrect
Incorrect
Incorrect
Incorrect
Incorrect
Incorrect
Incorrect
Incorrect
Incorrect
Incorrect
Incorrect
Incorrect
Incorrect
Incorrect
Incorrect
Incorrect
Incorrect
Incorrect
Incorrect
Incorrect
Incorrect
Incorrect
Incorrect
Incorrect
Incorrect
Incorrect
Incorrect
Incorrect
Incorrect
Incorrect
Incorrect
Incorrect
Incorrect
Incorrect
Incorrect
Incorrect
Incorrect
Incorrect
Incorrect
Incorrect
Incorrect
Incorrect
Incorrect
Incorrect
Incorrect
Incorrect
Incorrect
Incorrect
Incorrect
Incorrect
Incorrect
Incorrect
Incorrect
Incorrect
Incorrect
Incorrect
Incorrect
Incorrect
Incorrect
Incorrect
Incorrect
Incorrect
Incorrect
Incorrect
Correct
Incorrect
Incorrect
Incorrect
Incorrect
Incorrect
Incorrect
Incorrect
Incorrect
Incorrect
Incorrect
Incorrect
Incorrect
Incorrect
Incorrect
Incorrect
Incorrect
Incorrect
Incorrect
Incorrect
Incorrect
Incorrect
Incorrect
Incorrect
Incorrect
Incorrect
Incorrect
Incorrect
Incorrect
Incorrect
Incorrect
Incorrect
Incorrect
Incorrect
Incorrect
Incorrect
Incorrect
Incorrect
Incorrect
Incorrect
Incorrect
Incorrect
Incorrect
Incorrect
Incorrect
Incorrect
Incorrect
Incorrect
Incorrect
Incorrect
Incorrect
Incorrect
Incorrect
Incorrect
Incorrect
Incorrect
Incorrect
Incorrect
Incorrect
Incorrect
Incorrect
Incorrect
Incorrect
Incorrect
Incorrect
Incorrect
Incorrect
Incorrect
Incorrect
Incorrect
Incorrect
Incorrect
Incorrect
Incorrect
Incorrect
Incorrect
Incorrect
Incorrect
Incorrect
Incorrect
Incorrect
Incorrect
Incorrect
Incorrect
Incorrect
Incorrect
Incorrect
Incorrect
Incorrect
Incorrect
Incorrect
Incorrect
Incorrect
Incorrect
Incorrect
Incorrect
Incorrect
Incorrect
Incorrect
Incorrect
Incorrect
Incorrect
Incorrect
Incorrect
Incorrect
Incorrect
Incorrect
Incorrect
Incorrect
Incorrect
Incorrect
Incorrect
Incorrect
Incorrect
Incorrect
Incorrect
Incorrect
Incorrect
Incorrect
Incorrect
Incorrect
Incorrect
Incorrect
Incorrect
Incorrect
Incorrect
Incorrect
Incorrect
Incorrect
Incorrect
Incorrect
Incorrect
Incorrect
Incorrect
Incorrect
Incorrect
Incorrect
Incorrect
Incorrect
Incorrect
Incorrect
Incorrect
Incorrect
Incorrect
Incorrect
Incorrect
Incorrect
Incorrect
Incorrect
Incorrect
Incorrect
Incorrect
Incorrect
Incorrect
Incorrect
Incorrect
Incorrect
Incorrect
Incorrect
Incorrect
Incorrect
Incorrect
Incorrect
Incorrect
Incorrect
Incorrect
Incorrect
Incorrect
Incorrect
Incorrect
Incorrect
Incorrect
Incorrect
Incorrect
Incorrect
Incorrect
Incorrect
Incorrect
Incorrect
Incorrect
Incorrect
Incorrect
Incorrect
Correct
Incorrect
Incorrect
Incorrect
Incorrect
Incorrect
Incorrect
Incorrect
Incorrect
Incorrect
Incorrect
Incorrect
Incorrect
Incorrect
Incorrect
Incorrect
Incorrect
Incorrect
Incorrect
Incorrect
Incorrect
Incorrect
Incorrect
Incorrect
Incorrect
Incorrect
Incorrect
Incorrect
Incorrect
Incorrect
Incorrect
Incorrect
Incorrect
Incorrect
Incorrect
Incorrect
Incorrect
Incorrect
Incorrect
Incorrect
Incorrect
Incorrect
Incorrect
Incorrect
Incorrect
Incorrect
Incorrect
Incorrect
Incorrect
Incorrect
Incorrect
Incorrect
Incorrect
Incorrect
Incorrect
Incorrect
Incorrect
Incorrect
Incorrect
Incorrect
Incorrect
Incorrect
Incorrect
Incorrect
Incorrect
Incorrect
Incorrect
Incorrect
Incorrect
Incorrect
Incorrect
Incorrect
Incorrect
Incorrect
Incorrect
Incorrect
Incorrect
Incorrect
Incorrect
Incorrect
Incorrect
Incorrect
Incorrect
Incorrect
Incorrect
Incorrect
Incorrect
Incorrect
Incorrect
Incorrect
Incorrect
Incorrect
Incorrect
Incorrect
Incorrect
Incorrect
Incorrect
Incorrect
Incorrect
Incorrect
Incorrect
Incorrect
Incorrect
Incorrect
Incorrect
Incorrect
Incorrect
Incorrect
Incorrect
Incorrect
Incorrect
Incorrect
Incorrect
Incorrect
Incorrect
Incorrect
Incorrect
Incorrect
Incorrect
Incorrect
Incorrect
Incorrect
Incorrect
Incorrect
Incorrect
Incorrect
Incorrect
Incorrect
Incorrect
Incorrect
Incorrect
Incorrect
Incorrect
Incorrect
Incorrect
Incorrect
Incorrect
Incorrect
Incorrect
Incorrect
Incorrect
Incorrect
Incorrect
Incorrect
Incorrect
Incorrect
Incorrect
Incorrect
Incorrect
Incorrect
Incorrect
Incorrect
Incorrect
Incorrect
Incorrect
Incorrect
Incorrect
Incorrect
Incorrect
Incorrect
Incorrect
Correct
Incorrect
Incorrect
Incorrect
Incorrect
Incorrect
Incorrect
Incorrect
Incorrect
Incorrect
Incorrect
Incorrect
Incorrect
Incorrect
Incorrect
Incorrect
Incorrect
Incorrect
Incorrect
Incorrect
Correct
Incorrect
Incorrect
Correct
Incorrect
Incorrect
Incorrect
Incorrect
Incorrect
Incorrect
Incorrect
Incorrect
Incorrect
Incorrect
Incorrect
Incorrect
Incorrect
Incorrect
Incorrect
Incorrect
Incorrect
Incorrect
Incorrect
Incorrect
Incorrect
Incorrect
Incorrect
Incorrect
Incorrect
Incorrect
Incorrect
Incorrect
Incorrect
Incorrect
Incorrect
Incorrect
Incorrect
Incorrect
Incorrect
Incorrect
Incorrect
Incorrect
Incorrect
Incorrect
Incorrect
Incorrect
Incorrect
Incorrect
Incorrect
Incorrect
Incorrect
Incorrect
Incorrect
Incorrect
Incorrect
Incorrect
Incorrect
Incorrect
Incorrect
Incorrect
Incorrect
Incorrect
Incorrect
Incorrect
Incorrect
Incorrect
Incorrect
Incorrect
Incorrect
Incorrect
Incorrect
Incorrect
Incorrect
Incorrect
Incorrect
Incorrect
Incorrect
Incorrect
Incorrect
Incorrect
Incorrect
Correct
Incorrect
Incorrect
Incorrect
Incorrect
Incorrect
Incorrect
Incorrect
Incorrect
Incorrect
Incorrect
Incorrect
Incorrect
Correct
Incorrect
Incorrect
Incorrect
Incorrect
Incorrect
Incorrect
Incorrect
Incorrect
Incorrect
Incorrect
Incorrect
Incorrect
Incorrect
Incorrect
Incorrect
Incorrect
Incorrect
Incorrect
Incorrect
Incorrect
Incorrect
Incorrect
Incorrect
Incorrect
Incorrect
Incorrect
Incorrect
Incorrect
Incorrect
Incorrect
Incorrect
Incorrect
Incorrect
Incorrect
Incorrect
Incorrect
Incorrect
Incorrect
Incorrect
Incorrect
Incorrect
Incorrect
Incorrect
Incorrect
Incorrect
Incorrect
Incorrect
Incorrect
Incorrect
Incorrect
Incorrect
Incorrect
Incorrect
Incorrect
Incorrect
Incorrect
Incorrect
Incorrect
Incorrect
Incorrect
Incorrect
Incorrect
Incorrect
Incorrect
Incorrect
Incorrect
Incorrect
Incorrect
Incorrect
Incorrect
Incorrect
Incorrect
Incorrect
Incorrect
Incorrect
Incorrect
Incorrect
Incorrect
Incorrect
Incorrect
Incorrect
Incorrect
Incorrect
Incorrect
Incorrect
Incorrect
Incorrect
Incorrect
Incorrect
Incorrect
Incorrect
Incorrect
Incorrect
Incorrect
Incorrect
Incorrect
Incorrect
Incorrect
Incorrect
Incorrect
Incorrect
Incorrect
Incorrect
Incorrect
Incorrect
Incorrect
Incorrect
Incorrect
Incorrect
Incorrect
Incorrect
Incorrect
Incorrect
Incorrect
Incorrect
Incorrect
Incorrect
Incorrect
Incorrect
Incorrect
Incorrect
Incorrect
Incorrect
Incorrect
Incorrect
Incorrect
Incorrect
Incorrect
Incorrect
Incorrect
Incorrect
Incorrect
Incorrect
Incorrect
Incorrect
Incorrect
Incorrect
Incorrect
Incorrect
Incorrect
Incorrect
Incorrect
Incorrect
Incorrect
Incorrect
Incorrect
Incorrect
Incorrect
Incorrect
Incorrect
Incorrect
Incorrect
Incorrect
Incorrect
Incorrect
Incorrect
Correct
Incorrect
Incorrect
Incorrect
Incorrect
Incorrect
Incorrect
Incorrect
Incorrect
Incorrect
Incorrect
Incorrect
Incorrect
Incorrect
Incorrect
Incorrect
Incorrect
Incorrect
Incorrect
Incorrect
Incorrect
Incorrect
Incorrect
Incorrect
Incorrect
Incorrect
Incorrect
Incorrect
Incorrect
Incorrect
Incorrect
Incorrect
Incorrect
Incorrect
Incorrect
Incorrect
Incorrect
Incorrect
Incorrect
Incorrect
Incorrect
Incorrect
Incorrect
Incorrect
Incorrect
Incorrect
Incorrect
Incorrect
Incorrect
Incorrect
Incorrect
Incorrect
Incorrect
Incorrect
Incorrect
Incorrect
Incorrect
Incorrect
Incorrect
Incorrect
Incorrect
Incorrect
Incorrect
Incorrect
Incorrect
Incorrect
Incorrect
Incorrect
Incorrect
Incorrect
Incorrect
Incorrect
Incorrect
Incorrect
Incorrect
Incorrect
Incorrect
Incorrect
Incorrect
Incorrect
Incorrect
Incorrect
Incorrect
Incorrect
Incorrect
Incorrect
Incorrect
Incorrect
Incorrect
Incorrect
Incorrect
Incorrect
Incorrect
Incorrect
Incorrect
Incorrect
Incorrect
Incorrect
Incorrect
Incorrect
Incorrect
Incorrect
Incorrect
Incorrect
Incorrect
Incorrect
Incorrect
Incorrect
Incorrect
Incorrect
Incorrect
Incorrect
Incorrect
Incorrect
Incorrect
Incorrect
Incorrect
Incorrect
Incorrect
Incorrect
Incorrect
Incorrect
Incorrect
Incorrect
Incorrect
Incorrect
Incorrect
Incorrect
Incorrect
Incorrect
Incorrect
Incorrect
Incorrect
Incorrect
Incorrect
Incorrect
Incorrect
Incorrect
Incorrect
Incorrect
Incorrect
Incorrect
Incorrect
Incorrect
Incorrect
Incorrect
Incorrect
Incorrect
Incorrect
Incorrect
Incorrect
Incorrect
Incorrect
Incorrect
Incorrect
Incorrect
Incorrect
Incorrect
Incorrect
Incorrect
Incorrect
Incorrect
Incorrect
Incorrect
Incorrect
Incorrect
Incorrect
Incorrect
Incorrect
Incorrect
Incorrect
Incorrect
Incorrect
Incorrect
Incorrect
Incorrect
Incorrect
Incorrect
Incorrect
Incorrect
Incorrect
Incorrect
Incorrect
Incorrect
Incorrect
Incorrect
Incorrect
Incorrect
Incorrect
Incorrect
Incorrect
Incorrect
Incorrect
Incorrect
Incorrect
Incorrect
Incorrect
Incorrect
Incorrect
Incorrect
Incorrect
Incorrect
Incorrect
Incorrect
Incorrect
Incorrect
Incorrect
Incorrect
Incorrect
Incorrect
Incorrect
Incorrect
Incorrect
Incorrect
Incorrect
Incorrect
Incorrect
Incorrect
Incorrect
Incorrect
Incorrect
Incorrect
Incorrect
Incorrect
Incorrect
Incorrect
Incorrect
Incorrect
Incorrect
Incorrect
Incorrect
Incorrect
Correct
Incorrect
Incorrect
Incorrect
Incorrect
Incorrect
Incorrect
Incorrect
Incorrect
Incorrect
Incorrect
Incorrect
Incorrect
Incorrect
Incorrect
Incorrect
Incorrect
Incorrect
Incorrect
Incorrect
Incorrect
Incorrect
Incorrect
Incorrect
Incorrect
Incorrect
Incorrect
Incorrect
Incorrect
Incorrect
Incorrect
Incorrect
Incorrect
Incorrect
Incorrect
Incorrect
Incorrect
Incorrect
Incorrect
Incorrect
Incorrect
Incorrect
Incorrect
Incorrect
Incorrect
Incorrect
Incorrect
Incorrect
Incorrect
Incorrect
Incorrect
Incorrect
Incorrect
Correct
Incorrect
Incorrect
Incorrect
Incorrect
Incorrect
Incorrect
Incorrect
Incorrect
Incorrect
Incorrect
Incorrect
Incorrect
Incorrect
Incorrect
Incorrect
Incorrect
Incorrect
Incorrect
Incorrect
Incorrect
Incorrect
Incorrect
Incorrect
Incorrect
Incorrect
Incorrect
Incorrect
Incorrect
Incorrect
Incorrect
Incorrect
Incorrect
Incorrect
Incorrect
Incorrect
Incorrect
Incorrect
Incorrect
Incorrect
Incorrect
Incorrect
Incorrect
Incorrect
Incorrect
Incorrect
Incorrect
Incorrect
Incorrect
Incorrect
Incorrect
Incorrect
Incorrect
Incorrect
Incorrect
Incorrect
Incorrect
Incorrect
Incorrect
Incorrect
Incorrect
Incorrect
Incorrect
Incorrect
Incorrect
Incorrect
Incorrect
Incorrect
Incorrect
Incorrect
Incorrect
Incorrect
Incorrect
Incorrect
Incorrect
Incorrect
Incorrect
Incorrect
Incorrect
Incorrect
Incorrect
Incorrect
Incorrect
Incorrect
Incorrect
Incorrect
Incorrect
Incorrect
Incorrect
Incorrect
Incorrect
Incorrect
Incorrect
Incorrect
Correct
Incorrect
Incorrect
Incorrect
Incorrect
Incorrect
Incorrect
Incorrect
Incorrect
Incorrect
Incorrect
Incorrect
Incorrect
Incorrect
Incorrect
Incorrect
Incorrect
Incorrect
Incorrect
Incorrect
Incorrect
Incorrect
Incorrect
Incorrect
Incorrect
Incorrect
Incorrect
Incorrect
Incorrect
Incorrect
Incorrect
Incorrect
Incorrect
Incorrect
Incorrect
Incorrect
Incorrect
Incorrect
Incorrect
Incorrect
Incorrect
Incorrect
Incorrect
Incorrect
Incorrect
Incorrect
Incorrect
Incorrect
Incorrect
Incorrect
Incorrect
Incorrect
Incorrect
Incorrect
Incorrect
Incorrect
Incorrect
Incorrect
Incorrect
Incorrect
Incorrect
Incorrect
Incorrect
Incorrect
Incorrect
Incorrect
Incorrect
Incorrect
Incorrect
Incorrect
Incorrect
Incorrect
Incorrect
Incorrect
Incorrect
Incorrect
Incorrect
Incorrect
Incorrect
Incorrect
Incorrect
Incorrect
Incorrect
Incorrect
Incorrect
Incorrect
Incorrect
Incorrect
Incorrect
Incorrect
Incorrect
Incorrect
Incorrect
Incorrect
Incorrect
Incorrect
Incorrect
Correct
Incorrect
Incorrect
Incorrect
Incorrect
Incorrect
Incorrect
Incorrect
Incorrect
Incorrect
Incorrect
Incorrect
Incorrect
Incorrect
Incorrect
Incorrect
Incorrect
Incorrect
Incorrect
Incorrect
Incorrect
Incorrect
Incorrect
Incorrect
Incorrect
Incorrect
Incorrect
Incorrect
Incorrect
Incorrect
Correct
Incorrect
Incorrect
Incorrect
Incorrect
Incorrect
Incorrect
Incorrect
Correct
Incorrect
Incorrect
Incorrect
Incorrect
Incorrect
Incorrect
Incorrect
Incorrect
Incorrect
Incorrect
Incorrect
Incorrect
Incorrect
Incorrect
Incorrect
Incorrect
Incorrect
Incorrect
Incorrect
Incorrect
Incorrect
Incorrect
Incorrect
Incorrect
Incorrect
Incorrect
Incorrect
Incorrect
Incorrect
Incorrect
Incorrect
Incorrect
Incorrect
Incorrect
Incorrect
Incorrect
Incorrect
Incorrect
Incorrect
Incorrect
Incorrect
Incorrect
Incorrect
Incorrect
Incorrect
Incorrect
Incorrect
Incorrect
Incorrect
Incorrect
Incorrect
Incorrect
Incorrect
Incorrect
Incorrect
Incorrect
Incorrect
Incorrect
Incorrect
Incorrect
Incorrect
Incorrect
Incorrect
Incorrect
Incorrect
Incorrect
Incorrect
Incorrect
Incorrect
Incorrect
Incorrect
Incorrect
Incorrect
Incorrect
Incorrect
Incorrect
Incorrect
Incorrect
Incorrect
Incorrect
Incorrect
Incorrect
Incorrect
Incorrect
Incorrect
Incorrect
Incorrect
Incorrect
Incorrect
Incorrect
Incorrect
Incorrect
Incorrect
Incorrect
Incorrect
Incorrect
Incorrect
Incorrect
Incorrect
Incorrect
Incorrect
Incorrect
Incorrect
Incorrect
Incorrect
Incorrect
Incorrect
Incorrect
Incorrect
Incorrect
Incorrect
Incorrect
Incorrect
Incorrect
Incorrect
Incorrect
Incorrect
Incorrect
Incorrect
Incorrect
Incorrect
Incorrect
Incorrect
Incorrect
Incorrect
Incorrect
Incorrect
Incorrect
Incorrect
Incorrect
Incorrect
Incorrect
Incorrect
Incorrect
Incorrect
Incorrect
Incorrect
Incorrect
Incorrect
Incorrect
Incorrect
Incorrect
Incorrect
Incorrect
Incorrect
Incorrect
Incorrect
Incorrect
Incorrect
Incorrect
Incorrect
Incorrect
Incorrect
Incorrect
Incorrect
Incorrect
Incorrect
Incorrect
Incorrect
Incorrect
Incorrect
Incorrect
Incorrect
Incorrect
Incorrect
Incorrect
Incorrect
Incorrect
Incorrect
Incorrect
Incorrect
Incorrect
Incorrect
Incorrect
Incorrect
Incorrect
Incorrect
Incorrect
Incorrect
Incorrect
Incorrect
Incorrect
Incorrect
Incorrect
Incorrect
Incorrect
Correct
Incorrect
Incorrect
Incorrect
Incorrect
Incorrect
Incorrect
Incorrect
Incorrect
Incorrect
Incorrect
Incorrect
Incorrect
Incorrect
Incorrect
Incorrect
Incorrect
Incorrect
Incorrect
Incorrect
Incorrect
Incorrect
Incorrect
Incorrect
Incorrect
Incorrect
Incorrect
Incorrect
Incorrect
Incorrect
Incorrect
Incorrect
Incorrect
Incorrect
Incorrect
Incorrect
Incorrect
Incorrect
Incorrect
Incorrect
Incorrect
Incorrect
Incorrect
Incorrect
Incorrect
Incorrect
Incorrect
Incorrect
Incorrect
Incorrect
Incorrect
Incorrect
Incorrect
Incorrect
Incorrect
Incorrect
Incorrect
Incorrect
Incorrect
Incorrect
Incorrect
Incorrect
Incorrect
Incorrect
Incorrect
Incorrect
Incorrect
Incorrect
Incorrect
Incorrect
Incorrect
Incorrect
Incorrect
Incorrect
Incorrect
Incorrect
Incorrect
Incorrect
Incorrect
Incorrect
Incorrect
Incorrect
Incorrect
Incorrect
Incorrect
Incorrect
Incorrect
Incorrect
Incorrect
Incorrect
Incorrect
Incorrect
Incorrect
Incorrect
Incorrect
Incorrect
Incorrect
Incorrect
Incorrect
Incorrect
Incorrect
Incorrect
Incorrect
Incorrect
Incorrect
Incorrect
Incorrect
Incorrect
Incorrect
Incorrect
Incorrect
Incorrect
Incorrect
Incorrect
Incorrect
Incorrect
Incorrect
Incorrect
Incorrect
Incorrect
Incorrect
Correct
Incorrect
Incorrect
Incorrect
Incorrect
Incorrect
Incorrect
Incorrect
Incorrect
Incorrect
Incorrect
Incorrect
Incorrect
Incorrect
Incorrect
Incorrect
Incorrect
Incorrect
Incorrect
Incorrect
Incorrect
Incorrect
Incorrect
Incorrect
Incorrect
Incorrect
Incorrect
Incorrect
Incorrect
Incorrect
Incorrect
Incorrect
Incorrect
Incorrect
Incorrect
Incorrect
Incorrect
Correct
Incorrect
Incorrect
Incorrect
Incorrect
Incorrect
Incorrect
Incorrect
Incorrect
Incorrect
Incorrect
Incorrect
Incorrect
Incorrect
Incorrect
Incorrect
Incorrect
Incorrect
Incorrect
Incorrect
Incorrect
Incorrect
Incorrect
Incorrect
Correct
Incorrect
Incorrect
Incorrect
Incorrect
Incorrect
Incorrect
Incorrect
Incorrect
Incorrect
Incorrect
Incorrect
Incorrect
Incorrect
Incorrect
Incorrect
Incorrect
Incorrect
Incorrect
Incorrect
Incorrect
Incorrect
Incorrect
Incorrect
Incorrect
Incorrect
Incorrect
Incorrect
Incorrect
Incorrect
Incorrect
Incorrect
Incorrect
Incorrect
Incorrect
Incorrect
Incorrect
Incorrect
Incorrect
Incorrect
Incorrect
Incorrect
Incorrect
Incorrect
Incorrect
Incorrect
Incorrect
Incorrect
Incorrect
Incorrect
Incorrect
Incorrect
Incorrect
Incorrect
Correct
Incorrect
Incorrect
Incorrect
Incorrect
Incorrect
Incorrect
Incorrect
Incorrect
Incorrect
Incorrect
Incorrect
Incorrect
Incorrect
Incorrect
Incorrect
Incorrect
Incorrect
Incorrect
Incorrect
Incorrect
Incorrect
Incorrect
Incorrect
Incorrect
Incorrect
Correct
Incorrect
Incorrect
Incorrect
Incorrect
Incorrect
Incorrect
Incorrect
Incorrect
Incorrect
Incorrect
Incorrect
Incorrect
Incorrect
Incorrect
Incorrect
Incorrect
Incorrect
Incorrect
Incorrect
Incorrect
Incorrect
Incorrect
Incorrect
Incorrect
Incorrect
Incorrect
Incorrect
Incorrect
Incorrect
Incorrect
Incorrect
Incorrect
Incorrect
Incorrect
Incorrect
Incorrect
Incorrect
Incorrect
Incorrect
Incorrect
Incorrect
Incorrect
Incorrect
Incorrect
Incorrect
Incorrect
Incorrect
Incorrect
Incorrect
Incorrect
Incorrect
Incorrect
Incorrect
Incorrect
Incorrect
Incorrect
Incorrect
Incorrect
Incorrect
Incorrect
Incorrect
Incorrect
Incorrect
Incorrect
Incorrect
Incorrect
Incorrect
Incorrect
Incorrect
Incorrect
Incorrect
Incorrect
Incorrect
Incorrect
Incorrect
Incorrect
Incorrect
Incorrect
Incorrect
Incorrect
Incorrect
Incorrect
Incorrect
Incorrect
Incorrect
Incorrect
Incorrect
Incorrect
Incorrect
Incorrect
Incorrect
Incorrect
Incorrect
Incorrect
Incorrect
Incorrect
Incorrect
Incorrect
Incorrect
Incorrect
Incorrect
Incorrect
Incorrect
Incorrect
Incorrect
Incorrect
Incorrect
Incorrect
Incorrect
Incorrect
Incorrect
Incorrect
Incorrect
Incorrect
Incorrect
Incorrect
Incorrect
Incorrect
Incorrect
Incorrect
Incorrect
Incorrect
Incorrect
Incorrect
Incorrect
Incorrect
Incorrect
Incorrect
Incorrect
Incorrect
Correct
Incorrect
Incorrect
Incorrect
Incorrect
Incorrect
Incorrect
Incorrect
Incorrect
Incorrect
Incorrect
Incorrect
Incorrect
Incorrect
Incorrect
Incorrect
Incorrect
Incorrect
Incorrect
Incorrect
Incorrect
Incorrect
Incorrect
Incorrect
Incorrect
Incorrect
Incorrect
Incorrect
Incorrect
Incorrect
Incorrect
Incorrect
Incorrect
Incorrect
Incorrect
Incorrect
Incorrect
Incorrect
Incorrect
Incorrect
Incorrect
Incorrect
Incorrect
Incorrect
Incorrect
Incorrect
Incorrect
Incorrect
Incorrect
Incorrect
Incorrect
Incorrect
Incorrect
Incorrect
Incorrect
Incorrect
Incorrect
Incorrect
Incorrect
Incorrect
Incorrect
Incorrect
Incorrect
Incorrect
Incorrect
Incorrect
Incorrect
Incorrect
Incorrect
Incorrect
Incorrect
Incorrect
Incorrect
Incorrect
Incorrect
Incorrect
Incorrect
Incorrect
Incorrect
Incorrect
Incorrect
Incorrect
Incorrect
Incorrect
Incorrect
Incorrect
Incorrect
Incorrect
Incorrect
Incorrect
Incorrect
Incorrect
Incorrect
Incorrect
Incorrect
Incorrect
Incorrect
Incorrect
Incorrect
Incorrect
Incorrect
Incorrect
Incorrect
Incorrect
Incorrect
Incorrect
Incorrect
Incorrect
Incorrect
Correct
Incorrect
Incorrect
Incorrect
Incorrect
Incorrect
Incorrect
Incorrect
Incorrect
Incorrect
Incorrect
Incorrect
Incorrect
Incorrect
Incorrect
Incorrect
Incorrect
Incorrect
Incorrect
Incorrect
Incorrect
Incorrect
Incorrect
Incorrect
Incorrect
Incorrect
Incorrect
Incorrect
Incorrect
Incorrect
Incorrect
Incorrect
Incorrect
Incorrect
Incorrect
Incorrect
Incorrect
Incorrect
Incorrect
Incorrect
Incorrect
Incorrect
Incorrect
Incorrect
Incorrect
Incorrect
Incorrect
Incorrect
Incorrect
Incorrect
Incorrect
Incorrect
Incorrect
Incorrect
Incorrect
Incorrect
Incorrect
Incorrect
Incorrect
Incorrect
Incorrect
Incorrect
Incorrect
Incorrect
Incorrect
Incorrect
Incorrect
Incorrect
Incorrect
Incorrect
Incorrect
Incorrect
Incorrect
Incorrect
Incorrect
Incorrect
Incorrect
Incorrect
Incorrect
Incorrect
Incorrect
Incorrect
Incorrect
Incorrect
Incorrect
Incorrect
Incorrect
Incorrect
Incorrect
Incorrect
Incorrect
Incorrect
Incorrect
Incorrect
Incorrect
Incorrect
Incorrect
Incorrect
Incorrect
Incorrect
Incorrect
Incorrect
Incorrect
Incorrect
Incorrect
Incorrect
Incorrect
Incorrect
Incorrect
Incorrect
Incorrect
Incorrect
Incorrect
Incorrect
Incorrect
Incorrect
Incorrect
Incorrect
Incorrect
Incorrect
Incorrect
Incorrect
Incorrect
Incorrect
Incorrect
Incorrect
Incorrect
Incorrect
Incorrect
Incorrect
Incorrect
Incorrect
Incorrect
Incorrect
Incorrect
Incorrect
Incorrect
Incorrect
Incorrect
Incorrect
Incorrect
Incorrect
Incorrect
Incorrect
Incorrect
Incorrect
Incorrect
Incorrect
Incorrect
Incorrect
Incorrect
Incorrect
Incorrect
Incorrect
Incorrect
Incorrect
Incorrect
Incorrect
Incorrect
Incorrect
Incorrect
Incorrect
Incorrect
Incorrect
Incorrect
Incorrect
Incorrect
Incorrect
Incorrect
Incorrect
Incorrect
Incorrect
Incorrect
Incorrect
Incorrect
Incorrect
Incorrect
Incorrect
Incorrect
Incorrect
Incorrect
Incorrect
Incorrect
Incorrect
Incorrect
Incorrect
Incorrect
Incorrect
Incorrect
Incorrect
Incorrect
Incorrect
Incorrect
Incorrect
Incorrect
Incorrect
Incorrect
Incorrect
Incorrect
Incorrect
Incorrect
Incorrect
Incorrect
Incorrect
Incorrect
Incorrect
Incorrect
Incorrect
Incorrect
Incorrect
Incorrect
Incorrect
Incorrect
Incorrect
Incorrect
Incorrect
Incorrect
Incorrect
Incorrect
Incorrect
Incorrect
Incorrect
Incorrect
Incorrect
Incorrect
Incorrect
Incorrect
Incorrect
Incorrect
Incorrect
Incorrect
Incorrect
Incorrect
Incorrect
Incorrect
Incorrect
Incorrect
Incorrect
Incorrect
Incorrect
Incorrect
Incorrect
Incorrect
Incorrect
Incorrect
Incorrect
Incorrect
Incorrect
Incorrect
Incorrect
Incorrect
Correct
Incorrect
Incorrect
Incorrect
Incorrect
Incorrect
Incorrect
Incorrect
Incorrect
Incorrect
Incorrect
Incorrect
Incorrect
Incorrect
Incorrect
Incorrect
Incorrect
Incorrect
Incorrect
Incorrect
Incorrect
Incorrect
Incorrect
Incorrect
Incorrect
Incorrect
Incorrect
Incorrect
Incorrect
Incorrect
Incorrect
Incorrect
Incorrect
Incorrect
Incorrect
Incorrect
Incorrect
Incorrect
Incorrect
Incorrect
Incorrect
Incorrect
Incorrect
Incorrect
Incorrect
Incorrect
Incorrect
Incorrect
Incorrect
Incorrect
Incorrect
Incorrect
Incorrect
Incorrect
Incorrect
Incorrect
Incorrect
Incorrect
Incorrect
Incorrect
Incorrect
Incorrect
Incorrect
Incorrect
Incorrect
Incorrect
Incorrect
Incorrect
Incorrect
Incorrect
Incorrect
Incorrect
Incorrect
Incorrect
Incorrect
Incorrect
Incorrect
Incorrect
Incorrect
Incorrect
Incorrect
Incorrect
Incorrect
Incorrect
Incorrect
Incorrect
Incorrect
Incorrect
Incorrect
Incorrect
Incorrect
Incorrect
Incorrect
Incorrect
Incorrect
Incorrect
Incorrect
Incorrect
Incorrect
Incorrect
Incorrect
Incorrect
Incorrect
Incorrect
Incorrect
Incorrect
Incorrect
Incorrect
Incorrect
Incorrect
Incorrect
Incorrect
Incorrect
Incorrect
Incorrect
Incorrect
Incorrect
Incorrect
Correct
Incorrect
Incorrect
Incorrect
Incorrect
Incorrect
Incorrect
Incorrect
Incorrect
Incorrect
Incorrect
Incorrect
Incorrect
Incorrect
Incorrect
Incorrect
Incorrect
Incorrect
Incorrect
Incorrect
Incorrect
Incorrect
Incorrect
Incorrect
Incorrect
Incorrect
Incorrect
Incorrect
Incorrect
Incorrect
Incorrect
Incorrect
Incorrect
Incorrect
Incorrect
Incorrect
Incorrect
Incorrect
Incorrect
Incorrect
Incorrect
Incorrect
Incorrect
Incorrect
Incorrect
Incorrect
Incorrect
Incorrect
Incorrect
Incorrect
Incorrect
Incorrect
Incorrect
Incorrect
Incorrect
Incorrect
Correct
Incorrect
Incorrect
Incorrect
Incorrect
Incorrect
Incorrect
Incorrect
Incorrect
Incorrect
Incorrect
Incorrect
Incorrect
Incorrect
Incorrect
Incorrect
Incorrect
Incorrect
Incorrect
Incorrect
Incorrect
Incorrect
Incorrect
Incorrect
Incorrect
Incorrect
Incorrect
Incorrect
Incorrect
Incorrect
Incorrect
Incorrect
Incorrect
Incorrect
Incorrect
Incorrect
Incorrect
Incorrect
Incorrect
Incorrect
Incorrect
Incorrect
Incorrect
Incorrect
Incorrect
Incorrect
Incorrect
Incorrect
Incorrect
Incorrect
Incorrect
Incorrect
Incorrect
Incorrect
Incorrect
Incorrect
Incorrect
Incorrect
Incorrect
Incorrect
Incorrect
Incorrect
Incorrect
Incorrect
Incorrect
Incorrect
Incorrect
Incorrect
Incorrect
Incorrect
Incorrect
Incorrect
Incorrect
Incorrect
Incorrect
Incorrect
Incorrect
Incorrect
Incorrect
Incorrect
Incorrect
Incorrect
Incorrect
Incorrect
Incorrect
Incorrect
Incorrect
Incorrect
Incorrect
Incorrect
Incorrect
Incorrect
Incorrect
Incorrect
Incorrect
Incorrect
Incorrect
Incorrect
Incorrect
Incorrect
Incorrect
Incorrect
Incorrect
Incorrect
Incorrect
Incorrect
Incorrect
Incorrect
Incorrect
Incorrect
Incorrect
Incorrect
Incorrect
Incorrect
Incorrect
Incorrect
Incorrect
Incorrect
Incorrect
Incorrect
Incorrect
Incorrect
Incorrect
Incorrect
Incorrect
Incorrect
Incorrect
Incorrect
Incorrect
Incorrect
Incorrect
Incorrect
Incorrect
Incorrect
Incorrect
Incorrect
Incorrect
Incorrect
Incorrect
Incorrect
Incorrect
Incorrect
Incorrect
Incorrect
Incorrect
Incorrect
Incorrect
Incorrect
Incorrect
Incorrect
Incorrect
Incorrect
Incorrect
Incorrect
Incorrect
Incorrect
Incorrect
Incorrect
Incorrect
Incorrect
Incorrect
Incorrect
Incorrect
Incorrect
Incorrect
Incorrect
Incorrect
Incorrect
Incorrect
Incorrect
Incorrect
Incorrect
Incorrect
Incorrect
Incorrect
Incorrect
Incorrect
Incorrect
Incorrect
Incorrect
Incorrect
Incorrect
Correct
Incorrect
Incorrect
Incorrect
Incorrect
Incorrect
Incorrect
Incorrect
Incorrect
Incorrect
Incorrect
Incorrect
Incorrect
Incorrect
Incorrect
Incorrect
Incorrect
Incorrect
Incorrect
Incorrect
Incorrect
Incorrect
Incorrect
Incorrect
Incorrect
Incorrect
Incorrect
Incorrect
Incorrect
Incorrect
Incorrect
Incorrect
Incorrect
Incorrect
Incorrect
Incorrect
Incorrect
Incorrect
Incorrect
Incorrect
Incorrect
Incorrect
Incorrect
Incorrect
Incorrect
Incorrect
Incorrect
Incorrect
Incorrect
Incorrect
Incorrect
Incorrect
Incorrect
Incorrect
Incorrect
Incorrect
Incorrect
Incorrect
Incorrect
Incorrect
Incorrect
Incorrect
Incorrect
Incorrect
Incorrect
Incorrect
Incorrect
Incorrect
Incorrect
Incorrect
Incorrect
Incorrect
Incorrect
Incorrect
Incorrect
Incorrect
Incorrect
Incorrect
Incorrect
Incorrect
Incorrect
Incorrect
Incorrect
Incorrect
Incorrect
Incorrect
Incorrect
Incorrect
Incorrect
Incorrect
Incorrect
Incorrect
Incorrect
Incorrect
Incorrect
Incorrect
Incorrect
Incorrect
Incorrect
Incorrect
Incorrect
Incorrect
Incorrect
Incorrect
Incorrect
Incorrect
Incorrect
Incorrect
Incorrect
Incorrect
Incorrect
Incorrect
Incorrect
Incorrect
Incorrect
Incorrect
Incorrect
Incorrect
Incorrect
Incorrect
Incorrect
Incorrect
Incorrect
Incorrect
Incorrect
Incorrect
Incorrect
Incorrect
Incorrect
Incorrect
Incorrect
Incorrect
Incorrect
Incorrect
Incorrect
Incorrect
Incorrect
Incorrect
Incorrect
Incorrect
Incorrect
Incorrect
Incorrect
Incorrect
Incorrect
Incorrect
Incorrect
Incorrect
Incorrect
Incorrect
Incorrect
Incorrect
Incorrect
Incorrect
Incorrect
Incorrect
Incorrect
Incorrect
Incorrect
Incorrect
Incorrect
Incorrect
Incorrect
Incorrect
Incorrect
Incorrect
Incorrect
Incorrect
Incorrect
Incorrect
Incorrect
Incorrect
Incorrect
Incorrect
Incorrect
Incorrect
Incorrect
Incorrect
Incorrect
Incorrect
Incorrect
Incorrect
Incorrect
Incorrect
Incorrect
Incorrect
Incorrect
Incorrect
Incorrect
Incorrect
Incorrect
Incorrect
Incorrect
Incorrect
Incorrect
Incorrect
Incorrect
Incorrect
Incorrect
Incorrect
Incorrect
Incorrect
Incorrect
Incorrect
Incorrect
Incorrect
Incorrect
Incorrect
Incorrect
Incorrect
Incorrect
Incorrect
Incorrect
Incorrect
Incorrect
Incorrect
Incorrect
Incorrect
Incorrect
Incorrect
Correct
Incorrect
Incorrect
Incorrect
Incorrect
Incorrect
Incorrect
Incorrect
Incorrect
Incorrect
Correct
Incorrect
Incorrect
Incorrect
Incorrect
Incorrect
Incorrect
Incorrect
Incorrect
Incorrect
Incorrect
Incorrect
Incorrect
Incorrect
Incorrect
Incorrect
Incorrect
Incorrect
Incorrect
Incorrect
Incorrect
Incorrect
Incorrect
Incorrect
Incorrect
Incorrect
Incorrect
Incorrect
Incorrect
Incorrect
Incorrect
Incorrect
Incorrect
Incorrect
Incorrect
Incorrect
Incorrect
Incorrect
Incorrect
Incorrect
Incorrect
Incorrect
Incorrect
Incorrect
Incorrect
Incorrect
Incorrect
Correct
Incorrect
Incorrect
Incorrect
Incorrect
Incorrect
Incorrect
Incorrect
Incorrect
Incorrect
Incorrect
Incorrect
Incorrect
Incorrect
Incorrect
Incorrect
Incorrect
Incorrect
Incorrect
Incorrect
Incorrect
Incorrect
Incorrect
Incorrect
Incorrect
Incorrect
Incorrect
Incorrect
Incorrect
Incorrect
Incorrect
Incorrect
Incorrect
Incorrect
Incorrect
Incorrect
Incorrect
Incorrect
Incorrect
Incorrect
Incorrect
Incorrect
Incorrect
Incorrect
Incorrect
Incorrect
Incorrect
Incorrect
Incorrect
Incorrect
Incorrect
Incorrect
Incorrect
Incorrect
Incorrect
Incorrect
Incorrect
Incorrect
Incorrect
Incorrect
Incorrect
Incorrect
Incorrect
Incorrect
Incorrect
Incorrect
Incorrect
Incorrect
Incorrect
Incorrect
Incorrect
Incorrect
Incorrect
Incorrect
Incorrect
Incorrect
Incorrect
Incorrect
Incorrect
Incorrect
Incorrect
Incorrect
Incorrect
Incorrect
Incorrect
Incorrect
Incorrect
Incorrect
Incorrect
Incorrect
Incorrect
Incorrect
Incorrect
Incorrect
Incorrect
Incorrect
Incorrect
Incorrect
Incorrect
Incorrect
Incorrect
Incorrect
Incorrect
Incorrect
Incorrect
Incorrect
Incorrect
Incorrect
Incorrect
Incorrect
Incorrect
Incorrect
Incorrect
Incorrect
Incorrect
Incorrect
Incorrect
Incorrect
Incorrect
Incorrect
Incorrect
Incorrect
Incorrect
Incorrect
Incorrect
Incorrect
Incorrect
Incorrect
Incorrect
Incorrect
Incorrect
Incorrect
Incorrect
Incorrect
Incorrect
Incorrect
Incorrect
Incorrect
Incorrect
Incorrect
Incorrect
Incorrect
Incorrect
Incorrect
Incorrect
Incorrect
Incorrect
Incorrect
Incorrect
Incorrect
Incorrect
Incorrect
Incorrect
Incorrect
Incorrect
Incorrect
Incorrect
Incorrect
Incorrect
Incorrect
Incorrect
Incorrect
Incorrect
Incorrect
Incorrect
Incorrect
Incorrect
Incorrect
Incorrect
Incorrect
Incorrect
Incorrect
Incorrect
Incorrect
Incorrect
Incorrect
Incorrect
Incorrect
Incorrect
Incorrect
Incorrect
Incorrect
Incorrect
Incorrect
Incorrect
Incorrect
Incorrect
Incorrect
Incorrect
Incorrect
Incorrect
Incorrect
Incorrect
Incorrect
Incorrect
Incorrect
Incorrect
Incorrect
Incorrect
Incorrect
Incorrect
Incorrect
Incorrect
Incorrect
Incorrect
Incorrect
Incorrect
Incorrect
Incorrect
Incorrect
Incorrect
Incorrect
Incorrect
Incorrect
Incorrect
Incorrect
Incorrect
Incorrect
Incorrect
Incorrect
Incorrect
Incorrect
Incorrect
Incorrect
Incorrect
Incorrect
Incorrect
Incorrect
Incorrect
Incorrect
Incorrect
Incorrect
Incorrect
Incorrect
Incorrect
Incorrect
Incorrect
Incorrect
Incorrect
Incorrect
Incorrect
Incorrect
Incorrect
Incorrect
Incorrect
Incorrect
Incorrect
Incorrect
Incorrect
Incorrect
Incorrect
Incorrect
Incorrect
Incorrect
Incorrect
Incorrect
Incorrect
Incorrect
Incorrect
Incorrect
Incorrect
Incorrect
Incorrect
Incorrect
Incorrect
Incorrect
Incorrect
Incorrect
Incorrect
Incorrect
Incorrect
Incorrect
Incorrect
Incorrect
Incorrect
Incorrect
Incorrect
Incorrect
Incorrect
Incorrect
Incorrect
Incorrect
Incorrect
Incorrect
Incorrect
Incorrect
Incorrect
Incorrect
Incorrect
Incorrect
Incorrect
Incorrect
Incorrect
Incorrect
Incorrect
Incorrect
Incorrect
Incorrect
Incorrect
Incorrect
Incorrect
Incorrect
Incorrect
Incorrect
Incorrect
Incorrect
Incorrect
Incorrect
Incorrect
Incorrect
Incorrect
Incorrect
Incorrect
Incorrect
Incorrect
Incorrect
Incorrect
Incorrect
Incorrect
Incorrect
Incorrect
Incorrect
Incorrect
Incorrect
Incorrect
Incorrect
Incorrect
Incorrect
Incorrect
Incorrect
Incorrect
Incorrect
Incorrect
Incorrect
Incorrect
Incorrect
Incorrect
Incorrect
Incorrect
Incorrect
Incorrect
Incorrect
Incorrect
Incorrect
Incorrect
Incorrect
Incorrect
Incorrect
Incorrect
Incorrect
Incorrect
Incorrect
Incorrect
Incorrect
Incorrect
Incorrect
Incorrect
Incorrect
Incorrect
Incorrect
Incorrect
Incorrect
Incorrect
Incorrect
Incorrect
Incorrect
Incorrect
Incorrect
Incorrect
Incorrect
Incorrect
Incorrect
Incorrect
Incorrect
Incorrect
Incorrect
Incorrect
Incorrect
Incorrect
Incorrect
Incorrect
Incorrect
Incorrect
Incorrect
Incorrect
Incorrect
Incorrect
Incorrect
Incorrect
Incorrect
Incorrect
Incorrect
Incorrect
Incorrect
Incorrect
Incorrect
Incorrect
Incorrect
Incorrect
Incorrect
Incorrect
Incorrect
Incorrect
Incorrect
Incorrect
Incorrect
Incorrect
Incorrect
Incorrect
Incorrect
Incorrect
Incorrect
Incorrect
Incorrect
Incorrect
Incorrect
Incorrect
Incorrect
Incorrect
Incorrect
Incorrect
Incorrect
Incorrect
Incorrect
Incorrect
Incorrect
Incorrect
Incorrect
Incorrect
Incorrect
Incorrect
Incorrect
Incorrect
Incorrect
Incorrect
Incorrect
Incorrect
Incorrect
Incorrect
Incorrect
Incorrect
Incorrect
Incorrect
Incorrect
Incorrect
Incorrect
Incorrect
Incorrect
Incorrect
Incorrect
Incorrect
Incorrect
Incorrect
Incorrect
Incorrect
Incorrect
Incorrect
Incorrect
Incorrect
Incorrect
Incorrect
Incorrect
Incorrect
Incorrect
Incorrect
Incorrect
Incorrect
Incorrect
Incorrect
Incorrect
Correct
Incorrect
Incorrect
Incorrect
Incorrect
Incorrect
Incorrect
Incorrect
Incorrect
Incorrect
Incorrect
Incorrect
Incorrect
Incorrect
Incorrect
Incorrect
Incorrect
Incorrect
Incorrect
Incorrect
Incorrect
Incorrect
Incorrect
Incorrect
Incorrect
Incorrect
Incorrect
Incorrect
Incorrect
Incorrect
Incorrect
Incorrect
Incorrect
Incorrect
Incorrect
Incorrect
Incorrect
Incorrect
Incorrect
Incorrect
Incorrect
Incorrect
Incorrect
Incorrect
Incorrect
Incorrect
Incorrect
Incorrect
Incorrect
Incorrect
Incorrect
Incorrect
Incorrect
Incorrect
Incorrect
Incorrect
Incorrect
Incorrect
Incorrect
Incorrect
Incorrect
Incorrect
Incorrect
Incorrect
Incorrect
Incorrect
Incorrect
Incorrect
Incorrect
Incorrect
Incorrect
Incorrect
Incorrect
Incorrect
Incorrect
Incorrect
Incorrect
Incorrect
Incorrect
Incorrect
Incorrect
Incorrect
Incorrect
Incorrect
Incorrect
Incorrect
Incorrect
Incorrect
Incorrect
Incorrect
Incorrect
Incorrect
Incorrect
Incorrect
Incorrect
Incorrect
Incorrect
Incorrect
Incorrect
Incorrect
Incorrect
Incorrect
Incorrect
Incorrect
Incorrect
Incorrect
Incorrect
Incorrect
Incorrect
Incorrect
Incorrect
Incorrect
Incorrect
Incorrect
Incorrect
Incorrect
Incorrect
Incorrect
Incorrect
Incorrect
Incorrect
Incorrect
Incorrect
Incorrect
Incorrect
Incorrect
Incorrect
Incorrect
Incorrect
Incorrect
Incorrect
Incorrect
Incorrect
Incorrect
Incorrect
Incorrect
Incorrect
Incorrect
Incorrect
Incorrect
Incorrect
Incorrect
Incorrect
Incorrect
Incorrect
Incorrect
Incorrect
Incorrect
Incorrect
Incorrect
Incorrect
Incorrect
Incorrect
Incorrect
Incorrect
Incorrect
Incorrect
Incorrect
Incorrect
Incorrect
Incorrect
Incorrect
Incorrect
Incorrect
Incorrect
Incorrect
Incorrect
Incorrect
Incorrect
Incorrect
Incorrect
Incorrect
Incorrect
Incorrect
Incorrect
Incorrect
Incorrect
Incorrect
Incorrect
Incorrect
Incorrect
Incorrect
Incorrect
Incorrect
Incorrect
Incorrect
Incorrect
Incorrect
Incorrect
Incorrect
Incorrect
Incorrect
Incorrect
Incorrect
Incorrect
Incorrect
Incorrect
Incorrect
Incorrect
Incorrect
Incorrect
Incorrect
Incorrect
Incorrect
Incorrect
Incorrect
Incorrect
Incorrect
Incorrect
Incorrect
Incorrect
Incorrect
Incorrect
Incorrect
Incorrect
Incorrect
Incorrect
Incorrect
Incorrect
Correct
Incorrect
Incorrect
Incorrect
Incorrect
Incorrect
Incorrect
Incorrect
Incorrect
Incorrect
Incorrect
Incorrect
Incorrect
Incorrect
Incorrect
Incorrect
Correct
Incorrect
Incorrect
Incorrect
Incorrect
Incorrect
Incorrect
Incorrect
Incorrect
Incorrect
Incorrect
Incorrect
Incorrect
Incorrect
Incorrect
Incorrect
Incorrect
Incorrect
Incorrect
Incorrect
Incorrect
Incorrect
Incorrect
Incorrect
Incorrect
Incorrect
Incorrect
Incorrect
Incorrect
Correct
Incorrect
Incorrect
Incorrect
Incorrect
Incorrect
Incorrect
Incorrect
Incorrect
Incorrect
Incorrect
Incorrect
Correct
Incorrect
Incorrect
Incorrect
Incorrect
Incorrect
Incorrect
Incorrect
Incorrect
Incorrect
Incorrect
Incorrect
Incorrect
Incorrect
Incorrect
Incorrect
Incorrect
Incorrect
Incorrect
Incorrect
Incorrect
Incorrect
Incorrect
Incorrect
Incorrect
Incorrect
Incorrect
Incorrect
Incorrect
Incorrect
Incorrect
Incorrect
Incorrect
Incorrect
Incorrect
Incorrect
Incorrect
Incorrect
Incorrect
Incorrect
Incorrect
Incorrect
Incorrect
Incorrect
Incorrect
Incorrect
Incorrect
Incorrect
Incorrect
Incorrect
Incorrect
Incorrect
Incorrect
Incorrect
Incorrect
Incorrect
Incorrect
Incorrect
Incorrect
Incorrect
Incorrect
Incorrect
Incorrect
Incorrect
Incorrect
Incorrect
Incorrect
Incorrect
Incorrect
Incorrect
Incorrect
Incorrect
Incorrect
Incorrect
Incorrect
Incorrect
Incorrect
Incorrect
Incorrect
Incorrect
Correct
Incorrect
Incorrect
Incorrect
Incorrect
Incorrect
Incorrect
Incorrect
Incorrect
Incorrect
Incorrect
Incorrect
Incorrect
Incorrect
Incorrect
Incorrect
Incorrect
Incorrect
Incorrect
Incorrect
Incorrect
Incorrect
Incorrect
Incorrect
Incorrect
Incorrect
Incorrect
Incorrect
Incorrect
Incorrect
Incorrect
Incorrect
Incorrect
Incorrect
Incorrect
Incorrect
Incorrect
Incorrect
Incorrect
Incorrect
Incorrect
Incorrect
Incorrect
Incorrect
Incorrect
Incorrect
Incorrect
Incorrect
Incorrect
Incorrect
Incorrect
Incorrect
Incorrect
Incorrect
Incorrect
Incorrect
Incorrect
Incorrect
Incorrect
Incorrect
Incorrect
Incorrect
Incorrect
Incorrect
Incorrect
Incorrect
Incorrect
Incorrect
Incorrect
Incorrect
Incorrect
Incorrect
Incorrect
Incorrect
Incorrect
Incorrect
Incorrect
Incorrect
Incorrect
Incorrect
Incorrect
Incorrect
Incorrect
Incorrect
Incorrect
Incorrect
Incorrect
Incorrect
Incorrect
Incorrect
Incorrect
Incorrect
Incorrect
Incorrect
Incorrect
Incorrect
Incorrect
Incorrect
Incorrect
Incorrect
Incorrect
Incorrect
Incorrect
Incorrect
Incorrect
Incorrect
Incorrect
Incorrect
Incorrect
Incorrect
Incorrect
Incorrect
Incorrect
Incorrect
Incorrect
Incorrect
Incorrect
Incorrect
Incorrect
Incorrect
Incorrect
Incorrect
Incorrect
Incorrect
Incorrect
Incorrect
Incorrect
Incorrect
Incorrect
Incorrect
Incorrect
Incorrect
Incorrect
Incorrect
Incorrect
Incorrect
Incorrect
Incorrect
Incorrect
Incorrect
Incorrect
Incorrect
Incorrect
Incorrect
Incorrect
Incorrect
Incorrect
Incorrect
Incorrect
Incorrect
Incorrect
Incorrect
Incorrect
Incorrect
Incorrect
Incorrect
Incorrect
Incorrect
Incorrect
Incorrect
Incorrect
Incorrect
Incorrect
Incorrect
Incorrect
Incorrect
Incorrect
Incorrect
Incorrect
Incorrect
Incorrect
Incorrect
Incorrect
Incorrect
Incorrect
Incorrect
Incorrect
Incorrect
Incorrect
Incorrect
Incorrect
Incorrect
Incorrect
Incorrect
Incorrect
Incorrect
Incorrect
Incorrect
Incorrect
Incorrect
Incorrect
Incorrect
Incorrect
Incorrect
Incorrect
Incorrect
Incorrect
Incorrect
Incorrect
Incorrect
Incorrect
Incorrect
Correct
Incorrect
Incorrect
Incorrect
Incorrect
Incorrect
Incorrect
Incorrect
Incorrect
Incorrect
Incorrect
Incorrect
Incorrect
Incorrect
Incorrect
Incorrect
Incorrect
Incorrect
Incorrect
Incorrect
Incorrect
Incorrect
Incorrect
Incorrect
Incorrect
Incorrect
Incorrect
Incorrect
Incorrect
Incorrect
Incorrect
Incorrect
Incorrect
Incorrect
Incorrect
Incorrect
Incorrect
Incorrect
Incorrect
Incorrect
Incorrect
Incorrect
Incorrect
Incorrect
Incorrect
Incorrect
Incorrect
Incorrect
Incorrect
Incorrect
Incorrect
Incorrect
Incorrect
Incorrect
Incorrect
Incorrect
Incorrect
Incorrect
Incorrect
Incorrect
Incorrect
Incorrect
Incorrect
Incorrect
Incorrect
Incorrect
Incorrect
Incorrect
Incorrect
Incorrect
Incorrect
Incorrect
Incorrect
Incorrect
Incorrect
Incorrect
Incorrect
Incorrect
Incorrect
Incorrect
Incorrect
Incorrect
Incorrect
Incorrect
Incorrect
Incorrect
Incorrect
Incorrect
Incorrect
Incorrect
Incorrect
Incorrect
Incorrect
Incorrect
Incorrect
Incorrect
Incorrect
Incorrect
Incorrect
Incorrect
Incorrect
Incorrect
Incorrect
Incorrect
Incorrect
Incorrect
Incorrect
Incorrect
Incorrect
Incorrect
Incorrect
Incorrect
Incorrect
Incorrect
Incorrect
Incorrect
Incorrect
Incorrect
Incorrect
Incorrect
Incorrect
Incorrect
Incorrect
Incorrect
Incorrect
Incorrect
Incorrect
Incorrect
Incorrect
Incorrect
Incorrect
Incorrect
Incorrect
Incorrect
Incorrect
Incorrect
Incorrect
Incorrect
Incorrect
Incorrect
Incorrect
Incorrect
Incorrect
Incorrect
Incorrect
Incorrect
Incorrect
Incorrect
Incorrect
Incorrect
Incorrect
Incorrect
Incorrect
Incorrect
Incorrect
Incorrect
Incorrect
Incorrect
Incorrect
Incorrect
Incorrect
Incorrect
Incorrect
Incorrect
Incorrect
Incorrect
Incorrect
Incorrect
Incorrect
Incorrect
Incorrect
Incorrect
Incorrect
Incorrect
Incorrect
Incorrect
Incorrect
Incorrect
Incorrect
Incorrect
Incorrect
Incorrect
Incorrect
Incorrect
Incorrect
Incorrect
Incorrect
Incorrect
Incorrect
Incorrect
Incorrect
Incorrect
Incorrect
Incorrect
Incorrect
Incorrect
Incorrect
Incorrect
Incorrect
Incorrect
Incorrect
Incorrect
Incorrect
Incorrect
Incorrect
Incorrect
Correct
Incorrect
Incorrect
Incorrect
Incorrect
Incorrect
Incorrect
Incorrect
Incorrect
Incorrect
Incorrect
Incorrect
Incorrect
Incorrect
Incorrect
Incorrect
Incorrect
Incorrect
Incorrect
Incorrect
Incorrect
Incorrect
Incorrect
Incorrect
Incorrect
Incorrect
Incorrect
Incorrect
Incorrect
Incorrect
Incorrect
Incorrect
Incorrect
Incorrect
Incorrect
Incorrect
Incorrect
Incorrect
Incorrect
Incorrect
Incorrect
Incorrect
Incorrect
Incorrect
Incorrect
Incorrect
Incorrect
Incorrect
Incorrect
Incorrect
Incorrect
Incorrect
Incorrect
Incorrect
Incorrect
Incorrect
Incorrect
Incorrect
Incorrect
Incorrect
Incorrect
Incorrect
Incorrect
Incorrect
Incorrect
Incorrect
Incorrect
Incorrect
Incorrect
Incorrect
Incorrect
Incorrect
Incorrect
Incorrect
Incorrect
Incorrect
Incorrect
Incorrect
Incorrect
Incorrect
Incorrect
Incorrect
Incorrect
Incorrect
Incorrect
Incorrect
Incorrect
Incorrect
Incorrect
Incorrect
Incorrect
Incorrect
Incorrect
Incorrect
Incorrect
Incorrect
Incorrect
Incorrect
Incorrect
Incorrect
Incorrect
Incorrect
Correct
Incorrect
Incorrect
Incorrect
Incorrect
Incorrect
Incorrect
Incorrect
Incorrect
Incorrect
Incorrect
Incorrect
Incorrect
Incorrect
Incorrect
Incorrect
Incorrect
Incorrect
Incorrect
Incorrect
Incorrect
Incorrect
Incorrect
Incorrect
Incorrect
Incorrect
Incorrect
Incorrect
Incorrect
Incorrect
Incorrect
Incorrect
Incorrect
Incorrect
Incorrect
Incorrect
Incorrect
Incorrect
Incorrect
Incorrect
Incorrect
Incorrect
Incorrect
Incorrect
Incorrect
Incorrect
Incorrect
Incorrect
Incorrect
Incorrect
Incorrect
Incorrect
Incorrect
Incorrect
Incorrect
Incorrect
Incorrect
Incorrect
Incorrect
Incorrect
Incorrect
Incorrect
Incorrect
Incorrect
Incorrect
Incorrect
Incorrect
Incorrect
Incorrect
Incorrect
Incorrect
Incorrect
Incorrect
Incorrect
Incorrect
Incorrect
Incorrect
Incorrect
Incorrect
Incorrect
Incorrect
Incorrect
Incorrect
Incorrect
Incorrect
Incorrect
Incorrect
Incorrect
Incorrect
Incorrect
Incorrect
Incorrect
Incorrect
Incorrect
Incorrect
Incorrect
Incorrect
Incorrect
Incorrect
Incorrect
Incorrect
Incorrect
Incorrect
Incorrect
Incorrect
Incorrect
Incorrect
Incorrect
Incorrect
Incorrect
Incorrect
Incorrect
Incorrect
Incorrect
Incorrect
Incorrect
Incorrect
Incorrect
Incorrect
Incorrect
Incorrect
Incorrect
Incorrect
Incorrect
Incorrect
Incorrect
Incorrect
Incorrect
Incorrect
Incorrect
Incorrect
Incorrect
Incorrect
Incorrect
Incorrect
Incorrect
Incorrect
Incorrect
Incorrect
Incorrect
Incorrect
Incorrect
Incorrect
Incorrect
Incorrect
Incorrect
Incorrect
Incorrect
Incorrect
Incorrect
Incorrect
Incorrect
Incorrect
Incorrect
Incorrect
Incorrect
Incorrect
Incorrect
Incorrect
Incorrect
Incorrect
Incorrect
Incorrect
Incorrect
Incorrect
Incorrect
Incorrect
Incorrect
Incorrect
Incorrect
Incorrect
Incorrect
Incorrect
Incorrect
Incorrect
Incorrect
Incorrect
Incorrect
Incorrect
Incorrect
Incorrect
Incorrect
Incorrect
Incorrect
Incorrect
Incorrect
Incorrect
Incorrect
Incorrect
Incorrect
Incorrect
Incorrect
Incorrect
Incorrect
Incorrect
Incorrect
Incorrect
Incorrect
Incorrect
Incorrect
Incorrect
Incorrect
Incorrect
Incorrect
Incorrect
Incorrect
Incorrect
Incorrect
Incorrect
Incorrect
Incorrect
Incorrect
Incorrect
Incorrect
Incorrect
Incorrect
Incorrect
Incorrect
Incorrect
Incorrect
Incorrect
Incorrect
Correct
Incorrect
Incorrect
Incorrect
Incorrect
Incorrect
Incorrect
Incorrect
Incorrect
Incorrect
Incorrect
Incorrect
Incorrect
Incorrect
Incorrect
Incorrect
Incorrect
Incorrect
Incorrect
Incorrect
Incorrect
Incorrect
Incorrect
Incorrect
Incorrect
Incorrect
Incorrect
Incorrect
Incorrect
Incorrect
Incorrect
Incorrect
Incorrect
Incorrect
Incorrect
Incorrect
Incorrect
Incorrect
Incorrect
Incorrect
Incorrect
Incorrect
Incorrect
Incorrect
Incorrect
Incorrect
Incorrect
Incorrect
Incorrect
Incorrect
Incorrect
Incorrect
Incorrect
Incorrect
Incorrect
Incorrect
Incorrect
Incorrect
Incorrect
Incorrect
Incorrect
Incorrect
Incorrect
Incorrect
Incorrect
Incorrect
Incorrect
Incorrect
Incorrect
Incorrect
Incorrect
Incorrect
Incorrect
Incorrect
Incorrect
Incorrect
Incorrect
Incorrect
Incorrect
Incorrect
Incorrect
Incorrect
Incorrect
Incorrect
Incorrect
Incorrect
Incorrect
Incorrect
Incorrect
Incorrect
Incorrect
Incorrect
Incorrect
Incorrect
Incorrect
Incorrect
Incorrect
Incorrect
Incorrect
Incorrect
Incorrect
Incorrect
Incorrect
Incorrect
Incorrect
Incorrect
Incorrect
Incorrect
Incorrect
Incorrect
Incorrect
Incorrect
Incorrect
Incorrect
Incorrect
Incorrect
Incorrect
Incorrect
Incorrect
Incorrect
Incorrect
Incorrect
Incorrect
Incorrect
Incorrect
Incorrect
Incorrect
Incorrect
Incorrect
Incorrect
Incorrect
Incorrect
Correct
Incorrect
Incorrect
Incorrect
Incorrect
Incorrect
Incorrect
Incorrect
Incorrect
Incorrect
Incorrect
Incorrect
Incorrect
Incorrect
Incorrect
Incorrect
Incorrect
Incorrect
Incorrect
Incorrect
Incorrect
Incorrect
Incorrect
Incorrect
Incorrect
Incorrect
Incorrect
Incorrect
Incorrect
Incorrect
Incorrect
Incorrect
Incorrect
Incorrect
Incorrect
Incorrect
Incorrect
Incorrect
Incorrect
Incorrect
Incorrect
Incorrect
Incorrect
Incorrect
Incorrect
Incorrect
Incorrect
Incorrect
Incorrect
Incorrect
Incorrect
Incorrect
Incorrect
Incorrect
Incorrect
Incorrect
Incorrect
Incorrect
Incorrect
Incorrect
Incorrect
Incorrect
Incorrect
Incorrect
Incorrect
Incorrect
Incorrect
Incorrect
Incorrect
Incorrect
Incorrect
Incorrect
Incorrect
Incorrect
Incorrect
Incorrect
Incorrect
Incorrect
Incorrect
Incorrect
Incorrect
Incorrect
Incorrect
Incorrect
Incorrect
Incorrect
Incorrect
Incorrect
Incorrect
Incorrect
Incorrect
Incorrect
Incorrect
Incorrect
Incorrect
Incorrect
Incorrect
Incorrect
Incorrect
Incorrect
Incorrect
Incorrect
Incorrect
Incorrect
Incorrect
Incorrect
Incorrect
Incorrect
Incorrect
Incorrect
Incorrect
Incorrect
Incorrect
Incorrect
Incorrect
Incorrect
Incorrect
Incorrect
Incorrect
Incorrect
Incorrect
Incorrect
Incorrect
Incorrect
Incorrect
Incorrect
Incorrect
Incorrect
Incorrect
Incorrect
Incorrect
Incorrect
Incorrect
Incorrect
Incorrect
Incorrect
Incorrect
Incorrect
Correct
Incorrect
Incorrect
Incorrect
Incorrect
Incorrect
Incorrect
Incorrect
Incorrect
Incorrect
Incorrect
Incorrect
Incorrect
Incorrect
Incorrect
Incorrect
Incorrect
Incorrect
Incorrect
Incorrect
Incorrect
Incorrect
Incorrect
Incorrect
Incorrect
Incorrect
Incorrect
Incorrect
Incorrect
Incorrect
Incorrect
Incorrect
Incorrect
Incorrect
Incorrect
Incorrect
Incorrect
Incorrect
Incorrect
Incorrect
Incorrect
Incorrect
Incorrect
Incorrect
Incorrect
Incorrect
Incorrect
Incorrect
Incorrect
Incorrect
Incorrect
Incorrect
Incorrect
Incorrect
Incorrect
Incorrect
Incorrect
Incorrect
Incorrect
Incorrect
Incorrect
Incorrect
Incorrect
Incorrect
Incorrect
Incorrect
Incorrect
Incorrect
Incorrect
Incorrect
Incorrect
Incorrect
Incorrect
Incorrect
Incorrect
Incorrect
Incorrect
Incorrect
Incorrect
Incorrect
Incorrect
Incorrect
Incorrect
Incorrect
Incorrect
Incorrect
Incorrect
Incorrect
Incorrect
Incorrect
Incorrect
Incorrect
Incorrect
Incorrect
Incorrect
Incorrect
Incorrect
Incorrect
Incorrect
Incorrect
Incorrect
Incorrect
Incorrect
Incorrect
Incorrect
Incorrect
Incorrect
Incorrect
Incorrect
Incorrect
Incorrect
Incorrect
Incorrect
Incorrect
Incorrect
Incorrect
Incorrect
Incorrect
Incorrect
Incorrect
Incorrect
Incorrect
Incorrect
Incorrect
Incorrect
Incorrect
Incorrect
Incorrect
Incorrect
Incorrect
Incorrect
Incorrect
Incorrect
Incorrect
Incorrect
Incorrect
Incorrect
Incorrect
Incorrect
Incorrect
Incorrect
Incorrect
Incorrect
Incorrect
Incorrect
Incorrect
Incorrect
Incorrect
Incorrect
Incorrect
Incorrect
Incorrect
Incorrect
Incorrect
Incorrect
Incorrect
Incorrect
Incorrect
Incorrect
Incorrect
Incorrect
Incorrect
Incorrect
Incorrect
Incorrect
Incorrect
Incorrect
Incorrect
Incorrect
Incorrect
Incorrect
Incorrect
Incorrect
Incorrect
Incorrect
Incorrect
Incorrect
Incorrect
Incorrect
Incorrect
Incorrect
Incorrect
Incorrect
Incorrect
Incorrect
Incorrect
Incorrect
Incorrect
Incorrect
Incorrect
Incorrect
Incorrect
Incorrect
Incorrect
Incorrect
Incorrect
Incorrect
Incorrect
Incorrect
Incorrect
Incorrect
Incorrect
Incorrect
Incorrect
Incorrect
Incorrect
Incorrect
Incorrect
Incorrect
Incorrect
Incorrect
Incorrect
Incorrect
Correct
Incorrect
Incorrect
Incorrect
Incorrect
Incorrect
Incorrect
Incorrect
Incorrect
Incorrect
Incorrect
Incorrect
Incorrect
Incorrect
Incorrect
Incorrect
Incorrect
Incorrect
Incorrect
Incorrect
Incorrect
Incorrect
Incorrect
Incorrect
Incorrect
Incorrect
Incorrect
Incorrect
Incorrect
Incorrect
Correct
Incorrect
Incorrect
Incorrect
Incorrect
Incorrect
Incorrect
Incorrect
Incorrect
Incorrect
Incorrect
Incorrect
Incorrect
Incorrect
Incorrect
Incorrect
Incorrect
Incorrect
Incorrect
Incorrect
Incorrect
Incorrect
Incorrect
Incorrect
Incorrect
Incorrect
Incorrect
Incorrect
Incorrect
Incorrect
Incorrect
Incorrect
Incorrect
Incorrect
Incorrect
Incorrect
Incorrect
Incorrect
Incorrect
Incorrect
Incorrect
Incorrect
Incorrect
Incorrect
Incorrect
Incorrect
Incorrect
Incorrect
Incorrect
Incorrect
Incorrect
Incorrect
Incorrect
Incorrect
Incorrect
Incorrect
Incorrect
Incorrect
Incorrect
Incorrect
Incorrect
Incorrect
Incorrect
Incorrect
Incorrect
Incorrect
Incorrect
Incorrect
Incorrect
Incorrect
Incorrect
Incorrect
Incorrect
Incorrect
Incorrect
Correct
Incorrect
Incorrect
Incorrect
Incorrect
Incorrect
Incorrect
Incorrect
Incorrect
Incorrect
Incorrect
Incorrect
Correct
Incorrect
Incorrect
Incorrect
Incorrect
Incorrect
Incorrect
Incorrect
Incorrect
Incorrect
Incorrect
Incorrect
Incorrect
Incorrect
Incorrect
Incorrect
Incorrect
Incorrect
Incorrect
Incorrect
Incorrect
Incorrect
Incorrect
Incorrect
Incorrect
Incorrect
Incorrect
Incorrect
Incorrect
Incorrect
Incorrect
Incorrect
Incorrect
Incorrect
Incorrect
Incorrect
Incorrect
Incorrect
Incorrect
Incorrect
Incorrect
Incorrect
Incorrect
Incorrect
Incorrect
Incorrect
Incorrect
Incorrect
Incorrect
Incorrect
Incorrect
Incorrect
Incorrect
Incorrect
Incorrect
Incorrect
Incorrect
Incorrect
Incorrect
Correct
Incorrect
Incorrect
Incorrect
Incorrect
Incorrect
Incorrect
Incorrect
Incorrect
Incorrect
Incorrect
Incorrect
Incorrect
Incorrect
Incorrect
Incorrect
Incorrect
Incorrect
Incorrect
Incorrect
Incorrect
Incorrect
Incorrect
Incorrect
Incorrect
Incorrect
Incorrect
Incorrect
Incorrect
Incorrect
Incorrect
Incorrect
Incorrect
Incorrect
Incorrect
Incorrect
Incorrect
Incorrect
Incorrect
Incorrect
Incorrect
Incorrect
Incorrect
Incorrect
Incorrect
Incorrect
Incorrect
Incorrect
Incorrect
Incorrect
Incorrect
Incorrect
Incorrect
Incorrect
Incorrect
Incorrect
Incorrect
Incorrect
Incorrect
Incorrect
Incorrect
Incorrect
Incorrect
Incorrect
Incorrect
Incorrect
Incorrect
Incorrect
Incorrect
Incorrect
Incorrect
Incorrect
Incorrect
Incorrect
Incorrect
Incorrect
Incorrect
Incorrect
Incorrect
Incorrect
Incorrect
Incorrect
Incorrect
Incorrect
Incorrect
Incorrect
Incorrect
Incorrect
Incorrect
Incorrect
Incorrect
Incorrect
Incorrect
Incorrect
Incorrect
Incorrect
Incorrect
Incorrect
Incorrect
Incorrect
Incorrect
Incorrect
Incorrect
Incorrect
Incorrect
Incorrect
Incorrect
Incorrect
Incorrect
Incorrect
Incorrect
Incorrect
Incorrect
Incorrect
Incorrect
Incorrect
Incorrect
Incorrect
Incorrect
Incorrect
Incorrect
Incorrect
Incorrect
Incorrect
Incorrect
Incorrect
Incorrect
Incorrect
Incorrect
Incorrect
Incorrect
Incorrect
Incorrect
Incorrect
Incorrect
Incorrect
Incorrect
Incorrect
Incorrect
Incorrect
Incorrect
Incorrect
Incorrect
Incorrect
Incorrect
Incorrect
Incorrect
Incorrect
Incorrect
Incorrect
Incorrect
Incorrect
Incorrect
Incorrect
Incorrect
Incorrect
Incorrect
Incorrect
Incorrect
Incorrect
Incorrect
Incorrect
Incorrect
Incorrect
Incorrect
Incorrect
Incorrect
Incorrect
Incorrect
Incorrect
Incorrect
Correct
Incorrect
Incorrect
Incorrect
Incorrect
Incorrect
Incorrect
Incorrect
Incorrect
Incorrect
Incorrect
Incorrect
Incorrect
Incorrect
Incorrect
Incorrect
Incorrect
Incorrect
Incorrect
Incorrect
Incorrect
Incorrect
Incorrect
Incorrect
Incorrect
Incorrect
Incorrect
Incorrect
Incorrect
Incorrect
Incorrect
Incorrect
Incorrect
Incorrect
Incorrect
Incorrect
Incorrect
Incorrect
Incorrect
Incorrect
Incorrect
Incorrect
Incorrect
Incorrect
Incorrect
Incorrect
Incorrect
Incorrect
Incorrect
Incorrect
Incorrect
Incorrect
Incorrect
Incorrect
Correct
Incorrect
Incorrect
Incorrect
Incorrect
Incorrect
Incorrect
Incorrect
Incorrect
Incorrect
Incorrect
Incorrect
Incorrect
Incorrect
Incorrect
Incorrect
Incorrect
Incorrect
Incorrect
Incorrect
Incorrect
Incorrect
Incorrect
Incorrect
Incorrect
Incorrect
Incorrect
Incorrect
Incorrect
Incorrect
Incorrect
Incorrect
Incorrect
Incorrect
Incorrect
Incorrect
Incorrect
Incorrect
Incorrect
Incorrect
Incorrect
Incorrect
Incorrect
Incorrect
Incorrect
Incorrect
Incorrect
Incorrect
Incorrect
Incorrect
Incorrect
Incorrect
Incorrect
Incorrect
Incorrect
Incorrect
Incorrect
Incorrect
Incorrect
Incorrect
Incorrect
Incorrect
Incorrect
Incorrect
Incorrect
Incorrect
Incorrect
Incorrect
Incorrect
Incorrect
Incorrect
Incorrect
Incorrect
Incorrect
Incorrect
Incorrect
Incorrect
Incorrect
Incorrect
Incorrect
Incorrect
Incorrect
Incorrect
Incorrect
Incorrect
Incorrect
Incorrect
Incorrect
Incorrect
Incorrect
Incorrect
Incorrect
Incorrect
Incorrect
Incorrect
Incorrect
Incorrect
Incorrect
Incorrect
Incorrect
Incorrect
Incorrect
Incorrect
Incorrect
Incorrect
Incorrect
Incorrect
Incorrect
Incorrect
Incorrect
Incorrect
Incorrect
Incorrect
Incorrect
Incorrect
Incorrect
Incorrect
Incorrect
Incorrect
Incorrect
Incorrect
Incorrect
Incorrect
Incorrect
Incorrect
Incorrect
Incorrect
Incorrect
Incorrect
Incorrect
Incorrect
Incorrect
Incorrect
Incorrect
Incorrect
Incorrect
Incorrect
Incorrect
Incorrect
Incorrect
Incorrect
Incorrect
Incorrect
Incorrect
Incorrect
Incorrect
Incorrect
Incorrect
Incorrect
Incorrect
Incorrect
Incorrect
Incorrect
Incorrect
Incorrect
Incorrect
Incorrect
Incorrect
Incorrect
Incorrect
Incorrect
Incorrect
Incorrect
Incorrect
Incorrect
Incorrect
Incorrect
Incorrect
Incorrect
Incorrect
Incorrect
Incorrect
Incorrect
Incorrect
Incorrect
Incorrect
Incorrect
Incorrect
Incorrect
Incorrect
Incorrect
Incorrect
Incorrect
Incorrect
Incorrect
Correct
Incorrect
Incorrect
Incorrect
Incorrect
Incorrect
Incorrect
Incorrect
Incorrect
Incorrect
Incorrect
Incorrect
Incorrect
Incorrect
Incorrect
Incorrect
Incorrect
Incorrect
Incorrect
Incorrect
Incorrect
Incorrect
Incorrect
Incorrect
Incorrect
Incorrect
Incorrect
Incorrect
Incorrect
Incorrect
Incorrect
Incorrect
Incorrect
Incorrect
Incorrect
Incorrect
Incorrect
Incorrect
Incorrect
Incorrect
Incorrect
Incorrect
Incorrect
Incorrect
Incorrect
Incorrect
Incorrect
Incorrect
Incorrect
Incorrect
Incorrect
Incorrect
Incorrect
Incorrect
Incorrect
Incorrect
Incorrect
Incorrect
Incorrect
Incorrect
Incorrect
Incorrect
Correct
Incorrect
Incorrect
Incorrect
Incorrect
Incorrect
Incorrect
Incorrect
Incorrect
Incorrect
Incorrect
Incorrect
Incorrect
Incorrect
Incorrect
Incorrect
Incorrect
Incorrect
Incorrect
Incorrect
Incorrect
Incorrect
Incorrect
Incorrect
Incorrect
Incorrect
Incorrect
Incorrect
Incorrect
Incorrect
Incorrect
Incorrect
Incorrect
Incorrect
Incorrect
Incorrect
Incorrect
Incorrect
Incorrect
Incorrect
Incorrect
Incorrect
Incorrect
Incorrect
Incorrect
Incorrect
Incorrect
Incorrect
Incorrect
Incorrect
Incorrect
Incorrect
Incorrect
Incorrect
Incorrect
Incorrect
Incorrect
Incorrect
Incorrect
Incorrect
Incorrect
Incorrect
Incorrect
Incorrect
Incorrect
Incorrect
Incorrect
Incorrect
Incorrect
Incorrect
Incorrect
Incorrect
Incorrect
Incorrect
Incorrect
Incorrect
Incorrect
Incorrect
Incorrect
Incorrect
Incorrect
Incorrect
Incorrect
Incorrect
Correct
Incorrect
Incorrect
Incorrect
Incorrect
Incorrect
Incorrect
Incorrect
Incorrect
Incorrect
Incorrect
Incorrect
Incorrect
Incorrect
Incorrect
Incorrect
Incorrect
Incorrect
Incorrect
Incorrect
Incorrect
Incorrect
Incorrect
Incorrect
Incorrect
Incorrect
Incorrect
Incorrect
Incorrect
Incorrect
Incorrect
Incorrect
Incorrect
Incorrect
Incorrect
Incorrect
Incorrect
Incorrect
Incorrect
Incorrect
Incorrect
Incorrect
Incorrect
Incorrect
Incorrect
Incorrect
Incorrect
Incorrect
Incorrect
Incorrect
Incorrect
Incorrect
Incorrect
Incorrect
Incorrect
Incorrect
Incorrect
Incorrect
Incorrect
Incorrect
Incorrect
Incorrect
Incorrect
Incorrect
Incorrect
Incorrect
Incorrect
Incorrect
Incorrect
Incorrect
Incorrect
Incorrect
Incorrect
Incorrect
Incorrect
Incorrect
Incorrect
Incorrect
Incorrect
Incorrect
Incorrect
Incorrect
Incorrect
Incorrect
Incorrect
Incorrect
Incorrect
Incorrect
Incorrect
Incorrect
Incorrect
Incorrect
Incorrect
Incorrect
Incorrect
Incorrect
Incorrect
Incorrect
Incorrect
Incorrect
Incorrect
Incorrect
Incorrect
Incorrect
Incorrect
Incorrect
Incorrect
Incorrect
Incorrect
Incorrect
Incorrect
Incorrect
Incorrect
Incorrect
Incorrect
Incorrect
Incorrect
Incorrect
Incorrect
Incorrect
Incorrect
Incorrect
Incorrect
Incorrect
Incorrect
Incorrect
Incorrect
Incorrect
Incorrect
Incorrect
Incorrect
Incorrect
Incorrect
Incorrect
Incorrect
Incorrect
Incorrect
Incorrect
Incorrect
Incorrect
Incorrect
Incorrect
Incorrect
Incorrect
Incorrect
Incorrect
Incorrect
Incorrect
Incorrect
Incorrect
Incorrect
Incorrect
Incorrect
Incorrect
Incorrect
Incorrect
Incorrect
Incorrect
Incorrect
Incorrect
Incorrect
Incorrect
Incorrect
Incorrect
Incorrect
Incorrect
Incorrect
Incorrect
Correct
Incorrect
Incorrect
Incorrect
Incorrect
Incorrect
Incorrect
Incorrect
Incorrect
Incorrect
Incorrect
Incorrect
Incorrect
Incorrect
Incorrect
Incorrect
Incorrect
Incorrect
Incorrect
Incorrect
Incorrect
Incorrect
Incorrect
Incorrect
Incorrect
Incorrect
Incorrect
Incorrect
Incorrect
Incorrect
Incorrect
Incorrect
Incorrect
Incorrect
Incorrect
Incorrect
Incorrect
Incorrect
Incorrect
Incorrect
Incorrect
Incorrect
Incorrect
Incorrect
Incorrect
Incorrect
Incorrect
Incorrect
Incorrect
Incorrect
Incorrect
Incorrect
Incorrect
Incorrect
Incorrect
Incorrect
Incorrect
Incorrect
Incorrect
Incorrect
Incorrect
Incorrect
Incorrect
Incorrect
Incorrect
Incorrect
Incorrect
Incorrect
Incorrect
Incorrect
Incorrect
Incorrect
Incorrect
Incorrect
Incorrect
Incorrect
Incorrect
Incorrect
Incorrect
Incorrect
Incorrect
Incorrect
Incorrect
Incorrect
Incorrect
Incorrect
Incorrect
Incorrect
Incorrect
Incorrect
Incorrect
Incorrect
Incorrect
Incorrect
Incorrect
Incorrect
Incorrect
Incorrect
Incorrect
Incorrect
Incorrect
Incorrect
Incorrect
Incorrect
Incorrect
Incorrect
Incorrect
Incorrect
Incorrect
Incorrect
Incorrect
Incorrect
Incorrect
Incorrect
Incorrect
Incorrect
Incorrect
Incorrect
Incorrect
Incorrect
Incorrect
Incorrect
Incorrect
Incorrect
Incorrect
Incorrect
Incorrect
Incorrect
Incorrect
Incorrect
Incorrect
Incorrect
Incorrect
Incorrect
Incorrect
Incorrect
Incorrect
Incorrect
Incorrect
Incorrect
Incorrect
Incorrect
Incorrect
Incorrect
Incorrect
Incorrect
Incorrect
Incorrect
Correct
Incorrect
Incorrect
Incorrect
Incorrect
Incorrect
Incorrect
Incorrect
Incorrect
Incorrect
Incorrect
Incorrect
Incorrect
Incorrect
Incorrect
Incorrect
Incorrect
Incorrect
Incorrect
Incorrect
Incorrect
Incorrect
Incorrect
Incorrect
Incorrect
Incorrect
Incorrect
Incorrect
Incorrect
Incorrect
Incorrect
Incorrect
Incorrect
Incorrect
Incorrect
Incorrect
Incorrect
Incorrect
Incorrect
Incorrect
Incorrect
Incorrect
Incorrect
Incorrect
Incorrect
Incorrect
Incorrect
Incorrect
Incorrect
Incorrect
Incorrect
Incorrect
Incorrect
Incorrect
Incorrect
Incorrect
Incorrect
Incorrect
Incorrect
Incorrect
Incorrect
Incorrect
Incorrect
Incorrect
Incorrect
Incorrect
Incorrect
Incorrect
Correct
Incorrect
Incorrect
Incorrect
Incorrect
Incorrect
Incorrect
Incorrect
Incorrect
Incorrect
Incorrect
Incorrect
Incorrect
Incorrect
Incorrect
Incorrect
Incorrect
Incorrect
Incorrect
Incorrect
Incorrect
Incorrect
Incorrect
Incorrect
Incorrect
Incorrect
Incorrect
Incorrect
Incorrect
Incorrect
Incorrect
Incorrect
Incorrect
Incorrect
Incorrect
Incorrect
Incorrect
Incorrect
Incorrect
Incorrect
Incorrect
Incorrect
Incorrect
Incorrect
Incorrect
Incorrect
Incorrect
Incorrect
Incorrect
Incorrect
Incorrect
Incorrect
Incorrect
Incorrect
Incorrect
Incorrect
Incorrect
Incorrect
Incorrect
Incorrect
Incorrect
Incorrect
Incorrect
Incorrect
Incorrect
Incorrect
Incorrect
Incorrect
Incorrect
Incorrect
Incorrect
Incorrect
Incorrect
Incorrect
Incorrect
Incorrect
Incorrect
Incorrect
Incorrect
Incorrect
Incorrect
Incorrect
Incorrect
Incorrect
Incorrect
Incorrect
Incorrect
Incorrect
Incorrect
Incorrect
Incorrect
Incorrect
Incorrect
Incorrect
Incorrect
Incorrect
Incorrect
Incorrect
Incorrect
Incorrect
Incorrect
Incorrect
Incorrect
Incorrect
Incorrect
Incorrect
Incorrect
Incorrect
Incorrect
Incorrect
Incorrect
Incorrect
Incorrect
Incorrect
Incorrect
Incorrect
Incorrect
Incorrect
Incorrect
Incorrect
Incorrect
Incorrect
Incorrect
Incorrect
Incorrect
Correct
Incorrect
Correct
Incorrect
Incorrect
Incorrect
Incorrect
Incorrect
Incorrect
Incorrect
Incorrect
Incorrect
Incorrect
Incorrect
Incorrect
Incorrect
Incorrect
Incorrect
Incorrect
Incorrect
Incorrect
Incorrect
Incorrect
Incorrect
Incorrect
Incorrect
Incorrect
Incorrect
Incorrect
Incorrect
Incorrect
Incorrect
Incorrect
Incorrect
Incorrect
Incorrect
Incorrect
Incorrect
Incorrect
Incorrect
Incorrect
Incorrect
Incorrect
Incorrect
Incorrect
Incorrect
Incorrect
Incorrect
Incorrect
Incorrect
Incorrect
Incorrect
Incorrect
Incorrect
Incorrect
Incorrect
Incorrect
Incorrect
Incorrect
Incorrect
Incorrect
Incorrect
Incorrect
Incorrect
Incorrect
Incorrect
Incorrect
Incorrect
Incorrect
Incorrect
Incorrect
Incorrect
Incorrect
Incorrect
Incorrect
Incorrect
Incorrect
Incorrect
Incorrect
Incorrect
Incorrect
Incorrect
Incorrect
Incorrect
Incorrect
Incorrect
Incorrect
Incorrect
Incorrect
Incorrect
Incorrect
Incorrect
Incorrect
Incorrect
Incorrect
Incorrect
Incorrect
Incorrect
Incorrect
Incorrect
Incorrect
Incorrect
Incorrect
Incorrect
Incorrect
Incorrect
Incorrect
Incorrect
Incorrect
Incorrect
Incorrect
Incorrect
Incorrect
Incorrect
Incorrect
Incorrect
Incorrect
Incorrect
Incorrect
Incorrect
Incorrect
Correct
Incorrect
Incorrect
Incorrect
Incorrect
Incorrect
Incorrect
Incorrect
Incorrect
Incorrect
Incorrect
Incorrect
Incorrect
Incorrect
Incorrect
Incorrect
Incorrect
Incorrect
Incorrect
Incorrect
Incorrect
Incorrect
Incorrect
Incorrect
Incorrect
Incorrect
Incorrect
Incorrect
Incorrect
Incorrect
Incorrect
Incorrect
Incorrect
Incorrect
Incorrect
Incorrect
Incorrect
Incorrect
Incorrect
Incorrect
Incorrect
Incorrect
Incorrect
Incorrect
Incorrect
Incorrect
Incorrect
Incorrect
Incorrect
Incorrect
Incorrect
Incorrect
Incorrect
Incorrect
Incorrect
Incorrect
Incorrect
Incorrect
Incorrect
Incorrect
Incorrect
Correct
Incorrect
Incorrect
Incorrect
Incorrect
Incorrect
Incorrect
Incorrect
Incorrect
Incorrect
Incorrect
Incorrect
Incorrect
Incorrect
Incorrect
Incorrect
Incorrect
Incorrect
Incorrect
Incorrect
Incorrect
Incorrect
Incorrect
Incorrect
Incorrect
Incorrect
Incorrect
Incorrect
Incorrect
Incorrect
Incorrect
Incorrect
Incorrect
Incorrect
Incorrect
Incorrect
Incorrect
Incorrect
Incorrect
Incorrect
Incorrect
Incorrect
Incorrect
Incorrect
Incorrect
Incorrect
Incorrect
Incorrect
Incorrect
Incorrect
Incorrect
Incorrect
Incorrect
Incorrect
Incorrect
Incorrect
Incorrect
Incorrect
Incorrect
Incorrect
Incorrect
Incorrect
Incorrect
Incorrect
Incorrect
Incorrect
Incorrect
Incorrect
Incorrect
Incorrect
Incorrect
Incorrect
Incorrect
Incorrect
Incorrect
Incorrect
Incorrect
Incorrect
Incorrect
Incorrect
Incorrect
Incorrect
Incorrect
Incorrect
Incorrect
Incorrect
Incorrect
Incorrect
Correct
Incorrect
Incorrect
Incorrect
Incorrect
Incorrect
Incorrect
Incorrect
Incorrect
Incorrect
Incorrect
Incorrect
Incorrect
Incorrect
Incorrect
Incorrect
Incorrect
Incorrect
Incorrect
Incorrect
Incorrect
Incorrect
Incorrect
Incorrect
Incorrect
Incorrect
Incorrect
Incorrect
Incorrect
Incorrect
Incorrect
Incorrect
Incorrect
Incorrect
Incorrect
Incorrect
Incorrect
Incorrect
Incorrect
Incorrect
Incorrect
Incorrect
Incorrect
Incorrect
Incorrect
Incorrect
Incorrect
Incorrect
Incorrect
Incorrect
Incorrect
Incorrect
Incorrect
Incorrect
Incorrect
Incorrect
Incorrect
Incorrect
Incorrect
Incorrect
Incorrect
Incorrect
Incorrect
Incorrect
Incorrect
Incorrect
Incorrect
Incorrect
Correct
Incorrect
Incorrect
Incorrect
Incorrect
Incorrect
Incorrect
Incorrect
Incorrect
Incorrect
Incorrect
Incorrect
Incorrect
Incorrect
Incorrect
Incorrect
Incorrect
Incorrect
Incorrect
Incorrect
Incorrect
Incorrect
Incorrect
Incorrect
Incorrect
Incorrect
Incorrect
Incorrect
Incorrect
Incorrect
Incorrect
Incorrect
Incorrect
Incorrect
Incorrect
Incorrect
Incorrect
Incorrect
Incorrect
Incorrect
Incorrect
Incorrect
Incorrect
Incorrect
Incorrect
Incorrect
Incorrect
Incorrect
Incorrect
Incorrect
Incorrect
Incorrect
Incorrect
Incorrect
Incorrect
Incorrect
Incorrect
Incorrect
Incorrect
Incorrect
Incorrect
Incorrect
Incorrect
Incorrect
Incorrect
Incorrect
Incorrect
Incorrect
Incorrect
Incorrect
Incorrect
Incorrect
Incorrect
Incorrect
Incorrect
Incorrect
Incorrect
Incorrect
Incorrect
Incorrect
Incorrect
Incorrect
Incorrect
Correct
Incorrect
Incorrect
Incorrect
Incorrect
Incorrect
Incorrect
Incorrect
Incorrect
Incorrect
Incorrect
Incorrect
Incorrect
Incorrect
Incorrect
Incorrect
Incorrect
Incorrect
Incorrect
Incorrect
Incorrect
Incorrect
Incorrect
Incorrect
Incorrect
Incorrect
Incorrect
Incorrect
Incorrect
Incorrect
Incorrect
Incorrect
Incorrect
Incorrect
Incorrect
Incorrect
Incorrect
Incorrect
Incorrect
Incorrect
Incorrect
Incorrect
Incorrect
Incorrect
Incorrect
Incorrect
Incorrect
Incorrect
Incorrect
Incorrect
Incorrect
Correct
Incorrect
Incorrect
Incorrect
Incorrect
Incorrect
Incorrect
Incorrect
Incorrect
Incorrect
Incorrect
Incorrect
Incorrect
Incorrect
Incorrect
Incorrect
Incorrect
Incorrect
Incorrect
Incorrect
Incorrect
Incorrect
Incorrect
Incorrect
Incorrect
Incorrect
Incorrect
Incorrect
Incorrect
Incorrect
Incorrect
Incorrect
Incorrect
Incorrect
Incorrect
Incorrect
Incorrect
Incorrect
Correct
Incorrect
Incorrect
Incorrect
Incorrect
Incorrect
Incorrect
Incorrect
Incorrect
Incorrect
Incorrect
Incorrect
Incorrect
Incorrect
Incorrect
Incorrect
Incorrect
Incorrect
Incorrect
Incorrect
Incorrect
Incorrect
Incorrect
Incorrect
Incorrect
Incorrect
Incorrect
Incorrect
Incorrect
Incorrect
Incorrect
Incorrect
Incorrect
Incorrect
Incorrect
Incorrect
Incorrect
Incorrect
Incorrect
Incorrect
Incorrect
Incorrect
Incorrect
Incorrect
Incorrect
Incorrect
Incorrect
Incorrect
Incorrect
Incorrect
Incorrect
Incorrect
Incorrect
Incorrect
Incorrect
Incorrect
Incorrect
Incorrect
Incorrect
Incorrect
Incorrect
Incorrect
Incorrect
Incorrect
Incorrect
Incorrect
Incorrect
Incorrect
Incorrect
Incorrect
Incorrect
Incorrect
Incorrect
Incorrect
Incorrect
Incorrect
Incorrect
Incorrect
Incorrect
Incorrect
Incorrect
Incorrect
Incorrect
Incorrect
Incorrect
Incorrect
Incorrect
Incorrect
Incorrect
Incorrect
Incorrect
Incorrect
Incorrect
Incorrect
Incorrect
Incorrect
Incorrect
Incorrect
Incorrect
Incorrect
Incorrect
Incorrect
Incorrect
Incorrect
Incorrect
Incorrect
Incorrect
Incorrect
Incorrect
Incorrect
Incorrect
Incorrect
Incorrect
Incorrect
Correct
Incorrect
Incorrect
Incorrect
Incorrect
Incorrect
Incorrect
Incorrect
Incorrect
Incorrect
Incorrect
Incorrect
Incorrect
Incorrect
Incorrect
Incorrect
Incorrect
Incorrect
Incorrect
Incorrect
Incorrect
Incorrect
Incorrect
Incorrect
Incorrect
Incorrect
Incorrect
Incorrect
Incorrect
Incorrect
Incorrect
Incorrect
Incorrect
Incorrect
Incorrect
Incorrect
Incorrect
Incorrect
Incorrect
Incorrect
Incorrect
Incorrect
Incorrect
Incorrect
Incorrect
Incorrect
Incorrect
Incorrect
Incorrect
Incorrect
Incorrect
Incorrect
Incorrect
Incorrect
Incorrect
Incorrect
Incorrect
Incorrect
Incorrect
Incorrect
Incorrect
Incorrect
Incorrect
Incorrect
Incorrect
Incorrect
Incorrect
Incorrect
Incorrect
Incorrect
Incorrect
Incorrect
Incorrect
Incorrect
Incorrect
Incorrect
Incorrect
Incorrect
Incorrect
Incorrect
Incorrect
Incorrect
Incorrect
Incorrect
Incorrect
Incorrect
Incorrect
Correct
Incorrect
Incorrect
Incorrect
Incorrect
Incorrect
Incorrect
Incorrect
Incorrect
Incorrect
Incorrect
Incorrect
Incorrect
Incorrect
Incorrect
Incorrect
Incorrect
Incorrect
Incorrect
Incorrect
Incorrect
Incorrect
Incorrect
Incorrect
Incorrect
Incorrect
Incorrect
Incorrect
Incorrect
Incorrect
Incorrect
Incorrect
Incorrect
Incorrect
Incorrect
Incorrect
Incorrect
Incorrect
Incorrect
Incorrect
Incorrect
Incorrect
Incorrect
Incorrect
Incorrect
Incorrect
Incorrect
Incorrect
Incorrect
Incorrect
Incorrect
Incorrect
Correct
Incorrect
Incorrect
Incorrect
Incorrect
Incorrect
Incorrect
Incorrect
Incorrect
Incorrect
Incorrect
Incorrect
Incorrect
Incorrect
Incorrect
Incorrect
Incorrect
Incorrect
Incorrect
Incorrect
Incorrect
Incorrect
Incorrect
Incorrect
Incorrect
Incorrect
Incorrect
Incorrect
Incorrect
Incorrect
Incorrect
Incorrect
Incorrect
Incorrect
Incorrect
Incorrect
Incorrect
Incorrect
Incorrect
Incorrect
Incorrect
Incorrect
Incorrect
Incorrect
Incorrect
Incorrect
Incorrect
Incorrect
Incorrect
Incorrect
Incorrect
Incorrect
Incorrect
Incorrect
Incorrect
Correct
Incorrect
Incorrect
Incorrect
Incorrect
Incorrect
Incorrect
Correct
Incorrect
Incorrect
Incorrect
Incorrect
Incorrect
Incorrect
Incorrect
Incorrect
Incorrect
Incorrect
Incorrect
Incorrect
Incorrect
Incorrect
Incorrect
Incorrect
Incorrect
Incorrect
Incorrect
Incorrect
Incorrect
Incorrect
Incorrect
Incorrect
Incorrect
Incorrect
Incorrect
Incorrect
Incorrect
Incorrect
Incorrect
Incorrect
Incorrect
Incorrect
Incorrect
Incorrect
Incorrect
Incorrect
Incorrect
Incorrect
Incorrect
Incorrect
Incorrect
Incorrect
Incorrect
Incorrect
Incorrect
Incorrect
Incorrect
Incorrect
Incorrect
Incorrect
Incorrect
Incorrect
Incorrect
Incorrect
Incorrect
Incorrect
Incorrect
Incorrect
Incorrect
Incorrect
Incorrect
Incorrect
Incorrect
Incorrect
Incorrect
Incorrect
Incorrect
Incorrect
Incorrect
Incorrect
Incorrect
Incorrect
Incorrect
Incorrect
Incorrect
Incorrect
Incorrect
Incorrect
Incorrect
Incorrect
Incorrect
Incorrect
Incorrect
Incorrect
Incorrect
Incorrect
Incorrect
Incorrect
Incorrect
Incorrect
Incorrect
Incorrect
Incorrect
Incorrect
Incorrect
Incorrect
Incorrect
Incorrect
Incorrect
Incorrect
Incorrect
Incorrect
Incorrect
Incorrect
Incorrect
Incorrect
Incorrect
Incorrect
Incorrect
Incorrect
Incorrect
Incorrect
Incorrect
Incorrect
Incorrect
Incorrect
Incorrect
Incorrect
Incorrect
Incorrect
Incorrect
Incorrect
Incorrect
Incorrect
Incorrect
Incorrect
Incorrect
Incorrect
Incorrect
Incorrect
Incorrect
Incorrect
Incorrect
Incorrect
Incorrect
Incorrect
Incorrect
Incorrect
Incorrect
Incorrect
Incorrect
Incorrect
Incorrect
Incorrect
Incorrect
Incorrect
Incorrect
Incorrect
Incorrect
Incorrect
Incorrect
Incorrect
Incorrect
Incorrect
Incorrect
Incorrect
Incorrect
Incorrect
Incorrect
Incorrect
Incorrect
Correct
Incorrect
Incorrect
Incorrect
Incorrect
Incorrect
Incorrect
Incorrect
Incorrect
Incorrect
Incorrect
Incorrect
Incorrect
Incorrect
Incorrect
Incorrect
Incorrect
Incorrect
Incorrect
Incorrect
Incorrect
Incorrect
Incorrect
Incorrect
Incorrect
Incorrect
Incorrect
Incorrect
Incorrect
Incorrect
Incorrect
Incorrect
Incorrect
Incorrect
Incorrect
Incorrect
Incorrect
Incorrect
Incorrect
Incorrect
Incorrect
Incorrect
Incorrect
Incorrect
Incorrect
Incorrect
Incorrect
Incorrect
Incorrect
Incorrect
Incorrect
Incorrect
Incorrect
Incorrect
Incorrect
Incorrect
Incorrect
Incorrect
Incorrect
Incorrect
Incorrect
Incorrect
Incorrect
Incorrect
Incorrect
Incorrect
Incorrect
Incorrect
Incorrect
Incorrect
Incorrect
Incorrect
Incorrect
Incorrect
Incorrect
Incorrect
Incorrect
Incorrect
Incorrect
Incorrect
Incorrect
Incorrect
Incorrect
Incorrect
Incorrect
Incorrect
Incorrect
Incorrect
Incorrect
Incorrect
Incorrect
Incorrect
Incorrect
Incorrect
Incorrect
Incorrect
Incorrect
Incorrect
Incorrect
Incorrect
Incorrect
Incorrect
Incorrect
Incorrect
Incorrect
Incorrect
Incorrect
Incorrect
Incorrect
Incorrect
Incorrect
Incorrect
Incorrect
Incorrect
Incorrect
Incorrect
Incorrect
Incorrect
Incorrect
Incorrect
Incorrect
Incorrect
Incorrect
Incorrect
Incorrect
Incorrect
Incorrect
Incorrect
Incorrect
Incorrect
Incorrect
Incorrect
Incorrect
Incorrect
Incorrect
Incorrect
Incorrect
Incorrect
Incorrect
Incorrect
Incorrect
Incorrect
Incorrect
Incorrect
Incorrect
Incorrect
Incorrect
Incorrect
Incorrect
Incorrect
Incorrect
Incorrect
Incorrect
Incorrect
Incorrect
Incorrect
Incorrect
Incorrect
Incorrect
Incorrect
Incorrect
Incorrect
Incorrect
Incorrect
Incorrect
Incorrect
Incorrect
Incorrect
Incorrect
Incorrect
Incorrect
Incorrect
Incorrect
Incorrect
Incorrect
Incorrect
Incorrect
Incorrect
Incorrect
Incorrect
Incorrect
Incorrect
Incorrect
Incorrect
Incorrect
Incorrect
Incorrect
Incorrect
Incorrect
Incorrect
Incorrect
Incorrect
Incorrect
Incorrect
Incorrect
Incorrect
Incorrect
Incorrect
Incorrect
Incorrect
Incorrect
Incorrect
Incorrect
Incorrect
Incorrect
Incorrect
Incorrect
Incorrect
Incorrect
Incorrect
Incorrect
Incorrect
Incorrect
Incorrect
Incorrect
Incorrect
Incorrect
Incorrect
Incorrect
Incorrect
Incorrect
Incorrect
Incorrect
Incorrect
Incorrect
Incorrect
Incorrect
Incorrect
Incorrect
Incorrect
Incorrect
Incorrect
Incorrect
Incorrect
Incorrect
Incorrect
Incorrect
Incorrect
Incorrect
Incorrect
Incorrect
Incorrect
Incorrect
Incorrect
Incorrect
Incorrect
Incorrect
Incorrect
Incorrect
Incorrect
Incorrect
Incorrect
Incorrect
Incorrect
Incorrect
Incorrect
Incorrect
Incorrect
Incorrect
Incorrect
Incorrect
Incorrect
Incorrect
Incorrect
Incorrect
Incorrect
Incorrect
Incorrect
Incorrect
Incorrect
Incorrect
Incorrect
Incorrect
Incorrect
Incorrect
Incorrect
Incorrect
Incorrect
Incorrect
Incorrect
Incorrect
Incorrect
Incorrect
Incorrect
Incorrect
Incorrect
Incorrect
Incorrect
Incorrect
Incorrect
Incorrect
Incorrect
Incorrect
Incorrect
Incorrect
Incorrect
Incorrect
Incorrect
Incorrect
Incorrect
Incorrect
Incorrect
Incorrect
Incorrect
Incorrect
Incorrect
Incorrect
Incorrect
Incorrect
Incorrect
Incorrect
Incorrect
Incorrect
Incorrect
Incorrect
Incorrect
Incorrect
Incorrect
Incorrect
Incorrect
Incorrect
Incorrect
Incorrect
Incorrect
Incorrect
Incorrect
Incorrect
Incorrect
Incorrect
Incorrect
Incorrect
Incorrect
Incorrect
Incorrect
Incorrect
Incorrect
Incorrect
Incorrect
Incorrect
Incorrect
Incorrect
Incorrect
Incorrect
Incorrect
Incorrect
Incorrect
Incorrect
Incorrect
Incorrect
Incorrect
Incorrect
Incorrect
Incorrect
Incorrect
Incorrect
Incorrect
Incorrect
Incorrect
Incorrect
Incorrect
Incorrect
Incorrect
Incorrect
Incorrect
Incorrect
Incorrect
Incorrect
Incorrect
Incorrect
Incorrect
Incorrect
Incorrect
Incorrect
Incorrect
Incorrect
Incorrect
Incorrect
Incorrect
Incorrect
Incorrect
Incorrect
Incorrect
Incorrect
Incorrect
Incorrect
Incorrect
Incorrect
Incorrect
Incorrect
Incorrect
Incorrect
Incorrect
Incorrect
Incorrect
Incorrect
Incorrect
Incorrect
Incorrect
Incorrect
Incorrect
Incorrect
Incorrect
Incorrect
Incorrect
Incorrect
Incorrect
Incorrect
Incorrect
Incorrect
Incorrect
Incorrect
Incorrect
Incorrect
Incorrect
Incorrect
Incorrect
Incorrect
Incorrect
Incorrect
Incorrect
Incorrect
Incorrect
Incorrect
Incorrect
Incorrect
Incorrect
Incorrect
Incorrect
Incorrect
Incorrect
Incorrect
Incorrect
Incorrect
Incorrect
Incorrect
Incorrect
Incorrect
Incorrect
Incorrect
Incorrect
Incorrect
Incorrect
Incorrect
Incorrect
Incorrect
Incorrect
Incorrect
Incorrect
Incorrect
Incorrect
Incorrect
Incorrect
Incorrect
Incorrect
Incorrect
Incorrect
Incorrect
Incorrect
Incorrect
Incorrect
Incorrect
Incorrect
Incorrect
Incorrect
Incorrect
Incorrect
Incorrect
Incorrect
Incorrect
Incorrect
Incorrect
Incorrect
Incorrect
Incorrect
Incorrect
Incorrect
Incorrect
Incorrect
Incorrect
Incorrect
Incorrect
Incorrect
Incorrect
Incorrect
Incorrect
Incorrect
Incorrect
Incorrect
Incorrect
Incorrect
Incorrect
Incorrect
Incorrect
Incorrect
Incorrect
Incorrect
Incorrect
Incorrect
Incorrect
Incorrect
Incorrect
Incorrect
Incorrect
Incorrect
Incorrect
Incorrect
Incorrect
Incorrect
Incorrect
Incorrect
Incorrect
Incorrect
Incorrect
Incorrect
Incorrect
Incorrect
Incorrect
Incorrect
Incorrect
Incorrect
Incorrect
Incorrect
Incorrect
Incorrect
Incorrect
Incorrect
Incorrect
Incorrect
Incorrect
Incorrect
Incorrect
Incorrect
Incorrect
Incorrect
Incorrect
Incorrect
Incorrect
Incorrect
Incorrect
Incorrect
Incorrect
Incorrect
Incorrect
Correct
Incorrect
Incorrect
Incorrect
Incorrect
Incorrect
Incorrect
Incorrect
Incorrect
Incorrect
Incorrect
Incorrect
Incorrect
Incorrect
Incorrect
Incorrect
Incorrect
Incorrect
Incorrect
Incorrect
Incorrect
Incorrect
Incorrect
Incorrect
Incorrect
Incorrect
Incorrect
Incorrect
Incorrect
Incorrect
Incorrect
Incorrect
Incorrect
Incorrect
Incorrect
Incorrect
Incorrect
Incorrect
Incorrect
Incorrect
Incorrect
Incorrect
Incorrect
Incorrect
Incorrect
Incorrect
Incorrect
Incorrect
Incorrect
Incorrect
Incorrect
Incorrect
Incorrect
Incorrect
Incorrect
Incorrect
Incorrect
Incorrect
Incorrect
Incorrect
Incorrect
Incorrect
Incorrect
Incorrect
Incorrect
Incorrect
Incorrect
Incorrect
Incorrect
Incorrect
Incorrect
Incorrect
Incorrect
Incorrect
Incorrect
Incorrect
Incorrect
Incorrect
Incorrect
Incorrect
Incorrect
Incorrect
Incorrect
Incorrect
Incorrect
Incorrect
Incorrect
Incorrect
Incorrect
Incorrect
Incorrect
Incorrect
Incorrect
Incorrect
Incorrect
Incorrect
Incorrect
Incorrect
Incorrect
Incorrect
Incorrect
Incorrect
Incorrect
Incorrect
Incorrect
Incorrect
Incorrect
Incorrect
Incorrect
Incorrect
Incorrect
Incorrect
Incorrect
Incorrect
Incorrect
Incorrect
Incorrect
Incorrect
Incorrect
Incorrect
Incorrect
Incorrect
Incorrect
Incorrect
Incorrect
Incorrect
Incorrect
Incorrect
Incorrect
Incorrect
Incorrect
Incorrect
Incorrect
Incorrect
Incorrect
Incorrect
Incorrect
Incorrect
Incorrect
Incorrect
Incorrect
Incorrect
Incorrect
Incorrect
Incorrect
Correct
Incorrect
Incorrect
Incorrect
Incorrect
Incorrect
Incorrect
Incorrect
Incorrect
Incorrect
Incorrect
Incorrect
Incorrect
Incorrect
Incorrect
Incorrect
Incorrect
Incorrect
Incorrect
Incorrect
Incorrect
Incorrect
Incorrect
Incorrect
Incorrect
Incorrect
Incorrect
Incorrect
Incorrect
Incorrect
Incorrect
Incorrect
Incorrect
Incorrect
Incorrect
Incorrect
Incorrect
Incorrect
Incorrect
Incorrect
Incorrect
Incorrect
Incorrect
Incorrect
Incorrect
Incorrect
Incorrect
Incorrect
Incorrect
Incorrect
Incorrect
Incorrect
Incorrect
Incorrect
Incorrect
Incorrect
Incorrect
Incorrect
Incorrect
Incorrect
Incorrect
Incorrect
Incorrect
Incorrect
Incorrect
Incorrect
Incorrect
Incorrect
Incorrect
Incorrect
Incorrect
Incorrect
Incorrect
Incorrect
Incorrect
Incorrect
Incorrect
Incorrect
Incorrect
Incorrect
Incorrect
Incorrect
Incorrect
Incorrect
Incorrect
Incorrect
Incorrect
Incorrect
Incorrect
Incorrect
Incorrect
Incorrect
Incorrect
Incorrect
Incorrect
Incorrect
Incorrect
Incorrect
Incorrect
Incorrect
Incorrect
Incorrect
Incorrect
Incorrect
Incorrect
Incorrect
Incorrect
Incorrect
Incorrect
Incorrect
Incorrect
Incorrect
Incorrect
Incorrect
Incorrect
Incorrect
Incorrect
Incorrect
Incorrect
Incorrect
Incorrect
Incorrect
Incorrect
Incorrect
Incorrect
Incorrect
Incorrect
Incorrect
Incorrect
Incorrect
Incorrect
Incorrect
Incorrect
Incorrect
Incorrect
Incorrect
Incorrect
Incorrect
Incorrect
Incorrect
Incorrect
Incorrect
Incorrect
Incorrect
Incorrect
Incorrect
Incorrect
Incorrect
Incorrect
Incorrect
Incorrect
Incorrect
Incorrect
Incorrect
Incorrect
Incorrect
Incorrect
Incorrect
Incorrect
Incorrect
Incorrect
Incorrect
Incorrect
Incorrect
Incorrect
Incorrect
Incorrect
Incorrect
Incorrect
Incorrect
Incorrect
Incorrect
Incorrect
Incorrect
Incorrect
Incorrect
Incorrect
Incorrect
Incorrect
Incorrect
Incorrect
Incorrect
Incorrect
Incorrect
Incorrect
Incorrect
Incorrect
Incorrect
Incorrect
Incorrect
Incorrect
Incorrect
Incorrect
Incorrect
Incorrect
Incorrect
Incorrect
Incorrect
Incorrect
Incorrect
Incorrect
Incorrect
Incorrect
Incorrect
Incorrect
Incorrect
Incorrect
Incorrect
Incorrect
Incorrect
Incorrect
Incorrect
Incorrect
Incorrect
Incorrect
Incorrect
Incorrect
Incorrect
Incorrect
Incorrect
Incorrect
Incorrect
Incorrect
Incorrect
Incorrect
Incorrect
Incorrect
Incorrect
Incorrect
Incorrect
Incorrect
Incorrect
Incorrect
Incorrect
Incorrect
Incorrect
Incorrect
Incorrect
Incorrect
Incorrect
Incorrect
Incorrect
Incorrect
Incorrect
Incorrect
Incorrect
Incorrect
Incorrect
Incorrect
Incorrect
Incorrect
Incorrect
Incorrect
Incorrect
Incorrect
Incorrect
Incorrect
Incorrect
Incorrect
Incorrect
Incorrect
Incorrect
Incorrect
Incorrect
Incorrect
Incorrect
Incorrect
Incorrect
Incorrect
Incorrect
Incorrect
Incorrect
Incorrect
Incorrect
Incorrect
Incorrect
Incorrect
Incorrect
Incorrect
Incorrect
Incorrect
Incorrect
Incorrect
Incorrect
Incorrect
Incorrect
Incorrect
Incorrect
Incorrect
Incorrect
Incorrect
Incorrect
Incorrect
Incorrect
Incorrect
Incorrect
Incorrect
Incorrect
Incorrect
Incorrect
Incorrect
Incorrect
Incorrect
Incorrect
Incorrect
Incorrect
Incorrect
Incorrect
Incorrect
Incorrect
Incorrect
Incorrect
Incorrect
Incorrect
Incorrect
Incorrect
Incorrect
Incorrect
Incorrect
Incorrect
Incorrect
Incorrect
Incorrect
Incorrect
Incorrect
Incorrect
Incorrect
Incorrect
Incorrect
Incorrect
Incorrect
Incorrect
Incorrect
Incorrect
Incorrect
Incorrect
Incorrect
Incorrect
Incorrect
Incorrect
Incorrect
Incorrect
Incorrect
Incorrect
Incorrect
Incorrect
Correct
Incorrect
Incorrect
Incorrect
Incorrect
Incorrect
Incorrect
Incorrect
Incorrect
Incorrect
Incorrect
Incorrect
Incorrect
Incorrect
Incorrect
Incorrect
Incorrect
Incorrect
Incorrect
Incorrect
Incorrect
Incorrect
Incorrect
Incorrect
Incorrect
Incorrect
Incorrect
Incorrect
Incorrect
Incorrect
Incorrect
Incorrect
Incorrect
Incorrect
Incorrect
Incorrect
Incorrect
Incorrect
Incorrect
Incorrect
Incorrect
Incorrect
Incorrect
Incorrect
Incorrect
Incorrect
Incorrect
Incorrect
Incorrect
Incorrect
Incorrect
Incorrect
Incorrect
Incorrect
Incorrect
Incorrect
Incorrect
Incorrect
Incorrect
Incorrect
Incorrect
Incorrect
Incorrect
Incorrect
Incorrect
Incorrect
Incorrect
Incorrect
Correct
Incorrect
Incorrect
Incorrect
Incorrect
Incorrect
Incorrect
Incorrect
Incorrect
Incorrect
Incorrect
Incorrect
Incorrect
Incorrect
Incorrect
Incorrect
Incorrect
Incorrect
Incorrect
Incorrect
Incorrect
Incorrect
Incorrect
Incorrect
Incorrect
Incorrect
Incorrect
Incorrect
Incorrect
Incorrect
Incorrect
Incorrect
Incorrect
Incorrect
Incorrect
Incorrect
Incorrect
Incorrect
Incorrect
Incorrect
Incorrect
Incorrect
Incorrect
Incorrect
Incorrect
Incorrect
Incorrect
Incorrect
Incorrect
Incorrect
Incorrect
Incorrect
Incorrect
Incorrect
Incorrect
Incorrect
Incorrect
Incorrect
Incorrect
Incorrect
Incorrect
Incorrect
Incorrect
Incorrect
Incorrect
Incorrect
Incorrect
Incorrect
Incorrect
Incorrect
Incorrect
Incorrect
Incorrect
Incorrect
Incorrect
Incorrect
Incorrect
Incorrect
Incorrect
Incorrect
Incorrect
Incorrect
Incorrect
Incorrect
Incorrect
Incorrect
Incorrect
Incorrect
Incorrect
Incorrect
Incorrect
Incorrect
Incorrect
Incorrect
Incorrect
Incorrect
Incorrect
Incorrect
Incorrect
Incorrect
Incorrect
Incorrect
Incorrect
Incorrect
Incorrect
Incorrect
Incorrect
Incorrect
Incorrect
Incorrect
Incorrect
Incorrect
Incorrect
Incorrect
Incorrect
Incorrect
Incorrect
Incorrect
Incorrect
Incorrect
Incorrect
Incorrect
Incorrect
Incorrect
Incorrect
Incorrect
Correct
Incorrect
Correct
Incorrect
Incorrect
Incorrect
Incorrect
Incorrect
Incorrect
Incorrect
Incorrect
Incorrect
Incorrect
Incorrect
Incorrect
Incorrect
Incorrect
Incorrect
Incorrect
Incorrect
Incorrect
Incorrect
Incorrect
Incorrect
Incorrect
Incorrect
Incorrect
Incorrect
Incorrect
Incorrect
Incorrect
Incorrect
Incorrect
Incorrect
Incorrect
Incorrect
Incorrect
Incorrect
Incorrect
Incorrect
Incorrect
Incorrect
Incorrect
Incorrect
Incorrect
Incorrect
Incorrect
Incorrect
Incorrect
Incorrect
Incorrect
Incorrect
Incorrect
Incorrect
Incorrect
Incorrect
Incorrect
Incorrect
Incorrect
Incorrect
Incorrect
Incorrect
Incorrect
Incorrect
Incorrect
Incorrect
Incorrect
Incorrect
Incorrect
Incorrect
Incorrect
Incorrect
Incorrect
Incorrect
Incorrect
Incorrect
Incorrect
Incorrect
Incorrect
Incorrect
Incorrect
Incorrect
Incorrect
Incorrect
Incorrect
Incorrect
Incorrect
Incorrect
Incorrect
Incorrect
Incorrect
Incorrect
Incorrect
Incorrect
Incorrect
Incorrect
Incorrect
Incorrect
Incorrect
Incorrect
Incorrect
Incorrect
Incorrect
Incorrect
Incorrect
Incorrect
Incorrect
Incorrect
Incorrect
Incorrect
Incorrect
Incorrect
Incorrect
Incorrect
Incorrect
Incorrect
Incorrect
Incorrect
Incorrect
Incorrect
Incorrect
Incorrect
Incorrect
Incorrect
Incorrect
Incorrect
Incorrect
Incorrect
Incorrect
Incorrect
Incorrect
Incorrect
Incorrect
Incorrect
Incorrect
Incorrect
Incorrect
Incorrect
Incorrect
Incorrect
Incorrect
Incorrect
Incorrect
Correct
Incorrect
Incorrect
Incorrect
Incorrect
Incorrect
Incorrect
Incorrect
Incorrect
Incorrect
Incorrect
Incorrect
Incorrect
Incorrect
Incorrect
Incorrect
Incorrect
Incorrect
Incorrect
Incorrect
Incorrect
Incorrect
Incorrect
Incorrect
Incorrect
Incorrect
Incorrect
Incorrect
Incorrect
Incorrect
Incorrect
Incorrect
Incorrect
Incorrect
Incorrect
Incorrect
Incorrect
Incorrect
Incorrect
Incorrect
Incorrect
Incorrect
Incorrect
Incorrect
Incorrect
Incorrect
Incorrect
Incorrect
Incorrect
Incorrect
Incorrect
Incorrect
Incorrect
Incorrect
Incorrect
Incorrect
Incorrect
Incorrect
Incorrect
Incorrect
Incorrect
Incorrect
Incorrect
Incorrect
Incorrect
Incorrect
Incorrect
Incorrect
Incorrect
Incorrect
Incorrect
Incorrect
Incorrect
Incorrect
Incorrect
Incorrect
Incorrect
Incorrect
Incorrect
Incorrect
Incorrect
Incorrect
Incorrect
Incorrect
Incorrect
Incorrect
Incorrect
Incorrect
Incorrect
Incorrect
Incorrect
Incorrect
Incorrect
Incorrect
Incorrect
Correct
Incorrect
Incorrect
Incorrect
Incorrect
Incorrect
Incorrect
Incorrect
Incorrect
Incorrect
Incorrect
Incorrect
Incorrect
Incorrect
Incorrect
Incorrect
Incorrect
Incorrect
Incorrect
Incorrect
Incorrect
Incorrect
Incorrect
Incorrect
Incorrect
Incorrect
Incorrect
Incorrect
Incorrect
Incorrect
Incorrect
Incorrect
Incorrect
Incorrect
Incorrect
Incorrect
Incorrect
Incorrect
Incorrect
Incorrect
Incorrect
Incorrect
Incorrect
Incorrect
Incorrect
Incorrect
Incorrect
Incorrect
Incorrect
Incorrect
Incorrect
Incorrect
Incorrect
Incorrect
Incorrect
Incorrect
Incorrect
Incorrect
Incorrect
Incorrect
Incorrect
Incorrect
Incorrect
Incorrect
Incorrect
Incorrect
Incorrect
Incorrect
Incorrect
Incorrect
Incorrect
Incorrect
Incorrect
Incorrect
Incorrect
Incorrect
Incorrect
Incorrect
Incorrect
Incorrect
Incorrect
Incorrect
Incorrect
Incorrect
Incorrect
Incorrect
Incorrect
Incorrect
Incorrect
Incorrect
Incorrect
Incorrect
Incorrect
Incorrect
Incorrect
Incorrect
Incorrect
Incorrect
Incorrect
Incorrect
Incorrect
Incorrect
Incorrect
Incorrect
Correct
Incorrect
Incorrect
Incorrect
Incorrect
Incorrect
Incorrect
Incorrect
Incorrect
Incorrect
Incorrect
Incorrect
Incorrect
Incorrect
Incorrect
Incorrect
Incorrect
Incorrect
Incorrect
Incorrect
Incorrect
Incorrect
Incorrect
Incorrect
Incorrect
Incorrect
Incorrect
Incorrect
Incorrect
Incorrect
Incorrect
Incorrect
Incorrect
Incorrect
Incorrect
Incorrect
Incorrect
Incorrect
Incorrect
Incorrect
Incorrect
Incorrect
Incorrect
Incorrect
Incorrect
Incorrect
Incorrect
Incorrect
Incorrect
Incorrect
Incorrect
Incorrect
Incorrect
Incorrect
Incorrect
Incorrect
Incorrect
Incorrect
Incorrect
Incorrect
Incorrect
Incorrect
Incorrect
Incorrect
Incorrect
Incorrect
Incorrect
Incorrect
Incorrect
Incorrect
Incorrect
Incorrect
Incorrect
Incorrect
Incorrect
Incorrect
Incorrect
Incorrect
Incorrect
Incorrect
Incorrect
Incorrect
Incorrect
Incorrect
Incorrect
Incorrect
Incorrect
Incorrect
Incorrect
Incorrect
Incorrect
Incorrect
Incorrect
Incorrect
Incorrect
Incorrect
Incorrect
Incorrect
Incorrect
Incorrect
Incorrect
Incorrect
Incorrect
Incorrect
Incorrect
Incorrect
Incorrect
Incorrect
Incorrect
Incorrect
Incorrect
Incorrect
Incorrect
Incorrect
Incorrect
Incorrect
Incorrect
Incorrect
Incorrect
Incorrect
Incorrect
Incorrect
Incorrect
Incorrect
Incorrect
Incorrect
Incorrect
Incorrect
Incorrect
Incorrect
Incorrect
Incorrect
Incorrect
Incorrect
Incorrect
Incorrect
Incorrect
Incorrect
Incorrect
Incorrect
Incorrect
Incorrect
Incorrect
Incorrect
Incorrect
Incorrect
Incorrect
Incorrect
Incorrect
Incorrect
Incorrect
Incorrect
Incorrect
Incorrect
Incorrect
Incorrect
Incorrect
Incorrect
Incorrect
Incorrect
Incorrect
Incorrect
Incorrect
Incorrect
Incorrect
Incorrect
Incorrect
Incorrect
Incorrect
Incorrect
Incorrect
Incorrect
Incorrect
Incorrect
Incorrect
Incorrect
Incorrect
Incorrect
Incorrect
Incorrect
Incorrect
Incorrect
Incorrect
Incorrect
Incorrect
Incorrect
Incorrect
Incorrect
Incorrect
Incorrect
Incorrect
Incorrect
Incorrect
Incorrect
Incorrect
Incorrect
Incorrect
Incorrect
Incorrect
Incorrect
Incorrect
Incorrect
Incorrect
Incorrect
Incorrect
Incorrect
Incorrect
Incorrect
Incorrect
Incorrect
Incorrect
Incorrect
Incorrect
Incorrect
Incorrect
Incorrect
Incorrect
Incorrect
Incorrect
Incorrect
Incorrect
Incorrect
Incorrect
Incorrect
Incorrect
Incorrect
Incorrect
Incorrect
Incorrect
Incorrect
Incorrect
Incorrect
Incorrect
Incorrect
Incorrect
Incorrect
Incorrect
Incorrect
Incorrect
Incorrect
Incorrect
Incorrect
Incorrect
Incorrect
Incorrect
Incorrect
Incorrect
Incorrect
Incorrect
Incorrect
Incorrect
Incorrect
Incorrect
Incorrect
Incorrect
Incorrect
Incorrect
Incorrect
Incorrect
Incorrect
Incorrect
Incorrect
Incorrect
Incorrect
Incorrect
Incorrect
Incorrect
Incorrect
Incorrect
Incorrect
Incorrect
Incorrect
Incorrect
Incorrect
Incorrect
Incorrect
Incorrect
Incorrect
Incorrect
Incorrect
Incorrect
Incorrect
Incorrect
Incorrect
Incorrect
Incorrect
Incorrect
Incorrect
Incorrect
Incorrect
Incorrect
Incorrect
Incorrect
Incorrect
Incorrect
Incorrect
Incorrect
Incorrect
Incorrect
Correct
Incorrect
Incorrect
Incorrect
Incorrect
Incorrect
Incorrect
Incorrect
Incorrect
Incorrect
Incorrect
Incorrect
Incorrect
Incorrect
Incorrect
Incorrect
Incorrect
Incorrect
Incorrect
Incorrect
Incorrect
Incorrect
Incorrect
Incorrect
Incorrect
Incorrect
Incorrect
Incorrect
Incorrect
Incorrect
Incorrect
Incorrect
Incorrect
Incorrect
Incorrect
Incorrect
Incorrect
Incorrect
Incorrect
Incorrect
Incorrect
Incorrect
Incorrect
Incorrect
Incorrect
Incorrect
Incorrect
Incorrect
Incorrect
Incorrect
Incorrect
Incorrect
Incorrect
Incorrect
Incorrect
Incorrect
Incorrect
Incorrect
Incorrect
Incorrect
Incorrect
Incorrect
Incorrect
Incorrect
Incorrect
Incorrect
Incorrect
Incorrect
Incorrect
Incorrect
Incorrect
Incorrect
Incorrect
Incorrect
Incorrect
Incorrect
Incorrect
Incorrect
Incorrect
Incorrect
Incorrect
Incorrect
Incorrect
Incorrect
Incorrect
Incorrect
Incorrect
Incorrect
Incorrect
Incorrect
Incorrect
Incorrect
Incorrect
Incorrect
Incorrect
Incorrect
Incorrect
Incorrect
Incorrect
Incorrect
Incorrect
Incorrect
Incorrect
Incorrect
Incorrect
Incorrect
Incorrect
Incorrect
Incorrect
Incorrect
Incorrect
Incorrect
Incorrect
Incorrect
Incorrect
Incorrect
Incorrect
Incorrect
Incorrect
Incorrect
Incorrect
Incorrect
Incorrect
Incorrect
Incorrect
Incorrect
Incorrect
Incorrect
Incorrect
Incorrect
Incorrect
Incorrect
Incorrect
Incorrect
Incorrect
Incorrect
Incorrect
Incorrect
Incorrect
Incorrect
Incorrect
Incorrect
Incorrect
Incorrect
Incorrect
Incorrect
Incorrect
Incorrect
Incorrect
Incorrect
Incorrect
Correct
Incorrect
Incorrect
Incorrect
Incorrect
Incorrect
Incorrect
Incorrect
Incorrect
Incorrect
Incorrect
Incorrect
Incorrect
Incorrect
Incorrect
Incorrect
Incorrect
Incorrect
Incorrect
Incorrect
Incorrect
Incorrect
Incorrect
Incorrect
Incorrect
Incorrect
Incorrect
Incorrect
Incorrect
Incorrect
Incorrect
Incorrect
Incorrect
Incorrect
Incorrect
Incorrect
Incorrect
Incorrect
Incorrect
Incorrect
Incorrect
Incorrect
Incorrect
Incorrect
Incorrect
Incorrect
Incorrect
Incorrect
Incorrect
Incorrect
Incorrect
Incorrect
Incorrect
Incorrect
Incorrect
Incorrect
Incorrect
Incorrect
Incorrect
Incorrect
Incorrect
Incorrect
Incorrect
Incorrect
Incorrect
Incorrect
Incorrect
Incorrect
Incorrect
Incorrect
Incorrect
Incorrect
Incorrect
Incorrect
Incorrect
Incorrect
Incorrect
Incorrect
Incorrect
Incorrect
Incorrect
Incorrect
Incorrect
Incorrect
Incorrect
Incorrect
Incorrect
Incorrect
Incorrect
Incorrect
Incorrect
Incorrect
Incorrect
Incorrect
Incorrect
Incorrect
Incorrect
Incorrect
Incorrect
Incorrect
Incorrect
Incorrect
Incorrect
Incorrect
Incorrect
Incorrect
Incorrect
Incorrect
Incorrect
Incorrect
Incorrect
Incorrect
Incorrect
Incorrect
Incorrect
Incorrect
Incorrect
Incorrect
Incorrect
Incorrect
Incorrect
Incorrect
Incorrect
Incorrect
Incorrect
Incorrect
Incorrect
Incorrect
Incorrect
Incorrect
Incorrect
Incorrect
Incorrect
Incorrect
Incorrect
Incorrect
Incorrect
Incorrect
Incorrect
Incorrect
Incorrect
Incorrect
Incorrect
Incorrect
Incorrect
Incorrect
Incorrect
Incorrect
Incorrect
Incorrect
Incorrect
Incorrect
Incorrect
Incorrect
Incorrect
Incorrect
Incorrect
Correct
Correct
Incorrect
Incorrect
Incorrect
Incorrect
Incorrect
Incorrect
Incorrect
Incorrect
Incorrect
Incorrect
Incorrect
Incorrect
Incorrect
Incorrect
Incorrect
Incorrect
Incorrect
Incorrect
Incorrect
Correct
Incorrect
Incorrect
Incorrect
Incorrect
Incorrect
Incorrect
Incorrect
Incorrect
Incorrect
Incorrect
Incorrect
Incorrect
Incorrect
Incorrect
Incorrect
Incorrect
Incorrect
Incorrect
Incorrect
Incorrect
Incorrect
Incorrect
Incorrect
Incorrect
Incorrect
Incorrect
Incorrect
Incorrect
Incorrect
Incorrect
Incorrect
Incorrect
Incorrect
Incorrect
Incorrect
Incorrect
Incorrect
Incorrect
Incorrect
Incorrect
Incorrect
Incorrect
Incorrect
Incorrect
Incorrect
Incorrect
Incorrect
Incorrect
Incorrect
Incorrect
Incorrect
Incorrect
Incorrect
Incorrect
Incorrect
Incorrect
Incorrect
Incorrect
Incorrect
Incorrect
Incorrect
Incorrect
Incorrect
Incorrect
Incorrect
Incorrect
Incorrect
Incorrect
Incorrect
Incorrect
Incorrect
Incorrect
Incorrect
Incorrect
Incorrect
Incorrect
Incorrect
Incorrect
Incorrect
Incorrect
Incorrect
Incorrect
Incorrect
Incorrect
Incorrect
Incorrect
Incorrect
Incorrect
Incorrect
Incorrect
Incorrect
Incorrect
Incorrect
Incorrect
Incorrect
Incorrect
Incorrect
Incorrect
Incorrect
Incorrect
Incorrect
Correct
Incorrect
Incorrect
Incorrect
Incorrect
Incorrect
Incorrect
Incorrect
Incorrect
Correct
Incorrect
Incorrect
Incorrect
Incorrect
Incorrect
Incorrect
Incorrect
Incorrect
Incorrect
Correct
Incorrect
Incorrect
Incorrect
Incorrect
Incorrect
Incorrect
Incorrect
Incorrect
Incorrect
Incorrect
Incorrect
Incorrect
Incorrect
Incorrect
Incorrect
Incorrect
Incorrect
Incorrect
Incorrect
Incorrect
Incorrect
Incorrect
Incorrect
Incorrect
Incorrect
Incorrect
Incorrect
Incorrect
Incorrect
Incorrect
Incorrect
Incorrect
Incorrect
Incorrect
Incorrect
Incorrect
Incorrect
Incorrect
Incorrect
Incorrect
Incorrect
Incorrect
Incorrect
Incorrect
Incorrect
Incorrect
Incorrect
Incorrect
Incorrect
Incorrect
Incorrect
Incorrect
Incorrect
Incorrect
Incorrect
Incorrect
Incorrect
Incorrect
Incorrect
Incorrect
Incorrect
Incorrect
Incorrect
Incorrect
Incorrect
Incorrect
Incorrect
Incorrect
Incorrect
Incorrect
Incorrect
Incorrect
Incorrect
Incorrect
Incorrect
Incorrect
Incorrect
Incorrect
Incorrect
Incorrect
Incorrect
Incorrect
Incorrect
Incorrect
Incorrect
Incorrect
Incorrect
Incorrect
Incorrect
Incorrect
Incorrect
Incorrect
Incorrect
Incorrect
Incorrect
Incorrect
Incorrect
Incorrect
Incorrect
Incorrect
Incorrect
Incorrect
Incorrect
Incorrect
Incorrect
Incorrect
Incorrect
Incorrect
Incorrect
Incorrect
Incorrect
Incorrect
Incorrect
Incorrect
Incorrect
Incorrect
Incorrect
Incorrect
Incorrect
Incorrect
Incorrect
Incorrect
Incorrect
Incorrect
Incorrect
Incorrect
Incorrect
Incorrect
Incorrect
Incorrect
Incorrect
Incorrect
Incorrect
Incorrect
Incorrect
Incorrect
Incorrect
Incorrect
Incorrect
Incorrect
Incorrect
Incorrect
Incorrect
Incorrect
Incorrect
Incorrect
Incorrect
Incorrect
Incorrect
Incorrect
Incorrect
Incorrect
Incorrect
Incorrect
Incorrect
Incorrect
Incorrect
Incorrect
Incorrect
Incorrect
Incorrect
Incorrect
Incorrect
Incorrect
Incorrect
Incorrect
Incorrect
Incorrect
Incorrect
Incorrect
Incorrect
Incorrect
Incorrect
Incorrect
Incorrect
Incorrect
Incorrect
Incorrect
Incorrect
Incorrect
Incorrect
Incorrect
Incorrect
Incorrect
Incorrect
Incorrect
Incorrect
Incorrect
Incorrect
Incorrect
Incorrect
Incorrect
Incorrect
Incorrect
Incorrect
Incorrect
Incorrect
Incorrect
Incorrect
Incorrect
Incorrect
Incorrect
Incorrect
Incorrect
Incorrect
Incorrect
Incorrect
Incorrect
Incorrect
Incorrect
Incorrect
Incorrect
Incorrect
Incorrect
Incorrect
Incorrect
Incorrect
Incorrect
Incorrect
Incorrect
Incorrect
Incorrect
Incorrect
Correct
Incorrect
Incorrect
Incorrect
Incorrect
Incorrect
Incorrect
Incorrect
Incorrect
Incorrect
Incorrect
Incorrect
Incorrect
Incorrect
Incorrect
Incorrect
Incorrect
Incorrect
Incorrect
Incorrect
Incorrect
Incorrect
Incorrect
Incorrect
Incorrect
Incorrect
Incorrect
Incorrect
Incorrect
Incorrect
Incorrect
Incorrect
Incorrect
Incorrect
Incorrect
Incorrect
Incorrect
Incorrect
Incorrect
Incorrect
Incorrect
Incorrect
Incorrect
Incorrect
Incorrect
Incorrect
Incorrect
Incorrect
Incorrect
Incorrect
Incorrect
Incorrect
Incorrect
Incorrect
Incorrect
Incorrect
Incorrect
Incorrect
Incorrect
Incorrect
Incorrect
Incorrect
Incorrect
Incorrect
Incorrect
Incorrect
Incorrect
Incorrect
Incorrect
Incorrect
Incorrect
Incorrect
Incorrect
Incorrect
Incorrect
Incorrect
Incorrect
Incorrect
Incorrect
Incorrect
Incorrect
Incorrect
Incorrect
Incorrect
Incorrect
Incorrect
Incorrect
Incorrect
Incorrect
Incorrect
Incorrect
Incorrect
Incorrect
Incorrect
Incorrect
Incorrect
Incorrect
Incorrect
Incorrect
Incorrect
Incorrect
Incorrect
Incorrect
Incorrect
Incorrect
Incorrect
Incorrect
Incorrect
Incorrect
Incorrect
Incorrect
Incorrect
Incorrect
Incorrect
Incorrect
Incorrect
Incorrect
Incorrect
Incorrect
Incorrect
Incorrect
Incorrect
Incorrect
Incorrect
Incorrect
Incorrect
Incorrect
Incorrect
Incorrect
Incorrect
Incorrect
Incorrect
Incorrect
Incorrect
Incorrect
Incorrect
Incorrect
Incorrect
Incorrect
Incorrect
Incorrect
Incorrect
Incorrect
Incorrect
Incorrect
Incorrect
Incorrect
Incorrect
Incorrect
Incorrect
Incorrect
Incorrect
Incorrect
Incorrect
Incorrect
Incorrect
Incorrect
Incorrect
Incorrect
Incorrect
Incorrect
Incorrect
Incorrect
Incorrect
Incorrect
Incorrect
Incorrect
Incorrect
Incorrect
Incorrect
Incorrect
Incorrect
Incorrect
Incorrect
Incorrect
Incorrect
Incorrect
Incorrect
Incorrect
Incorrect
Incorrect
Incorrect
Incorrect
Incorrect
Incorrect
Incorrect
Incorrect
Incorrect
Incorrect
Incorrect
Incorrect
Incorrect
Incorrect
Incorrect
Incorrect
Incorrect
Incorrect
Incorrect
Incorrect
Incorrect
Incorrect
Incorrect
Incorrect
Incorrect
Incorrect
Incorrect
Incorrect
Incorrect
Incorrect
Incorrect
Incorrect
Incorrect
Incorrect
Incorrect
Incorrect
Incorrect
Incorrect
Incorrect
Incorrect
Incorrect
Incorrect
Incorrect
Incorrect
Incorrect
Incorrect
Incorrect
Incorrect
Incorrect
Incorrect
Incorrect
Incorrect
Incorrect
Incorrect
Incorrect
Incorrect
Incorrect
Incorrect
Incorrect
Incorrect
Incorrect
Incorrect
Incorrect
Incorrect
Incorrect
Incorrect
Incorrect
Incorrect
Incorrect
Incorrect
Incorrect
Incorrect
Incorrect
Incorrect
Incorrect
Incorrect
Incorrect
Incorrect
Incorrect
Incorrect
Incorrect
Incorrect
Incorrect
Incorrect
Incorrect
Incorrect
Incorrect
Incorrect
Incorrect
Incorrect
Incorrect
Incorrect
Incorrect
Incorrect
Incorrect
Incorrect
Incorrect
Incorrect
Incorrect
Incorrect
Incorrect
Incorrect
Incorrect
Incorrect
Incorrect
Incorrect
Incorrect
Incorrect
Incorrect
Incorrect
Incorrect
