152
RRRRRRRRRRRDRRRRRRRUUU..................................................................................................................................
LLLLLLLLLLLLLLLLLLLLLLLLLLLLLLLLLLLLLLLLLLLLLLUU........................................................................................................
LLLLLLLLLLLLLLLLLLLLLLLLLLLLLLLLLLUUULUUUUUU............................................................................................................
RRRRRRRRRRRRRRRRRRRRRUUUUUURUUUUUU......................................................................................................................
RUUUUUURUUUUUU..........................................................................................................................................
LLLUUUUUULUUUUUU........................................................................................................................................
RRRRRRRRRRRRRRRRRRRRRRRRRRRRRRUUUUUUUUURUUUUUU..........................................................................................................
LLLLLLLLLLLLLLLLLLLLULLLLLLLLLLLLLLLLLLLLLUUUUUUUULUUUUUU...............................................................................................
RRRRRRRRRRRRRRRRRRRRRUUUUUUUUUUURUUUUUU.................................................................................................................
RRRRRRRRRRRRRRRRRRRRRRRRRRRRRUUUUUUUUUUUUUUURUUUUUU.....................................................................................................
RRRRRRRRRRRRRRRRUUUUUUUUUUUUUUURUUUUUU..................................................................................................................
LLLLLLLLLLLLLLLLLLLLLLLLLUUUUUUUUUUUUUUULUUUUUU.........................................................................................................
..LLLLLLLLLLLLLLLLLLLLLLLLLLLLLLLLLLLLLLLLLLLLUUUUUUUUUUUUUUUUUUUULUUUUUU...............................................................................
LLLLLLUUUUUUUUUUUUUUUUUUUUUUUULUUUUUU...................................................................................................................
.....LLLLLLLLLLLLLLLLLLLLLLLLLLLLLLLLLLLLLLLLLLLLUUUUUUUUUUUUUUUUUUUUUUUUULUUUUUU.......................................................................
RRRRRRRRRRRRRRRRRRRRRRRRRRRRRRRRRUUUUUUUUUUUUUUUUUUUUUUUUUURUUUUUU......................................................................................
.RUUUUUUUUUUUUUUUUUUUUUUUUUURUUUUUU.....................................................................................................................
.....LLLLLLLLLLLLLLLLLLLLLLLLLLLLLLLLLLLLULLLLLLLLLLLLUUUUUUUUUUUUUUUUUUUUUUUUULUUUUUU..................................................................
.......LLLLLLLLLLLLLLLLLLLLLLLLLLLLLLLLLLLLLLLLLLLLLLLLLLUUUUUUUUUUUUUUUUUUUUUUUUUUUULUUUUUU............................................................
......LLLLLLLLLLLLLLLLLLULLLLLLLLLLLLLLLLLLLLLLLLLLLLLUUUUUUUUUUUUUUUUUUUUUUUUUUUULUUUUUU...............................................................
.LLLLLLLLLLLLLLLLLLLLLLLLLLLLLUUUUUUUUUUUUUUUUUUUUUUUUUUUUUULUUUUUU.....................................................................................
....LLLLLLLLLLLLLLLLLLLLLLLLLLLLLLLLLLLUUUUUUUUUUUUUUUUUUUUUUUUUUUUUUULUUUUUU...........................................................................
.RRRRRRURRRRRRRRRRRRRRRRRRRRRRUUUUUUUUUUUUUUUUUUUUUUUUUUUUUUUURUUUUUU...................................................................................
..LLLLLLLLLLLLLLLLLUUUUUUUUUUUUUUUUUUUUUUUUUUUUUUUUULUUUUUU.............................................................................................
.RRRRRRRRRRRRRRRRRRRRRUUUUUUUUUUUUUUUUUUUUUUUUUUUUUUUUUUURUUUUUU........................................................................................
..LLLULLLLLLLLLLLLLUUUUUUUUUUUUUUUUUUUUUUUUUUUUUUUUUULUUUUUU............................................................................................
.....LLLLLLLLLLLLLLLLLLLLLLULLLLLLLLLLLLLUUUUUUUUUUUUUUUUUUUUUUUUUUUUUUUUUULUUUUUU......................................................................
..........LLLLLLLLLLLLLLLLULLLLLLLLLLLLLLLLLLLLLLLLLLLUUUUUUUUUUUUUUUUUUUUUUUUUUUUUUUUUUUULUUUUUU.......................................................
......RRRRRRRRRRRRRRRRRRRRRRRRRRRRRRRRUUUUUUUUUUUUUUUUUUUUUUUUUUUUUUUUUUUUUURUUUUUU.....................................................................
LLLLLLLLLLLUUUUUUUUUUUUUUUUUUUUUUUUUUUUUUUUUUUUUULUUUUUU................................................................................................
..DLLLLLLLLLLLLLLLLLLLLLLLLLLUUUUUUUUUUUUUUUUUUUUUUUUUUUUUUUUUUUUUUULUUUUUU.............................................................................
............LLLLLLLLLLLLLLLLLLLLLLLLLLLLLUULLLLLLLLLLLLLLLLLLLLLLLLLLLUUUUUUUUUUUUUUUUUUUUUUUUUUUUUUUUUUUULUUUUUU.......................................
...RRRRRRRRRRRRRRRRRRRRRRRRRRUUUUUUUUUUUUUUUUUUUUUUUUUUUUUUUUUUUUUUUURUUUUUU............................................................................
.RRRRRRRRRRRRRRRRRRRUUUUUUUUUUUUUUUUUUUUUUUUUUUUUUUUUUUUUUUUURUUUUUU....................................................................................
RRRRRRRRRRRRRUUUUUUUUUUUUUUUUUUUUUUUUUUUUUUUUUUUUUUUUURUUUUUU...........................................................................................
.LLLLLLLLLUUUUUUUUUUUUUUUUUUUUUUUUUUUUUUUUUUUUUUUUULUUUUUU..............................................................................................
........LLLLLLLLLLLLLLLLLLLLLLLLLLLLLLLLLLLLLLLUUUUUUUUUUUUUUUUUUUUUUUUUUUUUUUUUUUUUUUUULUUUUUU.........................................................
............LLLLLULLLLLLLLLLLLLLLLLLLLLLLLLLLULLLLLLLLLLLLUUUUUUUUUUUUUUUUUUUUUUUUUUUUUUUUUUUUUUUUULUUUUUU..............................................
....LLLLLLLLLLLLLLLLLULLLLLLLLLLLLLUUUUUUUUUUUUUUUUUUUUUUUUUUUUUUUUUUUUUUUUUUULUUUUUU...................................................................
RRRRRRRRRUUUUUUUUUUUUUUUUUUUUUUUUUUUUUUUUUUUUUUUUUUUUUUURUUUUUU.........................................................................................
...........LLLLLLLLLLLLLLLLLLLLLLLLLLLLLLLLLLLLLLUUUUUUUUUUUUUUUUUUUUUUUUUUUUUUUUUUUUUUUUUUUUUUUULUUUUUU................................................
.............LLLLLLLLLLLLLLLLLLLLLLLLLLLLLLLLLLLLLLLULLLLLLLLLLLLLLLLLUUUUUUUUUUUUUUUUUUUUUUUUUUUUUUUUUUUUUUUUUUUUUUUULUUUUUU...........................
..........LLLLLLLLLLLLLLLLLLLLLLLLLLLLLUUUUUUUUUUUUUUUUUUUUUUUUUUUUUUUUUUUUUUUUUUUUUUUUUUUULUUUUUU......................................................
RRUUUUUUUUUUUUUUUUUUUUUUUUUUUUUUUUUUUUUUUUUUUUUUUUUUUUURUUUUUU..........................................................................................
............LLLLLLLLLLLLLLLLLLLLLLLLLLLLLLLLLLLLLLLLLLLUUUUUUUUUUUUUUUUUUUUUUUUUUUUUUUUUUUUUUUUUUUUUUUUUUUUULUUUUUU.....................................
..............LLLLLLLLLLLLLLLLLLLLLLLLLLLLLLLLLLLLLLLLLLLLLLUUUUUUUUUUUUUUUUUUUUUUUUUUUUUUUUUUUUUUUUUUUUUUUUUUUUULUUUUUU................................
...........RRRRRRRRRRRRRRRRRRRRRRRRRRRUUUUUUUUUUUUUUUUUUUUUUUUUUUUUUUUUUUUUUUUUUUUUUUUUUUUUURUUUUUU.....................................................
LLLLLLLLLLUUUUUUUUUUUUUUUUUUUUUUUUUUUUUUUUUUUUUUUUUUUUUUUUUUUUUULUUUUUU.................................................................................
..............LLLULLLLLLLLLLLLLLLLLLLLLLLLLLLLLLLLLLLLLLLLUUUUUUUUUUUUUUUUUUUUUUUUUUUUUUUUUUUUUUUUUUUUUUUUUUUUULUUUUUU..................................
......RRRRRRRRRRRRRRRRRRRRRUUUUUUUUUUUUUUUUUUUUUUUUUUUUUUUUUUUUUUUUUUUUUUUUUUUUUUUURUUUUUU..............................................................
.RRRRRRRUUUUUUUUUUUUUUUUUUUUUUUUUUUUUUUUUUUUUUUUUUUUUUUUUUUUUUUUURUUUUUU................................................................................
....LLLLLLLLLLLLUUUUUUUUUUUUUUUUUUUUUUUUUUUUUUUUUUUUUUUUUUUUUUUUUUUUUUUUULUUUUUU........................................................................
.......LLLLLLLLLLLLLLLLLLLLLLUUUUUUUUUUUUUUUUUUUUUUUUUUUUUUUUUUUUUUUUUUUUUUUUUUUUUUUUULUUUUUU...........................................................
..........LLLLLLLLLLLLLLLLLLLLLLLLLLLLLLLLLLLLLLLLLLLLLLLLLLLLLLLLLLLUUUUUUUUUUUUUUUUUUUUUUUUUUUUUUUUUUUUUUUUUUUUUUUUUUUUUUUUUULUUUUUU..................
.....RRRRRRRUUUUUUUUUUUUUUUUUUUUUUUUUUUUUUUUUUUUUUUUUUUUUUUUUUUUUUUUUUURUUUUUU..........................................................................
...........LLLLLLLLLLLLLLLLLLLLLLLLLLLUUUUUUUUUUUUUUUUUUUUUUUUUUUUUUUUUUUUUUUUUUUUUUUUUUUUUUUUUUUULUUUUUU...............................................
............LLLLLLLLLLLLLLLLLLLLLLLLLLLLLLLLLLLLLLLLLLLLLLLLLUUUUUUUUUUUUUUUUUUUUUUUUUUUUUUUUUUUUUUUUUUUUUUUUUUUUUUUUUUUULUUUUUU........................
............LLLLLLLLLLLLLLLLLLLLLLLLLLLLLLLLUUUUUUUUUUUUUUUUUUUUUUUUUUUUUUUUUUUUUUUUUUUUUUUUUUUUUUUUUUUUULUUUUUU........................................
.........LLLLLLLLLLLLLLLLLLLLLLLLLLLLLLLLLLLLLLLLLLLLLLLLLLLLLUUUUUUUUUUUUUUUUUUUUUUUUUUUUUUUUUUUUUUUUUUUUUUUUUUUUUUUUUUUUULUUUUUU......................
............LLLLLLLLLLLLLLLLLLLLLLLLLLLLLLUUUUUUUUUUUUUUUUUUUUUUUUUUUUUUUUUUUUUUUUUUUUUUUUUUUUUUUUUUUUUULUUUUUU.........................................
.....RRRRRRRRRRRRUUUUUUUUUUUUUUUUUUUUUUUUUUUUUUUUUUUUUUUUUUUUUUUUUUUUUUUUUUUUUUURUUUUUU.................................................................
.....RRRRUUUUUUUUUUUUUUUUUUUUUUUUUUUUUUUUUUUUUUUUUUUUUUUUUUUUUUUUUUUUUUURUUUUUU.........................................................................
..RRUUUUUUUUUUUUUUUUUUUUUUUUUUUUUUUUUUUUUUUUUUUUUUUUUUUUUUUUUUUUUUURUUUUUU..............................................................................
.........RRRRRRRRRRRRRRRRUUUUUUUUUUUUUUUUUUUUUUUUUUUUUUUUUUUUUUUUUUUUUUUUUUUUUUUUUUUUUUUURUUUUUU........................................................
..........LLLLLLLLLLLLLLLLLLLLULUUUUUUUUUUUUUUUUUUUUUUUUUUUUUUUUUUUUUUUUUUUUUUUUUUUUUUUUUUUUUUULUUUUUU..................................................
....RRRRRRRRUUUUUUUUUUUUUUUUUUUUUUUUUUUUUUUUUUUUUUUUUUUUUUUUUUUUUUUUUUUUUUUUURUUUUUU....................................................................
..........LLLLLLLLLLLLLLLLLLLLLLLLLLLLLLLLLLLLLLLLLLLLLLLLLLLLUULUUUUUUUUUUUUUUUUUUUUUUUUUUUUUUUUUUUUUUUUUUUUUUUUUUUUUUUUUUUUUUULUUUUUU.................
.............LLLLLLLLLLLLLLLLLLLLLLLUUULUUUUUUUUUUUUUUUUUUUUUUUUUUUUUUUUUUUUUUUUUUUUUUUUUUUUUUUUUUUUUUULUUUUUU..........................................
.....LLLLLLLUUUUULUUUUUUUUUUUUUUUUUUUUUUUUUUUUUUUUUUUUUUUUUUUUUUUUUUUUUUUUUUUUUUULUUUUUU................................................................
..........LLLLLLLLLLLLLLLLLLLLLLLLLLLLLLLLLLLLLLLLLLLLLLUUUUULUUUUUUUUUUUUUUUUUUUUUUUUUUUUUUUUUUUUUUUUUUUUUUUUUUUUUUUUUUUUUUULUUUUUU....................
...........RRRRRRRRRRRRUUUUUUUUUUUUUUUUUUUUUUUUUUUUUUUUUUUUUUUUUUUUUUUUUUUUUUUUUUUUUUUUUUUUUURUUUUUU....................................................
............LLLLLLLLLLLLLLLLLLLLLLLLLLLLLLLUUUUUUULUUUUUUUUUUUUUUUUUUUUUUUUUUUUUUUUUUUUUUUUUUUUUUUUUUUUUUUUUUUUUUULUUUUUU...............................
..........RRRRRRRRRRRRRUUUUUUUUUUUUUUUUUUUUUUUUUUUUUUUUUUUUUUUUUUUUUUUUUUUUUUUUUUUUUUUUUUUUUUURUUUUUU...................................................
............RRRRRRRRRRRRRRRRRRRRRRRRRUUUUUUUUUUUUUUUUUUUUUUUUUUUUUUUUUUUUUUUUUUUUUUUUUUUUUUUUUUUUUUUUUUUUUUUURUUUUUU....................................
.......RRRRRRRUUUUUUUUUUUUUUUUUUUUUUUUUUUUUUUUUUUUUUUUUUUUUUUUUUUUUUUUUUUUUUUUUUUUUUUUURUUUUUU..........................................................
............RRRRRRRRRRRRRRRRRRRRRRRRRRRRRRRUUUUUUUUUUUUUUUUUUUUUUUUUUUUUUUUUUUUUUUUUUUUUUUUUUUUUUUUUUUUUUUUUUUUUUUUUURUUUUUU............................
.............RRRRRRURRRRRRRRRRRRRRRUUUUUUUUUUUUUUUUUUUUUUUUUUUUUUUUUUUUUUUUUUUUUUUUUUUUUUUUUUUUUUUUUUUUUUUUUUURUUUUUU...................................
.......LLLLLLLLLLLLLLLLLLLLLLLLLLLLLLLLLLLLLLLLLLLLLLLLLLUUUUUUUUUUUUULUUUUUUUUUUUUUUUUUUUUUUUUUUUUUUUUUUUUUUUUUUUUUUUUUUUUUUUUUUUUUUULUUUUUU...........
..........RRRRRRRRRRRRRRRRRRRRRRRRRRRRRRRRURRRUUUUUUUUUUUUUUUUUUUUUUUUUUUUUUUUUUUUUUUUUUUUUUUUUUUUUUUUUUUUUUUUUUUUUUUUUUUURUUUUUU.......................
.......UUUUUUUUUUUUUUUUUUUUUUUUUUUUUUUUUUUUUUUUUUUUUUUUUUUUUUUUUUUUUUUUUUUUUUUUUUUUURUUUUUU.............................................................
...........LLLLLLLLLLUUUUUUUUUUUUUUULUUUUUUUUUUUUUUUUUUUUUUUUUUUUUUUUUUUUUUUUUUUUUUUUUUUUUUUUUUUUUUULUUUUUU.............................................
............LLLLLLLLULLLLLLLLLLLLLLLLLLLLLUUUUUUUUUUUUUULUUUUUUUUUUUUUUUUUUUUUUUUUUUUUUUUUUUUUUUUUUUUUUUUUUUUUUUUUUUUUUULUUUUUU.........................
..........LLLLLLUUUUUUUUUUUUUUUULUUUUUUUUUUUUUUUUUUUUUUUUUUUUUUUUUUUUUUUUUUUUUUUUUUUUUUUUUUUUUUULUUUUUU.................................................
.......LLLLLLLLLLLLLLLLLLLLLLLLLLLLLLLLLLLLLLLLLLUUUUUUUUUUUUUUUUUULUUUUUUUUUUUUUUUUUUUUUUUUUUUUUUUUUUUUUUUUUUUUUUUUUUUUUUUUUUUUUUULUUUUUU..............
.........LLLLLLLLLLLLLLLLLLLLLLLLLLLLLLLLUUUUUUUUUUUUUUUUUUULUUUUUUUUUUUUUUUUUUUUUUUUUUUUUUUUUUUUUUUUUUUUUUUUUUUUUUUUUUUUUUULUUUUUU.....................
.......LLLLLLLLLLLLLLLLLLLLLLLLLLLLLLLLLLLLLLLUUUUUUUUUUUUUUUUUUULUUUUUUUUUUUUUUUUUUUUUUUUUUUUUUUUUUUUUUUUUUUUUUUUUUUUUUUUUUUUUUULUUUUUU................
..............RRRRRRRRRRRRRRUUUUUUUUUUUUUUUUUUUUUUUUUUUUUUUUUUUUUUUUUUUUUUUUUUUUUUUUUUUUUUUUUUUUUUUUUUUUUUUUUUUURUUUUUU.................................
............RRRRUUUUUUUUUUUUUUUUUUUUUUUUUUUUUUUUUUUUUUUUUUUUUUUUUUUUUUUUUUUUUUUUUUUUUUUUUUUUUUUUUUUUUURUUUUUU...........................................
.......LLLLLLLLLLLLLLLLLLLLLLLLLLLLLLLLLLLLLUUUUUUUUUUUUUUUUUUUUUUUULUUUUUUUUUUUUUUUUUUUUUUUUUUUUUUUUUUUUUUUUUUUUUUUUUUUUUUUUUUUUUUULUUUUUU.............
.............LLLLLLLLLLLLLUUUUUUUUUUUUUUUUUUUUUUUUULUUUUUUUUUUUUUUUUUUUUUUUUUUUUUUUUUUUUUUUUUUUUUUUUUUUUUUUUUUUUUUULUUUUUU..............................
...........LLLLLLLLLLLLLLLLLLLLLLLLLLUUUUUUUUUUUUUUUUUUUUUUUUULUUUUUUUUUUUUUUUUUUUUUUUUUUUUUUUUUUUUUUUUUUUUUUUUUUUUUUUUUUUUUUULUUUUUU...................
......LLLLLLLLLLLLLLLLLLLLLLLLLLLLLLLLLLLUUUUUUUUUUUUUUUUUUUUUUUUULUUUUUUUUUUUUUUUUUUUUUUUUUUUUUUUUUUUUUUUUUUUUUUUUUUUUUUUUUUUUUUULUUUUUU...............
LLLLLLLLLLLLLLLLLLLLLLLLLLLLLLLLLLLLLLLLLLLLLLLLLLLLUUUUUUUUUUUUUUUUUUUUUUUUUULUUUUUUUUUUUUUUUUUUUUUUUUUUUUUUUUUUUUUUUUUUUUUUUUUUUUUUUUUUUUUUULUUUUUU...
LLLLLLLLLLLLLLLLLLLLLLLLLLLLLLLLLLLLLLLLLLLLLLLLLLLLLLLUUUUUUUUUUUUUUUUUUUUUUUUUULUUUUUUUUUUUUUUUUUUUUUUUUUUUUUUUUUUUUUUUUUUUUUUUUUUUUUUUUUUUUUUULUUUUUU
...........UUUUUUUUUUUUUUUUUUUUUUUUUUUUUUUUUUUUUUUUUUUUUUUUUUUUUUUUUUUUUUUUUUUUUUUUUUUUUUUUUUUUUUUUUURUUUUUU............................................
............LLLLLLLLLLLLLLLLUUUUUUUUUUUUUUUUUUUUUUUUUUULUUUUUUUUUUUUUUUUUUUUUUUUUUUUUUUUUUUUUUUUUUUUUUUUUUUUUUUUUUUUUUULUUUUUU..........................
..............LLLLLLLLLLUUUUUUUUUUUUUUUUUUUUUUUUUUUULUUUUUUUUUUUUUUUUUUUUUUUUUUUUUUUUUUUUUUUUUUUUUUUUUUUUUUUUUUUUUUULUUUUUU.............................
........LLLLLLLLLLLLLLLULLLLLLLLLLLLLLLLLLUUUUUUUUUUUUUUUUUUUUUUUUUUULUUUUUUUUUUUUUUUUUUUUUUUUUUUUUUUUUUUUUUUUUUUUUUUUUUUUUUUUUUUUUUULUUUUUU............
.............RRUUUUUUUUUUUUUUUUUUUUUUUUUUUUUUUUUUUUUUUUUUUUUUUUUUUUUUUUUUUUUUUUUUUUUUUUUUUUUUUUUUUUUUUUUUUURUUUUUU......................................
...LLLLLLLLLLLLLLLLLLLLLLLLLLLLLLLLLLLLLLLUUUUUUUUUUUUUUUUUUUUUUUUUUUUULUUUUUUUUUUUUUUUUUUUUUUUUUUUUUUUUUUUUUUUUUUUUUUUUUUUUUUUUUUUUUUULUUUUUU..........
