143
.RRRDDRRRRRRRRRRRRDRRRRRRRRRRRRRRRRRDDDDDDDDDDDDDDDDDDDDDDDDDDDDDDDDDDDDDDDDDDDRDDDDDDDDDDDDDDDDDDDDDDDDRDDDDDDDDDDDDDDDDDDDDDDDDDDDDD.........
.DDDDDDDDDDDDDDDDDDDDDDDDDDDDDDDLDDDDDDDDDDDDDDDDLDDDDDLDDDDDDDDDDDDDDDDDDDDDDDDDDDDDDDDDDDDDDDDDDDLDD.........................................
.DDDDDDDDDDDDDDDDDDDDDDDDDDDDDDDDDDDDDDDDDDDDDDDDDDDDDDDDDDDDDDLDDDDDDDDDDDDDDDDDLDDLDDDDDDDDDDDDLLLLLLLLLLLLDD................................
.DDDDDDDDDDDDDDDDDDDDDDDDDDDDDDDDDDDDDDLDDDDDDDDDDDDDDDDDLDDDDDDDDDDDDDDDDDDDDDDDDDDDLDDDDDDDDDLLLLLLLLLLLLLLLLLLLLLLLLLLDD....................
.DDDDDDDDDDDDDDDDDDDDDDDDDDDDDDDDDDDDDDDDDDDDDDDDDDDDDDDDDDDDDDDDDDDDDLDDDDDDDDDDDDDDDDDDDDDDLLLLLLLLLLLLLLLLLLLLLLLLLLLLLLLLLLLDD.............
RRRRRRRRRRRRRRRRRRRRRRRRRRRRRDRRRRRRRRRRRRRRRRRRRRDDDDDDDDDDDDDDDDDDDDDDDDDDDDDDDDDDDDDDRDDDDDDDDDDDDDDDDDDDDDDDDRDDDDDDDDDDDDDDDDDDDDDDDDDDDDD
DDDDDDDDDDDDDDDDDDDDDDDDDDLDDDDDDDDDDDDDDDDDDDDDDDDDDDDDDDDDDDDDDDDDDDDDDDDLDDDDDDDDDDDDDDDDLLLLLLLLLLLLLLLLLLLLLLLLLLLLLLLLLLLLLLDD...........
RRRRRRRRRRRRRRRRRRRRRRRRRRRRRRRRRRRRRRRRDDDDDDDDDDDDDDDDDDDDDDDDDDDDDDDDDDDDDDRDDDDDDDDDDDDDDDDDDDDDDDDRDDDDDDDDDDDDDDDDDDDDDDDDDDDDD..........
...DDDDDDDDDDDDDDDDDDDDDDDDDDDDDDDDDDDDDDDDDDDDDDDDDDDDDDDDDDLDDDDDDDDDDDDDDDDDLDDLDDDDDDDDDDDDLLLLLLLLLLLLDD..................................
...DDDDDDDDDDDDDDDDDDDDDDDDDDDDDDDDDDDDDDDDDDDDDDDDDDDDDDDDDLDDDDDDDDDDDDDDDDDLDDLDDDDDDDDDDDDLLLLLLLLLLLLDD...................................
RRRRRRRRRRRRRRRRRRRRRRRRRRRRRRRRRRRRRDDDDDDDDDDDDDDDDDDDDDDDDDDDDDDDDDDDDRDDDDDDDDDDDDDDDDDDDDDDDDRDDDDDDDDDDDDDDDDDDDDDDDDDDDDD...............
...DDDDDDDDDDDDDDDDDDDDDDDDDDDDDDDDDDDDDDDDDDDDDDDDDDDDDDDLDDDDDDDDDDDDDDDDDLDDLDDDDDDDDDDDDLLLLLLLLLLLLDD.....................................
..RRRRRRRRRRRDRRRRRRRRRRRRRRDDDDDDDDDDDDDDDDDDDDDDDDDDDDDDDRDDDDDDDDDDDDDDDDDDDDDDDDRDDDDDDDDDDDDDDDDDDDDDDDDDDDDD.............................
..DDDDDDDDDLDDDDLDDDDDDDDDDDDDDDDDDDDDDDDDDDDDDDDDDDDDDLDDDDDDDDDDDDDDDDDLDDLDDDDDDDDDDDDLLLLLLLLLLLLDD........................................
.RRRRRRRRRRRRDRRRRRRRRRRRRRRDRRRRRRRRDDDDDDDDDDDDDDDDDDDDDDDDDDDDRDDDDDDDDDDDDDDDDDDDDDDDDRDDDDDDDDDDDDDDDDDDDDDDDDDDDDD.......................
..DDDDDDDDDLLDDDDDDDDDDDDDDDDDDDDDDLDDDDDDDDDDDDDDLLDDDDDDDDDDDDDDDDDDDDDDDDDDDLDDDDDDDDDLLLLLLLLLLLLLLLLLLLLLLLLLLDD..........................
.DDDDDDDDDDDDDDDDDDDDDDDDDDDDDDDDDDDLDDDDDDDDDDDDDDDDDDDDDDDDDLDDDDDDDDDDDDDDDDDDDLLLLLLLLLLLLLLLLDD...........................................
RRRRRRRRRRRRRRRRRRRRRRRRRRRRRRRRRRRRRRRRRRRRRRDRRRRRDDDDDDDDDDDDDDDDDDDDDDDDRDDDDDDDDDDDDDDDDDDDDDDDDRDDDDDDDDDDDDDDDDDDDDDDDDDDDDD............
RRRRRRRRRRRRRRRRRRRRRRRRRRRRRRRRRRRRRRRRDRRRRRDDDDDDDDDDDDDDDDDDDDDDDDRDDDDDDDDDDDDDDDDDDDDDDDDRDDDDDDDDDDDDDDDDDDDDDDDDDDDDD..................
.RRRRRRRRRRRRRRRRDRRRRDDDDDDDDDDDDDDDDDDDDDDRDDDDDDDDDDDDDDDDDDDDDDDDRDDDDDDDDDDDDDDDDDDDDDDDDDDDDD............................................
RRDRRRRRRDRRRRRDDRDRRRRRRRRRRRRRRRRRRRRRRRRRRRRRRRDDDDDDDDDDDDDDDDDRDDDDDDDDDDDDDDDDDDDDDDDDRDDDDDDDDDDDDDDDDDDDDDDDDDDDDD.....................
..RRRRDRRRRRRRRRRRRRRRRRRRRRRRRRRRRRRRRDDDDDDDDDDDDDDDDDDDDDRDDDDDDDDDDDDDDDDDDDDDDDDRDDDDDDDDDDDDDDDDDDDDDDDDDDDDD............................
RRRRRRRRRRRRRRRRRRRRRRRDRDRRRRRRRRRRRRRRRRRRRRRRRRRRRRRRRDDDDDDDDDDDDDDDDDRDDDDDDDDDDDDDDDDDDDDDDDDRDDDDDDDDDDDDDDDDDDDDDDDDDDDDD..............
..RRRRRRRRRRRRRRRRDRDRRRRRRRRRRRRRRRRRRRRRRRRRRRRRRRDDDDDDDDDDDDDDDDDRDDDDDDDDDDDDDDDDDDDDDDDDRDDDDDDDDDDDDDDDDDDDDDDDDDDDDD...................
.DDDDDDLDDDDDDDDDDDDDDDDDDDDDDDDDDDDDDDDDDDDDDDDDDDDDDDDLDDDDDDDDDDDDDDDDLLLLLLLLLLLLLLLLLLLLLLLLLLLLLLLLLLLLLLDD..............................
RRRRRRRRRRRRRRRRRRRRRRRRDRRRRRRRRRRRRRRRRRRDDDDDDDDDDDDDDRDDDDDDDDDDDDDDDDDDDDDDDDRDDDDDDDDDDDDDDDDDDDDDDDDDDDDD...............................
RRRDRRRRRRRRRRRRRRRRRRDDDDDDDDDDDDDDRDDDDDDDDDDDDDDDDDDDDDDDDRDDDDDDDDDDDDDDDDDDDDDDDDDDDDD....................................................
.DDDLLDDDDDDDDDDDDDDDDDDLDDDDDDDDDDDDDDDDDDDDDDDDDLDDDDDDDDDDDDDDDDDDDLLLLLLLLLLLLLLLLDD.......................................................
RDRRRRRRRRRRRRRRRRRRRRRRRRRRRRRRRRRRRRRRRRRRRRRRRRRRDDDDDDDDDDDDRDDDDDDDDDDDDDDDDDDDDDDDDRDDDDDDDDDDDDDDDDDDDDDDDDDDDDD........................
...DDDDDDDDDDDDDDDDDDDDDDDDDDDDDDDDDDDDDDDDDDLDDDDDDDDDDDDDDDDDDDDDDLLLLLLLLLLLLLLLLLLLLLLLLLLLLLLLLLLLDD......................................
RRRRRRRRRRRRRRRRRRRRDDDDDDDDDDDDRDDDDDDDDDDDDDDDDDDDDDDDDRDDDDDDDDDDDDDDDDDDDDDDDDDDDDD........................................................
RRRRRRRRRRRRRDDDDDDDDDDDDRDDDDDDDDDDDDDDDDDDDDDDDDRDDDDDDDDDDDDDDDDDDDDDDDDDDDDD...............................................................
...DDDDDDDDDDDDDDDDDDDDDDDDDDDDDDDDDDDDDDDDDDDDDDDLDDDDDDDDDDDDDDDDLLLLLLLLLLLLLLLLLLLLLLLLLLLLLLLLLLLLLLDD....................................
RRRRRRRRRRRRRRDRRRRRRDDDDDDDDDDRDDDDDDDDDDDDDDDDDDDDDDDDRDDDDDDDDDDDDDDDDDDDDDDDDDDDDD.........................................................
.....DDDDDDDDDDDDDDDDDDDDDDDDDDDDDDDDDDDDDDDDDDDDDDDDDDDDDDDDDDDDDDLDD.........................................................................
RRRRRDRRRRRRRRRRRRRRRRRRRRDDDDDDDDDRDDDDDDDDDDDDDDDDDDDDDDDDRDDDDDDDDDDDDDDDDDDDDDDDDDDDDD.....................................................
.DLDDDDDDDDDDDDDDDDDDDDDDDDDDDDDDDDLDDDDDLDDDDDDDDDDDDDDDDDDDDDDLLLLLLLLLLLLLLLLLLLLLLLLLLLLLLLLLLLDD..........................................
...DDDDDDDDDDDDDDDDDDDDDDDDDDDDDDDDDDDDDDDDDDDDDDDDDDDDDDDDDDDLDD..............................................................................
.RRRRDRRRRRRRRRDRRRRRRRRRRRRRRRRRRRRRRRRRRRRRRRRRRDDDDDRDDDDDDDDDDDDDDDDDDDDDDDDRDDDDDDDDDDDDDDDDDDDDDDDDDDDDD.................................
..RRRRRRRRRRRRRRRRRRRDRRRRRRRRRRRRRRRRRRRRRRRRRRRRRRRRRRDDDDDRDDDDDDDDDDDDDDDDDDDDDDDDRDDDDDDDDDDDDDDDDDDDDDDDDDDDDD...........................
RRRDRRRRRRRRRRRRRRRRRRRRRRRRRRRRRRRRRRDDDDDRDDDDDDDDDDDDDDDDDDDDDDDDRDDDDDDDDDDDDDDDDDDDDDDDDDDDDD.............................................
DDDDDDDDDDDDDDDDDDDDDDDDDDDDDDDDDDDDDDDDDLDDDDDDDDDDDDDDDDLLLLLLLLLLLLLLLLLLLLLLLLLLLLLLLLDD...................................................
DDDDDDDDDDDDDDDDDDDDDDDDDDDDDDDDDDDDDDDDDDDDDDDDDDDDDDDLLLLLLLLLLLLLLLLLLLLLLLLLLLLLLLLLLLLLLLLDD..............................................
..RRRRRRRRRRRRRRRRRRRRRRRRRRRRDRRRRRRRRRRRDRRRRRRRRRRDDDDDDDDDDDDDDDDDDDDDRDDDDDDDDDDDDDDDDDDDDDDDDDDDDD.......................................
......DDDDDDDDDDDDDDDDDDDDDDDRDDDDDDDDDDDDDDDDDDDDDDDDDDDDD....................................................................................
DDDDDDDDDDDDDDDDDDDDDDDDDDDDDDDDLDDDDDDDDDDDDDDDDLLLLLLLLLLLLLLLLLLLLLLLLLLLLLLLLDD............................................................
.....RRRRRRRRRRRRRRRRRDDDDDDDDDDDDDDDDDDDDRDDDDDDDDDDDDDDDDDDDDDDDDDDDDD.......................................................................
....RRRRRRRRRRRRRRDDDDDDDDDDDDDDDDDDDRDDDDDDDDDDDDDDDDDDDDDDDDDDDDD............................................................................
.....DDDDDDDDDDDDDDDDDDDDLDDDDDDDDDDDDDDDDDDDDDDDDDLLLLLLLLLLDD................................................................................
......DLDDDDDDDDDDDDDDDDDDDDDDDDDLDDDDDDDDDDDDDDDDDDDLLLLLLLLLLLLLLLLDD........................................................................
RRRRRRRRRRRRRDRRRRRRDRRRRRRRRRRRRRRRRRRRRRRRRRRRRRRDDDDDDDDDDDDDDDRDDDDDDDDDDDDDDDDDDDDDDDDDDDDD...............................................
....DDDDDDDDDDDDDDLDDDDDDDDDDDDDDDDDDDDDDDDDLLLLLLLLLLDD.......................................................................................
.....RRRRRDRRRRRRRRRRRRRRRRRRRDDDDDDDDRDDDDDDDDDDDDDDDDDDDDDDDDDDDDD...........................................................................
..RRRRRRRRRRRRRRRRRRRRRRRRRRRRRRRRRDDDDDDDDRDDDDDDDDDDDDDDDDDDDDDDDDDDDDD......................................................................
......RRRRRRRRRRRRRRRRDDDDDDDDRDDDDDDDDDDDDDDDDDDDDDDDDDDDDD...................................................................................
.....RRRRRRRRRRRRRRRRRDDDDDDRDDDDDDDDDDDDDDDDDDDDDDDDDDDDD.....................................................................................
.DDDDDDDDDDDDDDDDDDDDDDDDDDDDDDDDDLDD..........................................................................................................
...RRRRRRRRRRRRRRRDDDDDRDDDDDDDDDDDDDDDDDDDDDDDDDDDDD..........................................................................................
....DDDDDDDDDDDDDDDDDDDDDDDDDDDDDDDDLLLLLLLLLLLLLLLLLLLLLLLLLLLLLLLDD..........................................................................
....RRRRRRRRRRRRRRRRRRRDDDDRDDDDDDDDDDDDDDDDDDDDDDDDDDDDD......................................................................................
...RRRRRRRRRRRRRRRRRRDDDDRDDDDDDDDDDDDDDDDDDDDDDDDDDDDD........................................................................................
.....RRRRRRRRRRDDDDRDDDDDDDDDDDDDDDDDDDDDDDDDDDDD..............................................................................................
...RRRRRRRRRRRRRRRRRRRRRRDRRRRRRDDRDDDDDDDDDDDDDDDDDDDDDDDDDDDDD...............................................................................
DDDDDDDDDDDDDLDDDDDDDDDDDDDDDDDLLLDD...........................................................................................................
..DRRRRRRRRRRRRRRRRRRRRRRRRRRRRRRRRRRRDRRRRRRRDDDDDDDDDDDDDDDDDDDDDDDDDDDD.....................................................................
......DLDDDDDDDDDLDDDDDDLDDDDDDDDDDDLLLLLLLLLLDD...............................................................................................
......DDDDDDDDDLDDDDDDLDDDDDDDDDDDLLLLLLLLLLDD.................................................................................................
..DRRRRRRRRRRRRRRRRRRRRRDRDRRRRRRRRRRRRRRRRRRRRRRRRDDDDDDDDDDDDDDDDDDDDDDDD....................................................................
DDDDDDDDDDDDDDDDDDDDDDDDDLDD...................................................................................................................
......RRRRDRDRRRRRRRRRRRRRRRRRRRRRRRRDDDDDDDDDDDDDDDDDDDDDDDD..................................................................................
....RRRRRRRRRRRRRRRRRDDDDDDDDDDDDDDDDDDDDDDD...................................................................................................
RDDDDDDDDDDDDDDDDDDDDDDD.......................................................................................................................
DDDDDDDDDDLDDDDDDDDDDDLLLLLLLLLLDD.............................................................................................................
....DDDDDDDDDDDDDDDDDDDDDLLLLLLLLLLLLLLLLLLLLLLLLDD............................................................................................
...RRRRRRRRRRRRRRRRRRRRRRRRRRRRRDDDDDDDDDDDDDDDDDDDDDD.........................................................................................
.....DDDDDDDDDDDDDDDDDDDLLLLLLLLLLLLLLLLLLLDD..................................................................................................
......RRRRRRRRRRRRRRRRRRRDDRRRRRRRRRRRRRRRRRDDDDDDDDDDDDDDDDDD.................................................................................
...RRRRRRRRRRRRRRRRRRRRRRDDDDDDDDDDDDDDDDDD....................................................................................................
.RRRRRRRRRRRRRRRRDDDDDDDDDDDDDDDDDD............................................................................................................
.RRRRRRRRRRDDDDDDDDDDDDDDDDDD..................................................................................................................
DLDDDDDDDDDDDDDDLLLLLDD........................................................................................................................
DDDDDDDDDDDDDDDLLLLLLLLLDD.....................................................................................................................
....LDDDDDDDLDDDDDDDLLLLLLLLLLLLLLLLLLLLLLLLLLLLDD.............................................................................................
RRRDDDDDDDDDDDDDDD.............................................................................................................................
.DDDDDDDDDDDDDLLLLLLLLLLLLLLLLLDD..............................................................................................................
...RRRRRRRRRRRRRRRRDRRRRRRRRRRRRRRRRRRRDDDDDDDDDDDDD...........................................................................................
.....RRRRRRRRRRRRRRRDRRRRRRRRRRRRRRRDDDDDDDDDDD................................................................................................
RRRRRRRRRDDDDDDDDDDDD..........................................................................................................................
.DDLDDDDDDDLLLLLLLLLLLLLLLLLLLLLLLLLLLLDD......................................................................................................
..RRRRRRRRRRRRRRRRRRRRRRRRRDRRRRRDDDDDDDDD.....................................................................................................
RRDRRRRRDDDDDDDDD..............................................................................................................................
DDDDDDDDLLLLLDD................................................................................................................................
RRRRRRRDDDDDDDDD...............................................................................................................................
DDDDDDDD.......................................................................................................................................
DDDDDLLLDD.....................................................................................................................................
....RRRRRRRRRRRRRRRRRRRRRRRRRRRRRRRRRRRRRRRRRRDRRRRRRRRRRDRRRRDDDD.............................................................................
RRRRRRRRRRRRRRRRRRRRRRRRRRRRRRRDRRRRDDDD.......................................................................................................
RRRRRRRRRRRRRRRRRRRRRRRDRRRRDDDD...............................................................................................................
RRRRRRRRRRRRRRRRDRRRRDDDD......................................................................................................................
DDDLLLLDD......................................................................................................................................
