172
RRRRRRRRRRRRRRRRRRRRRRRRRRRRDRRRRRRRRRRDRRRRRRRRRRRDDRRRRRRDRRRRRRRRDRRDRRRRRRRRRDDRDDDDDDDRRRDDDDDDDDDDDDDDDDDDDDDDDDDDDDDDDDDDDDDDDDDDDDDDDDDDDDDDDDDDDDDRR...............
.RRRRRRRRRRDRRRRRRRRRRRRRRRRRRRRRRRRRRRRRRRRRRRRRRRRRRDDRRRRRRDRRRRRRRRDRRDRRRRRRRRRDDRDDDDDDDRRRDDDDDDDDDDDDDDDDDDDDDDDDDDDDDDDDDDDDDDDDDDDDDDDDDDDDDDDDDDDDDRR............
RRRRRRRRRRRRRRRRRRRDDRRRRRRRRRRRRRRRDRRRRDRRRRRRRRRRRRRRRRRRRRRRRRRRRRRRRRRRRRRRRDRRRRRRRRRRRDDRRRRRDDDDDDRRRDDDDDDDDDDDDDDDDDDDDDDDDDDDDDDDDDDDDDDDDDDDDDDDDDDDDDDDDDDDDDRR
......RRRRRRRRRDRRRRRRRRDRRDRRRRRRRRRDDRDDDDDDDRRRDDDDDDDDDDDDDDDDDDDDDDDDDDDDDDDDDDDDDDDDDDDDDDDDDDDDDDDDDDDDDRR...........................................................
RRDDDDDRDDDDDDDRRRDDDDDDDDDDDDDDDDDDDDDDDDDDDDDDDDDDDDDDDDDDDDDDDDDDDDDDDDDDDDDRR...........................................................................................
RRRRRRRRRRRRRRRRRRDDRRRRRRRRRRRRRRRRRDRRRRRRRRRRRDDRRRRRDDDDDDRRRDDDDDDDDDDDDDDDDDDDDDDDDDDDDDDDDDDDDDDDDDDDDDDDDDDDDDDDDDDDDDRR............................................
RRRRDRRDRRRRRRRRRDDRDDDDDDDRRRDDDDDDDDDDDDDDDDDDDDDDDDDDDDDDDDDDDDDDDDDDDDDDDDDDDDDDDDDDDDDRR...............................................................................
RRRRRRRRRRRRRRRRRRRRRRRRRRRRRRDRRRRRRRRRRRRRRRRRRRRRRRRRRRRRRRRRRRRRRRRRRRRRDRRRRRRRRRRRDDRRRRRDDDDDDRRRDDDDDDDDDDDDDDDDDDDDDDDDDDDDDDDDDDDDDDDDDDDDDDDDDDDDDDDDDDDDDRR.....
..DRRRRRRRRRRRRRRRRRRRRDRRRRRRRDRRRDRRRRRRRRRRRRRDDDRRRDDDDDDDDDDDDDDDDDDDDDDDDDDDDDDDDDDDDDDDDDDDDDDDDDDDDDDDDDDDDDRR......................................................
....RRRRRRRRRRRDRRRRRRRDRRRDRRRRRRRRRRRRRDDDRRRDDDDDDDDDDDDDDDDDDDDDDDDDDDDDDDDDDDDDDDDDDDDDDDDDDDDDDDDDDDDDRR..............................................................
.....RRRRRRRDRRRRRRRDRRRDRRRRRRRRRRRRRDDDRRRDDDDDDDDDDDDDDDDDDDDDDDDDDDDDDDDDDDDDDDDDDDDDDDDDDDDDDDDDDDDDRR.................................................................
RRRRRDRRRRRRRRRDRRRRRRDRRRRRRRRRRRRDRRRRDRRRRRRRRRRRDRRRRRRRDRRRRRRRRRRRRRRRRRRRRRRRRDDDDDDDDDDDDDDDDDDDDDDDDDDDDDDDDDDDDDDDDDDDDDDDDDDDDDDDDDDDRR..........................
..RRRRRRRDRRRRRRRDRRRRRRRRRRRRRRRRDRRRRRRRRRRRRRRRRDDRRRDDDDDDDDDDDDDDDDDDDDDDDDDDDDDDDDDDDDDDDDDDDDDDDDDDDDDDDDDDDDDRR.....................................................
.....RRRRRRRDRRRRRRDRRRRRRDRRRRRRRRRRRRRRRRDDRRRDDDDDDDDDDDDDDDDDDDDDDDDDDDDDDDDDDDDDDDDDDDDDDDDDDDDDDDDDDDDDRR.............................................................
RRRRRRRRRRRRRRRRRRRRRRRRRRRRRRDRRRRRRDRRRRRRRRRRRRDRRRRDRRRRRRRRRRRDRRRRRRRDRRRRRRRRRRRRRRRRRRRRRRRRDDDDDDDDDDDDDDDDDDDDDDDDDDDDDDDDDDDDDDDDDDDDDDDDDDDDDDDDDDDRR...........
RRRRRRRRRRRRRRRRRRRRRRRRRRRDRRRRRRDRRRRRRRRRRRRDRRRRDRRRRRRRRRRRDRRRRRRRDRRRRRRRRRRRRRRRRRRRRRRRRDDDDDDDDDDDDDDDDDDDDDDDDDDDDDDDDDDDDDDDDDDDDDDDDDDDDDDDDDDDRR..............
..RRRDRRDDRRRRRRRRRRRRRRRRRRRRRRRRDDDDDDDDDDDDDDDDDDDDDDDDDDDDDDDDDDDDDDDDDDDDDDDDDDDDDDDDDDDRR.............................................................................
RRRRRRRRRRRRRRRRRRRRRRRRRRRRRRRRRRRRRRRRRRRRRRRRRRRRRRRRRRDRRRRRRRDRRRRRRRRRRRRRRRRRRRRRRRRDDDDDDDDDDDDDDDDDDDDDDDDDDDDDDDDDDDDDDDDDDDDDDDDDDDDDDDDDDDRR....................
RRRRRRRRRRRDRRRRRRRRRRRRRRRRRRRRRRRRRRRRRRRRRRRRRRRRRRRDRRRRRRRRRRRRRRRRRRRRRRRRRRRRRRRRDRRDDRRRDRRRRRRDDDDDDDDDDDDDDDDDDDDDDDDDDDDDDDDDDDDDDDDDDDDDDDDDDDDDDRR.............
RRRRRRRRRRRRRRRRRRRRRRRRRRRRRRRRRRRRRRRRRRRRRRRRRRRDRRRRRRRRRRRRRRRRRRRRRRRRRRRRRRRRDRRDDRRRDRRRRRRDDDDDDDDDDDDDDDDDDDDDDDDDDDDDDDDDDDDDDDDDDDDDDDDDDDDDDRR.................
RRRRRRRRRRRRRRDRRRRRRRRRRRRRRRRRRRDRRDRRRRRRDRRRRRRRRRRRRRRRRRRRRRRRRRRRRRRRDRRRRRRRRRRRRRRRRRDDDDDDDDDDDDDDDDDDDDDDDDDDDDDDDDDDDDDDDDDDDDDDDDDDDDDRR.......................
.....RRRRRRDDRRRRDRRRRRRRRRRRRRRRRRRRRRDRRRRRRRRRRRRRRRRRDDDDDDDDDDDDDDDDDDDDDDDDDDDDDDDDDDDDDDDDDDDDDDDDDDDDDRR............................................................
.DDDDDDDDDDDDDDDDDDDDDDDDDDDDDDDDDDDDDDDDDDDDDDDDDDDDDDDDDRR................................................................................................................
......RRRRRRRRRRDRRRRDRRRRRRRRRRRRRRRRRRRRRDRRRRRRRRRRRRRRRRRDDDDDDDDDDDDDDDDDDDDDDDDDDDDDDDDDDDDDDDDDDDDDDDDDDDDDRR........................................................
RRRRRRDRRRRDRRRRDRRRRRRRRRRRDRRRRRRRRRRRRRRRRRRRRRRRRRRDRRRRRRRDRRRRRRRRRRRRRRRRRDRRRRRRRRRRDDDDDDDDDDDDDDDDDDDDDDDDDDDDDDDDDDDDDDDDDDDDDDDDRR..............................
RRRRRRRRRDRRRRRRRRRRRRRRRRRRRRRRRRRRRRRRRRRRDRRRRRRRRRRRRRRDRRRRRRRDDDDDDDDDDDDDDDDDDDDDDDDDDDDDDDDDDDDDDDDDDDDDDDDDDDRR....................................................
....RRRRRRRRRRRRRRRRRRRRRRRRRRRRDRRRRRRRRRRRRRRRRRDDDDDDDDDDDDDDDDDDDDDDDDDDDDDDDDDDDDDDDDDDDDDDDDDDDDDRR...................................................................
RRRRRRRRRRRDRRRRRRRRRRRRRRRRRDDDDDDDDDDDDDDDDDDDDDDDDDDDDDDDDDDDDDDDDDDDDDDDDDDDDDRR........................................................................................
RRRDRRRRRRRRRRRRRRRRRDDDDDDDDDDDDDDDDDDDDDDDDDDDDDDDDDDDDDDDDDDDDDDDDDDDDDRR................................................................................................
.RRRRRRRRRRRRDRRRRRRRRRRRDRRRRRRRRRRRRRRRRRRRRRRRRRRDRRRRRRRDRRRRRRRRRRRRRRRRRDRRRRRRRRRRDDDDDDDDDDDDDDDDDDDDDDDDDDDDDDDDDDDDDDDDDDDDDDDDRR.................................
RRRRRRDRRRRRRRRRRRRRRDRRRRRRRDDDDDDDDDDDDDDDDDDDDDDDDDDDDDDDDDDDDDDDDDDDDDDDDDDDRR..........................................................................................
RRRRRRDDDDDDDDDDDDDDDDDDDDDDDDDDDDDDDDDDDDDDDDDDDDDDDDDDDDDRR...............................................................................................................
..RRRRRRRRRRDRRDRRRRRRRDRRRRRRRRRRRRRRRRRDRRRRRRRRRRDDDDDDDDDDDDDDDDDDDDDDDDDDDDDDDDDDDDDDDDDDDDDDDDRR......................................................................
RRRRRRRRRRRRRRRRDDRRRRDRRDRRRDRRRRRRRRRRRRRRRDRRRDDRRRRRRRRDRRRRRRRRRRRRRRRDRDRRRRRRRRRRRDRRRDDDDDDDDDDDDDDDDDDDDDDDDDDDDDDDDDDDDDDDRR......................................
.......RRRRRRRRRRRRRRRRRRRRDRRRRRRRDRRRRRRRRRRRRRRRRRDRRRRRRRRRRDDDDDDDDDDDDDDDDDDDDDDDDDDDDDDDDDDDDDDDDDDDDDDDDRR..........................................................
RRRRRRRRRRRRRRRRRRRRRRRRRRDRRRRRRRRRRDDDDDDDDDDDDDDDDDDDDDDDDDDDDDDDDDDDDDDDDDDDDDDDDRR.....................................................................................
.RRRRRRRRRRRRRRRRRRRRRRRRRDRRRDRRRRRRRRDRRRRRRRDDDDDDDDDDDDDDDDDDDDDDDDDDDDDDDDDDDDDDDDDDDDDRR..............................................................................
RRDRDRRRRRRRRDRRRRRRRRDRRRRRRDRRRRRRRRRRRRRRRRRRRRRRRRRDRRDRRRRRRRRRRRRDRRRRRDRRRRRRRRRRDRRRRRRRRRRRDDDDDDDDDDDDDDDDDDDDDDDDDDDDDDDDDDDDRR..................................
.RRRRRRRRDRRRRDRRRRRRRRRRRRRRRRRRRRRRRRRRRRDRRRRRRRRDRRRRRRRRRRRRRRRDRDRRRRRRRRRRRDRRRDDDDDDDDDDDDDDDDDDDDDDDDDDDDDDDDDDDDDDDRR.............................................
...RRDRRRRDRRRRRRRRRRRRRRRRRRRRRRDRRRRRRRRDRRRRRRRRRRRRRRRDRDRRRRRRRRRRRDRRRDDDDDDDDDDDDDDDDDDDDDDDDDDDDDDDDDDDDDDDRR.......................................................
DRRRRRRRDRRRRRRRRRRRRRRRDDDDDDDDDDDDDDDDDDDDDDDDDDDDDDDDDDDDDDDDDDDDRR......................................................................................................
RRRRDDRRRRRRRRDRDRRRRRRRRRRRDRRRDDDDDDDDDDDDDDDDDDDDDDDDDDDDDDDDDDDDDDDRR...................................................................................................
RRRRRRRRDDDDDDDDDDDDDDDDDDDDDDDDDDDDDDDDDDDDDDDDDDDRR.......................................................................................................................
..RRDRRRRRRRRRRRRRRRRRRDDRRRRRRRRRRRRRRRRRRRRRRRRRRRRRRRRRRRRRRRRDDDDDDDDDDDDDDDDDDDDDDDDDDDDDDDDDDRR.......................................................................
.RRRRRDRRRRRRRRRRRRRRRRRRRRRRRRRRRRRRRRRRRRRRRRDDDDDDDDDDDDDDDDDDDDDDDDDDDDDDDDDDRR.........................................................................................
....RRDRDRRRRRDRRRRRRRRRDRRRRRRRRRRRRRRRRRRRRRRRRRRRRRDRDRRRRRRRRRRRRRRDDRRRRRDDDDDDDDDDDDDDDDDDDDDDDDDDRR..................................................................
RRRRDDDDDDDDDDDDDDDDDDDDDDDDDDDDDDDDDDRR....................................................................................................................................
RDRRRRRRRRRDRDRDRRRRRRRRRRRRRRDDRRRRRDDDDDDDDDDDDDDDDDDDDDDDDDDRR...........................................................................................................
RRRRRRRRRRRRRDRDRDRRRRRRRRRRRRRRDDRRRRRDDDDDDDDDDDDDDDDDDDDDDDDDDRR.........................................................................................................
RRRDRRRRRRRRRRRRRRRRRRRRRRRRRRRDDDRRRRRRRDRRRRRRRRRRRRRRRDRRRRDRRRRRRRRRRRRRRRRRRRRRRRRRDRRRRRRRRRDDDDDDDDDDDDDDDDDDDDDDRR..................................................
DRDRRRRRRRRRRRRRRDDRRRRRDDDDDDDDDDDDDDDDDDDDDDDDDDRR........................................................................................................................
RDRRRRRRRRRDRRRRRRRRRRRRRRRRRRRRRRRRRRRRRRRRRDRRRRRRRRRRRRRRRDRRRRDRRRRRRRRRRRRRRRRRRRRRRRRRDRRRRRRRRRDDDDDDDDDDDDDDDDDDDDDDRR..............................................
RRRRRRRRRRRRRRRRRRRRRRRRRRRRDDRRRRRDDDDDDDDDDDDDDDDDDDDDDDDDDRR.............................................................................................................
RRDDRRRRRDDDDDDDDDDDDDDDDDDDDDDDDDDRR.......................................................................................................................................
RDRRRRRRRDRRRRRRRRRRRRRRRDRRRRDRRRRRRRRRRRRRRRRRRRRRRRRRDRRRRRRRRRDDDDDDDDDDDDDDDDDDDDDDRR..................................................................................
.RRRRRRRRRRRRRRRRDRRRRRRRRRRRRRRRRRRRRDDDDDDDDDDDDDDDDDDDDDDDDDDRR..........................................................................................................
.....RRRRRRRRRRRRRRRRRRRRRRRDRRRRRRRRRRRRRRRDRRRRDRRRRRRRRRRRRRRRRRRRRRRRRRDRRRRRRRRRDDDDDDDDDDDDDDDDDDDDDDRR...............................................................
...RRRRRRRRRRRRRRRRRRRRRRRRRRRRRRRRRRRRDRRRRDRRRRRRRRRRRRRRRRRRRRRRRRRDRRRRRRRRRDDDDDDDDDDDDDDDDDDDDDDRR....................................................................
RRRRRRRRRRRRRRRRRRRRRRRDRRRRDRRRRRRRRRRRRRRRRRRRRRRRRRDRRRRRRRRRDDDDDDDDDDDDDDDDDDDDDDRR....................................................................................
.RRRRRRRRRRRRRRRRRRRDRRRRDRRRRRRRRRRRRRRRRRRRRRRRRRDRRRRRRRRRDDDDDDDDDDDDDDDDDDDDDDRR.......................................................................................
DRRRRRRRDRRRRRRRDDRRRRRRDRRRRRDRRRRRRRRRRRRRRDRRDRRRRRRRRRRRRDRRRRRRRRRDRRRRRRRRRRRDRRRDRRRRRRRRRRRRRRDRRRRRRDDDDDDDDDDRR...................................................
RDRDRRRRRRRRRDDRRRRRRRRRRRRDDRRRRRRRRRRRRRRRRRRRRRRRRRDRRDRRRRRRRRRRRRRRRRRDDDDDDDDDDDDDDDRR................................................................................
RRRRRRRRRDRRRRRRRRRRRRRDRRRRDRRRDRRRRRRRRRRRRRRRRRRRRDRRRRRRDDDDDDDDDDDDDDDDDDRR............................................................................................
URRRRRRRRRRRDRRRDRRRRRRRRRRRRRRRRRRRRDRRRRRRDDDDDDDDDDDDDDDDDDRR............................................................................................................
.RRRDRRDRRRRRRRRRRRRRRRRRDDDDDDDDDDDDDDDRR..................................................................................................................................
DRDRRRRRRRRRDRRRRRRRRRRRDRRRDRRRRRRRRRRRRRRDRRRRRRDDDDDDDDDDRR..............................................................................................................
RRRRRRRRRRRRRRDDDDDDDDDDDDDDDRR.............................................................................................................................................
RRRRRRRRRRRRRDDDDDDDDDDDDDDRR...............................................................................................................................................
.....RRRRRRDRRDRRRRDRRRRRRRRRRRRRDRRRRRRRRDDDRRRRRRRRRRRRRRRRRRRRRRRRRRRRRRRRRRRRRRRRRRRRRRRRRDRRRRDRRDDDDRR................................................................
RRRRRRRRRRRRRRRRRDRRRDRRRRRRRRRRRRRRDRRRRRRDDDDDDDDDDRR.....................................................................................................................
..RRDDDDDDDDDDDDRR..........................................................................................................................................................
.RDDDDDDDDDDDDRR............................................................................................................................................................
.....RRRRRRRRRRRRRRRRRRRRRDRRRRRRRRRRRRRDRRRRRRRRDDDRRRRRRRRRRRRRRRRRRRRRRRRRRRRRRRRRRRRRRRRRRRRRRRRRDRRRRDRRDDDDRR.........................................................
RDRRRRRRRRRRRRRRRRRRRRRRRRRRRDDDDDDDDDDRR...................................................................................................................................
RRRRRRRRRRRRRRRRDRRRRRRDDDDDDDDDDRR.........................................................................................................................................
RRRRRRRRDRRRRRRRRRRRRRRRRDRRRRRRRRRRRRDDDDDDDRR.............................................................................................................................
..RRRDRRRRRRRRRRRRRDRRRRRRRRRRRRRRRRRRRRRRRRRRRRRRRRRRRRRRRRDRRRRRRRRRDRRRRRDRRRRRRDRRRRRRRRRRRRRDRR........................................................................
.RRRRRRRRRRRRRRRRRRRRRRRRRRRRRRRRRRRRRRRRRRRRRRRRRRDRRRRRRRRRDRRRRRDRRRRRRDRRRRRRRRRRRRRDRR.................................................................................
RRRRRRRRRRRRRRRRRRRRRRRRRRRRRRRRRRRRRRDRRRRRRRRRDRRRRRDRRRRRRDRRRRRRRRRRRRRDRR..............................................................................................
RRRRRRRRRRRRRRRRRRRDRRRRRRRRRDRRRRRDRRRRRRDRRRRRRRRRRRRRDRR.................................................................................................................
RRRRRRRRRRRRRRDRRRRRRRRRDRRRRRDRRRRRRDRRRRRRRRRRRRRDRR......................................................................................................................
RRRRRRRRRRDRRDDDDRR.........................................................................................................................................................
DRRDDDDRR...................................................................................................................................................................
.RRRRRRRRRRRDDDRR...........................................................................................................................................................
.RRRRRRRRRRRRRRRRRRRRRRRRRRRDRRRRRRRURRRRRRRRRRRRRDRRRRRRRRRRRRRRURRDRR.....................................................................................................
RRRRRRRRRRRRDRR.............................................................................................................................................................
.RRRRRRRRRRRDRRRRRRRRRRRRRRUUURR............................................................................................................................................
RRRRRRRRRRRRRRRRRRRRRRRRRRRRRRRRRRRRRRRRRRRRRRRRRRRRRUUURR..................................................................................................................
RRRRRRRRRRRRRRRRRRRRRRRRRRRRRRRRRRRRRRRRRRRRRRRRRRRRUUURR...................................................................................................................
RRRRRRURRRRRRRRRRRRRRRRRRRRRRRRRRRRRRRRRRRRRRRRRRRRRRRRRRRRRRRRRRRRRRUUURR..................................................................................................
URRRRRRRRRRRRRRRRRRRRRRRRRRRRRRRRRRRRRRRRRRRRRRRRRRRRRRRRRRRRRRUUURR........................................................................................................
.LUURUUURR..................................................................................................................................................................
.RRRRURRRRURRRURRRRRRRRRRRRRRURRRRRRRRRRRRRRRRRRRRRRRRRRRRRRRRRRRRRRRRRRRRRRRRRRRRRRRRRRRRRRUUURR...........................................................................
..RRRRRRRRRRRUURURRRURRRRRRRRRRRRRRURRRRRRRRRRRRRRRRRRRRRRRRRRRRRRRRRRRRRRRRRRRRRRRRRRRRRRRRRRRRRRUUURR.....................................................................
.RRRRRRRRRRRRRRURRRRRRRRRRRRRRRRRRRRRRRRRRRRRRRRURRRRRURRRRRRRRRRRRURRRRRRRRRRRRRRRRRRRRUUUUURUUURR.........................................................................
.RRRRRRRRRRRURRRRRRRRRRRRRRRRRRRRRRRRRRRRRRRRURRRRRURRRRRRRRRRRRURRRRRRRRRRRRRRRRRRRRUUUUURUUURR............................................................................
RRRRRRUUUUUUUUURUUURR.......................................................................................................................................................
RRRRRRRRRRUUUUUUUUUUUURUUURR................................................................................................................................................
RURRRRRRRRRRRRRRUUUUUUUUUUUURUUURR..........................................................................................................................................
..RRRRRURRRRURRRRRRRRRUURRRRRRRRRRRRRRRRRRRURRRRRURRRRRRURRRRRRRRRRRRRRRRRRRRRRRRRRRRUUUUUUURUUURR..........................................................................
