124
.RDDRRRRRURRURRRDRDDDDRDDLDDDLDLDDDRDRDDRDDRRDDLLLULULUULLDDDDDLDDRRRRDDRRRDRRRRRDRDRRRDDDDDDDDDDDDDDDRR....................
.DDRRRRRURRURRRDRDDDDRDDLDDDLDLDDDRDRDDRDDRRDDLLLULULUULLDDDDDLDDRRRRDDRRRDRRRRRDRDRRRDDDDDDDDDDDDDDDRR.....................
.....RRRDRDDDDRDDLDDDLDLDDDRDRDDRDDRRDDLLLULULUULLDDDDDLDDRRRRDDRRRDRRRRRDRDRRRDDDDDDDDDDDDDDDRR............................
URRUURRRDRRURURRDRRDRRDDRRRRRURRURRRDRDDDDRDDLDDDLDLDDDRDRDDRDDRRDDLLLULULUULLDDDDDLDDRRRRDDRRRDRRRRRDRDRRRDDDDDDDDDDDDDDDRR
RDDLDDDLDLDDDRDRDDRDDRRDDLLLULULUULLDDDDDLDDRRRRDDRRRDRRRRRDRDRRRDDDDDDDDDDDDDDDRR..........................................
LLDLLULLDDRDDRRURRURRDRRRDDDLLDLDDDRRRDDDRRDRRDRRDRRRRRRDDDRDRRRDRRRRRDRDDRRRDRRRRRRRDDDRDRDDDRRRRRRRRRDDDDRR...............
LLLDLLULLDDRDDRRURRURRDRRRDDDLLDLDDDRRRDDDRRDRRDRRDRRRRRRDDDRDRRRDRRRRRDRDDRRRDRRRRRRRDDDRDRDDDRRRRRRRRRDDDDRR..............
...RDRRRDDDLLDLDDDRRRDDDRRDRRDRRDRRRRRRDDDRDRRRDRRRRRDRDDRRRDRRRRRRRDDDRDRDDDRRRRRRRRRDDDDRR................................
......RURRDRRRDDDLLDLDDDRRRDDDRRDRRDRRDRRRRRRDDDRDRRRDRRRRRDRDDRRRDRRRRRRRDDDRDRDDDRRRRRRRRRDDDDRR..........................
LDDRRDRDRRRRDRRRRRDRRDRRDRRDRRRRRRDDDRDRRRDRRRRRDRDDRRRDRRRRRRRDDDRDRDDDRRRRRRRRRDDDDRR.....................................
.......DDDLDDRRDRRRRRRDDDRDRRRDRRRRRDRDDRRRDRRRRRRRDDDRDRDDDRRRRRRRRRDDDDRR.................................................
.....RDRDRRRRRRRRURRRRURRRDRRRRRDRRDRRDRRDRRRRRRDDDRDRRRDRRRRRDRDDRRRDRRRRRRRDDDRDRDDDRRRRRRRRRDDDDRR.......................
.......DDLDDDDRDDDDDDDDDDDDDDDDDDRR.........................................................................................
.........LULULUULLDDDDDLDDRRRRDDRRRDRRRRRDRDRRRDDDDDDDDDDDDDDDRR............................................................
........LLDDRDDDDDRDRRRDDDDDDDDDDDDDDDRR....................................................................................
.....RRRRRRRRURRURRRRURRRDRRRRRDRRDRRDRRDRRRRRRDDDRDRRRDRRRRRDRDDRRRDRRRRRRRDDDRDRDDDRRRRRRRRRDDDDRR........................
.....RRRRRRRRRRRUUURRRRURRRDRRRRRDRRDRRDRRDRRRRRRDDDRDRRRDRRRRRDRDDRRRDRRRRRRRDDDRDRDDDRRRRRRRRRDDDDRR......................
....ULLLUURRRRURRRDRRRRRDRRDRRDRRDRRRRRRDDDRDRRRDRRRRRDRDDRRRDRRRRRRRDDDRDRDDDRRRRRRRRRDDDDRR...............................
.........RRRRRDRRRRRRDDDRDRRRDRRRRRDRDDRRRDRRRRRRRDDDRDRDDDRRRRRRRRRDDDDRR..................................................
.......RRDRDDDDRDRDDRRDDRRRRRDRRDRDDRRDRRRRRRRRRRRRRRRDRRRRRRRRRDDDDRR......................................................
......RRDDDDRDRRRDDDDDDDDDDDDDDDRR..........................................................................................
...DRDDRDDDDDDDRDDRRRRUUURRURRDRDRRRRRRRRRRDDRRDRRRRRRRRRRRDRRRRRRRRRRRRRRRDRRRRRRRRRDDDDRR.................................
.....DDRRDRDRDRDDRRRDRRRRRRRDDDRDRDDDRRRRRRRRRDDDDRR........................................................................
.....RRRDDDRDRRRDDDDDDDDDDDDDDDRR...........................................................................................
...DLDDRDRRRDDDDDDDDDDDDDDDRR...............................................................................................
RRUURRRRRRRRRRRRDDRDDRDDDDDDDRDDRRRRUUURRURRDRDRRRRRRRRRRDDRRDRRRRRRRRRRRDRRRRRRRRRRRRRRRDRRRRRRRRRDDDDRR...................
.....RRRRRRDDRDDDDDDDRDDRRRRUUURRURRDRDRRRRRRRRRRDDRRDRRRRRRRRRRRDRRRRRRRRRRRRRRRDRRRRRRRRRDDDDRR...........................
....DDDLLDLLLDDDDDRDDRRRRUUURRURRDRDRRRRRRRRRRDDRRDRRRRRRRRRRRDRRRRRRRRRRRRRRRDRRRRRRRRRDDDDRR..............................
.....DRDRDRDDDRDRRRRRRRDDDRDRDDDRRRRRRRRRDDDDRR.............................................................................
.DDRRRRDDDDDRDDRRRRUUURRURRDRDRRRRRRRRRRDDRRDRRRRRRRRRRRDRRRRRRRRRRRRRRRDRRRRRRRRRDDDDRR....................................
.DLLDLLLDDDDDRDDRRRRUUURRURRDRDRRRRRRRRRRDDRRDRRRRRRRRRRRDRRRRRRRRRRRRRRRDRRRRRRRRRDDDDRR...................................
..DLDDDDDRDDRRRRUUURRURRDRDRRRRRRRRRRDDRRDRRRRRRRRRRRDRRRRRRRRRRRRRRRDRRRRRRRRRDDDDRR.......................................
......DDDLDDRRRRRDRRDRDDRRDRRRRRRRRRRRRRRRDRRRRRRRRRDDDDRR..................................................................
...RRRRRRDDDDDDDDDDDDDDDRR..................................................................................................
..RRRRRDDDDDDDDDDDDDDDRR....................................................................................................
.LLDDDDDRDDRRRRUUURRURRDRDRRRRRRRRRRDDRRDRRRRRRRRRRRDRRRRRRRRRRRRRRRDRRRRRRRRRDDDDRR........................................
......DDLLLDDRRRRRDRRDRDDRRDRRRRRRRRRRRRRRRDRRRRRRRRRDDDDRR.................................................................
.....RRRRRRRRRRRDDDDDDDDDDDDDDRR............................................................................................
....RRRRRRRRRRDDDDDDDDDDDDDDRR..............................................................................................
..RRRRRDDDDDDDDDDDDDDRR.....................................................................................................
.RRDDDDRDDRRRRUUURRURRDRDRRRRRRRRRRDDRRDRRRRRRRRRRRDRRRRRRRRRRRRRRRDRRRRRRRRRDDDDRR.........................................
.........DRRDRDRRRRRRRRRRDDRRDRRRRRRRRRRRDRRRRRRRRRRRRRRRDRRRRRRRRRDDDDRR...................................................
.........RRRRRRRRDDRRRRRDRRDRDDRRDRRRRRRRRRRRRRRRDRRRRRRRRRDDDDRR...........................................................
.........RRDRRRRRRRDDDRDRDDDRRRRRRRRRDDDDRR.................................................................................
.......DRRRRRRRDDDRDRDDDRRRRRRRRRDDDDRR.....................................................................................
......RDRRURRRURRRRRDDDRDDRRRRUUURRURRDRDRRRRRRRRRRDDRRDRRRRRRRRRRRDRRRRRRRRRRRRRRRDRRRRRRRRRDDDDRR.........................
.......RRRRRRRDRRRRRDRRDRDDRRDRRRRRRRRRRRRRRRDRRRRRRRRRDDDDRR...............................................................
........RRRRRRRRRRDDDRDRDDDRRRRRRRRRDDDDRR..................................................................................
......RRRRRRRRDDDRDRDDDRRRRRRRRRDDDDRR......................................................................................
RRDDDDDDDDDDDRR.............................................................................................................
....RRURRRURRRRRDDDRDDRRRRUUURRURRDRDRRRRRRRRRRDDRRDRRRRRRRRRRRDRRRRRRRRRRRRRRRDRRRRRRRRRDDDDRR.............................
.......URRDRDRRRRRRRRRRDDRRDRRRRRRRRRRRDRRRRRRRRRRRRRRRDRRRRRRRRRDDDDRR.....................................................
........RRRRRRRRRRRRRRDRRDRDDRRDRRRRRRRRRRRRRRRDRRRRRRRRRDDDDRR.............................................................
.......RRRRRDDRRDRRRRRRRRRRRDRRRRRRRRRRRRRRRDRRRRRRRRRDDDDRR................................................................
.RRRRDRRDDDDDDDDRR..........................................................................................................
......RRRRDRRDRRRRRRRRRRRDRRRRRRRRRRRRRRRDRRRRRRRRRDDDDRR...................................................................
.RDDDRRRRRRRDDDDDRR.........................................................................................................
.RRRRRRRRRUUURRURRDRDRRRRRRRRRRDDRRDRRRRRRRRRRRDRRRRRRRRRRRRRRRDRRRRRRRRRDDDDRR.............................................
...........RRRRRRRRRRRRRDRRRRRRRRRRRDRRRRRRRRRRRRRRRDRRRRRRRRRDDDDRR........................................................
.....DRRRRRRRRRRRDRRRRRRRRRRRRRRRDRRRRRRRRRDDDDRR...........................................................................
.........RRRRDRRRRRRRRRRRRRRRDRRRRRRRRRDDDDRR...............................................................................
.DDDDDDRR...................................................................................................................
....RRRRDRRRRRRRRRRRRRRRRRRRRRRRRRRRRRRRRRRRDDDDRR..........................................................................
.......URURRRRRRRRRRRRRRRRRRRRDRRRRRRRRRRRRRRRDRRRRRRRRRDDDDRR..............................................................
....RRRRRRRRRRRRRRRRRRRRRRRRRRRRRRRRRRRRRRDDDDRR............................................................................
........RRRRRRRRRRRRRRRRRRRRRRRRRRRRRRDDDDRR................................................................................
RRDDDDRR....................................................................................................................
.........RRRRRRRRRRRRRRRRRRRRRRRDDDRRRRRRRRRRR..............................................................................
....RRRRRRRRRRDDDRRRRRRRRRRR................................................................................................
.RRRRRRRDDDRRRRRRRRRRR......................................................................................................
.RRDRRRDDDRRRURURRRUUUURRURURRRRRRRRRRRRRRRRRRRRDRRRRRRRRRRRRRRRDRRRRRRRRRDDDDRR............................................
RRRRRDDDRRRURURRRUUUURRURURRRRRRRRRRRRRRRRRRRRDRRRRRRRRRRRRRRRDRRRRRRRRRDDDDRR..............................................
..RRDDDRRRURURRRUUUURRURURRRRRRRRRRRRRRRRRRRRDRRRRRRRRRRRRRRRDRRRRRRRRRDDDDRR...............................................
.URRDDRRRRRRRRRRR...........................................................................................................
RRRDRR......................................................................................................................
RRRRRRR.....................................................................................................................
RRR.........................................................................................................................
..........URUULLUURURRRRRRRDRRRRRRRRRRRRRRRRRRRRRRRRRRRRRRRRRRRDDDDRR.......................................................
....RRRDRDRRRURRRRRRRRRUURR.................................................................................................
RRURR.......................................................................................................................
.....RRRRRRUURURURURRRRRRRRRRRRRRRRRRDDDRRRRRRRRRRR.........................................................................
.........RRRUURRRRRRRRRRUURRDDRRRRRRRRRRR...................................................................................
.......RUURRRRRRRRRRUURRDDRRRRRRRRRRR.......................................................................................
..DLLUUURRRRRUURRDDDRRRURURRRUUUURRURURRRRRRRRRRRRRRRRRRRRDRRRRRRRRRRRRRRRDRRRRRRRRRDDDDRR..................................
........RRRUUURUULLUURURRRRRRRDRRRRRRRRRRRRRRRRRRRRRRRRRRRRRRRRRRRDDDDRR....................................................
.....RURRRDRRRRRRRRRRRRRRUUUURR.............................................................................................
RRRRRRRRRRRRRRUUUURR........................................................................................................
.......RRUURRRRUUURUULLUURURRRRRRRDRRRRRRRRRRRRRRRRRRRRRRRRRRRRRRRRRRRDDDDRR................................................
......RRUUURRRRUURURURURRRRRRRRRRRRRRRRRRDDDRRRRRRRRRRR.....................................................................
......RUUURRRRUURURURURRRRRRRRRRRRRRRRRRDDDRRRRRRRRRRR......................................................................
...RUURRRRRRRRRRRRRUUUURR...................................................................................................
......UULUUURUURURURURRRRRRRRRRRRRRRRRRDDDRRRRRRRRRRR.......................................................................
RRRRRRRRURURRURUUUURR.......................................................................................................
.......RDRRRRRRURRRRRRRRURUUURUUUURR........................................................................................
..DRRUURURUURRUURRRRUUURUULLUURURRRRRRRDRRRRRRRRRRRRRRRRRRRRRRRRRRRRRRRRRRRDDDDRR...........................................
..........URURURRRUUUURRRRUURURURURRRRRRRRRRRRRRRRRRDDDRRRRRRRRRRR..........................................................
.....RUULUULUUURUURURURURRRRRRRRRRRRRRRRRRDDDRRRRRRRRRRR....................................................................
UULUUURUUUURR...............................................................................................................
...........RRRURRUULUULUUURUURURURURRRRRRRRRRRRRRRRRRDDDRRRRRRRRRRR.........................................................
RURUURUUURUUUURR............................................................................................................
