433
LDDLLDLDDRDDRRDRDDDRRRDDRDDRRRUURURUUURRDDRDRDDDDRRURUURRURUUURRDDRRURRDRRRRUUURRDRDDLDDDLLULLDLDLLUULLDLLDDRDDRDRRUURRRRRDDDDDRRDDLLDDLDDDDLLDLDLLLDLLULLDDLLDDRRDDLDDDLDDDDDDLLLLLDDDRDDLLULUULLLLLDLLLLLULLDLLLLLUUURURRUUUULUUURUULLDLLLLDLLLDLDDLDLDDDDRDRRRRRDDDDDRDRDRDDLLDDRDDDRDDLDLLLLLLDDRRDDLDLDDRRDRDDLDDDDDLLLLDDLLLLDDLLLLLLLLULUULLULULLLLULLULLLLUULUUULLULUUUUUULUUUUUULUUULLDLLL..............................................
DLLDLLDLLDLLUURUUUULLDDLLDLDDRDDRRDRDDDRRRDDRDDRRRUURURUUURRDDRDRDDDDRRURUURRURUUURRDDRRURRDRRRRUUURRDRDDLDDDLLULLDLDLLUULLDLLDDRDDRDRRUURRRRRDDDDDRRDDLLDDLDDDDLLDLDLLLDLLULLDDLLDDRRDDLDDDLDDDDDDLLLLLDDDRDDLLULUULLLLLDLLLLLULLDLLLLLUUURURRUUUULUUURUULLDLLLLDLLLDLDDLDLDDDDRDRRRRRDDDDDRDRDRDDLLDDRDDDRDDLDLLLLLLDDRRDDLDLDDRRDRDDLDDDDDLLLLDDLLLLDDLLLLLLLLULUULLULULLLLULLULLLLUULUUULLULUUUUUULUUUUUULUUULLDLLL..........................
ULLULLDLLDDLLDLLDLLDLLUURUUUULLDDLLDLDDRDDRRDRDDDRRRDDRDDRRRUURURUUURRDDRDRDDDDRRURUURRURUUURRDDRRURRDRRRRUUURRDRDDLDDDLLULLDLDLLUULLDLLDDRDDRDRRUURRRRRDDDDDRRDDLLDDLDDDDLLDLDLLLDLLULLDDLLDDRRDDLDDDLDDDDDDLLLLLDDDRDDLLULUULLLLLDLLLLLULLDLLLLLUUURURRUUUULUUURUULLDLLLLDLLLDLDDLDLDDDDRDRRRRRDDDDDRDRDRDDLLDDRDDDRDDLDLLLLLLDDRRDDLDLDDRRDRDDLDDDDDLLLLDDLLLLDDLLLLLLLLULUULLULULLLLULLULLLLUULUUULLULUUUUUULUUUUUULUUULLDLLL................
ULULUULLDLLLLULLDLLDDLLDLLDLLDLLUURUUUULLDDLLDLDDRDDRRDRDDDRRRDDRDDRRRUURURUUURRDDRDRDDDDRRURUURRURUUURRDDRRURRDRRRRUUURRDRDDLDDDLLULLDLDLLUULLDLLDDRDDRDRRUURRRRRDDDDDRRDDLLDDLDDDDLLDLDLLLDLLULLDDLLDDRRDDLDDDLDDDDDDLLLLLDDDRDDLLULUULLLLLDLLLLLULLDLLLLLUUURURRUUUULUUURUULLDLLLLDLLLDLDDLDLDDDDRDRRRRRDDDDDRDRDRDDLLDDRDDDRDDLDLLLLLLDDRRDDLDLDDRRDRDDLDDDDDLLLLDDLLLLDDLLLLLLLLULUULLULULLLLULLULLLLUULUUULLULUUUUUULUUUUUULUUULLDLLL......
UURRDRDRRRUULLULULLULLDLLDDLLDLLDLLDLLUURUUUULLDDLLDLDDRDDRRDRDDDRRRDDRDDRRRUURURUUURRDDRDRDDDDRRURUURRURUUURRDDRRURRDRRRRUUURRDRDDLDDDLLULLDLDLLUULLDLLDDRDDRDRRUURRRRRDDDDDRRDDLLDDLDDDDLLDLDLLLDLLULLDDLLDDRRDDLDDDLDDDDDDLLLLLDDDRDDLLULUULLLLLDLLLLLULLDLLLLLUUURURRUUUULUUURUULLDLLLLDLLLDLDDLDLDDDDRDRRRRRDDDDDRDRDRDDLLDDRDDDRDDLDLLLLLLDDRRDDLDLDDRRDRDDLDDDDDLLLLDDLLLLDDLLLLLLLLULUULLULULLLLULLULLLLUULUUULLULUUUUUULUUUUUULUUULLDLLL
RDRDDLDDDLLULLDLDLLUULLDLLDDRDDRDRRUURRRRRDDDDDRRDDLLDDLDDDDLLDLDLLLDLLULLDDLLDDRRDDLDDDLDDDDDDLLLLLDDDRDDLLULUULLLLLDLLLLLULLDLLLLLUUURURRUUUULUUURUULLDLLLLDLLLDLDDLDLDDDDRDRRRRRDDDDDRDRDRDDLLDDRDDDRDDLDLLLLLLDDRRDDLDLDDRRDRDDLDDDDDLLLLDDLLLLDDLLLLLLLLULUULLULULLLLULLULLLLUULUUULLULUUUUUULUUUUUULUUULLDLLL..............................................................................................................................
DDRDRDDDDRRURUURRURUUURRDDRRURRDRRRRUUURRDRDDLDDDLLULLDLDLLUULLDLLDDRDDRDRRUURRRRRDDDDDRRDDLLDDLDDDDLLDLDLLLDLLULLDDLLDDRRDDLDDDLDDDDDDLLLLLDDDRDDLLULUULLLLLDLLLLLULLDLLLLLUUURURRUUUULUUURUULLDLLLLDLLLDLDDLDLDDDDRDRRRRRDDDDDRDRDRDDLLDDRDDDRDDLDLLLLLLDDRRDDLDLDDRRDRDDLDDDDDLLLLDDLLLLDDLLLLLLLLULUULLULULLLLULLULLLLUULUUULLULUUUUUULUUUUUULUUULLDLLL......................................................................................
RRDDRDDRRRUURURUUURRDDRDRDDDDRRURUURRURUUURRDDRRURRDRRRRUUURRDRDDLDDDLLULLDLDLLUULLDLLDDRDDRDRRUURRRRRDDDDDRRDDLLDDLDDDDLLDLDLLLDLLULLDDLLDDRRDDLDDDLDDDDDDLLLLLDDDRDDLLULUULLLLLDLLLLLULLDLLLLLUUURURRUUUULUUURUULLDLLLLDLLLDLDDLDLDDDDRDRRRRRDDDDDRDRDRDDLLDDRDDDRDDLDLLLLLLDDRRDDLDLDDRRDRDDLDDDDDLLLLDDLLLLDDLLLLLLLLULUULLULULLLLULLULLLLUULUUULLULUUUUUULUUUUUULUUULLDLLL..................................................................
UURRDDRRURRDRRRRUUURRDRDDLDDDLLULLDLDLLUULLDLLDDRDDRDRRUURRRRRDDDDDRRDDLLDDLDDDDLLDLDLLLDLLULLDDLLDDRRDDLDDDLDDDDDDLLLLLDDDRDDLLULUULLLLLDLLLLLULLDLLLLLUUURURRUUUULUUURUULLDLLLLDLLLDLDDLDLDDDDRDRRRRRDDDDDRDRDRDDLLDDRDDDRDDLDLLLLLLDDRRDDLDLDDRRDRDDLDDDDDLLLLDDLLLLDDLLLLLLLLULUULLULULLLLULLULLLLUULUUULLULUUUUUULUUUUUULUUULLDLLL..........................................................................................................
ULLDLLDDRDDRDRRUURRRRRDDDDDRRDDLLDDLDDDDLLDLDLLLDLLULLDDLLDDRRDDLDDDLDDDDDDLLLLLDDDRDDLLULUULLLLLDLLLLLULLDLLLLLUUURURRUUUULUUURUULLDLLLLDLLLDLDDLDLDDDDRDRRRRRDDDDDRDRDRDDLLDDRDDDRDDLDLLLLLLDDRRDDLDLDDRRDRDDLDDDDDLLLLDDLLLLDDLLLLLLLLULUULLULULLLLULLULLLLUULUUULLULUUUUUULUUUUUULUUULLDLLL..................................................................................................................................................
RRDDDDDRRDDLLDDLDDDDLLDLDLLLDLLULLDDLLDDRRDDLDDDLDDDDDDLLLLLDDDRDDLLULUULLLLLDLLLLLULLDLLLLLUUURURRUUUULUUURUULLDLLLLDLLLDLDDLDLDDDDRDRRRRRDDDDDRDRDRDDLLDDRDDDRDDLDLLLLLLDDRRDDLDLDDRRDRDDLDDDDDLLLLDDLLLLDDLLLLLLLLULUULLULULLLLULLULLLLUULUUULLULUUUUUULUUUUUULUUULLDLLL......................................................................................................................................................................
RDDDDDRDDRDRDRDRDRRDRDRRDDDLLULLLLUUULULLDDRDDDDLDLDDDLLDDDDDDDDDDLLLLLDLLLLLUUURURRUUUULUUURUULLDLLLLDLLLDLDDLDLDDDDRDRRRRRDDDDDRDRDRDDLLDDRDDDRDDLDLLLLLLDDRRDDLDLDDRRDRDDLDDDDDLLLLDDLLLLDDLLLLLLLLULUULLULULLLLULLULLLLUULUUULLULUUUUUULUUUUUULUUULLDLLL.....................................................................................................................................................................................
DDRDDRDRDRDRDRRDRDRRDDDLLULLLLUUULULLDDRDDDDLDLDDDLLDDDDDDDDDDLLLLLDLLLLLUUURURRUUUULUUURUULLDLLLLDLLLDLDDLDLDDDDRDRRRRRDDDDDRDRDRDDLLDDRDDDRDDLDLLLLLLDDRRDDLDLDDRRDRDDLDDDDDLLLLDDLLLLDDLLLLLLLLULUULLULULLLLULLULLLLUULUUULLULUUUUUULUUUUUULUUULLDLLL.........................................................................................................................................................................................
DRRUULULLLLUUUULLUURUURRURUUURRDDRRURRDRRRRUUURRDRDDLDDDLLULLDLDLLUULLDLLDDRDDRDRRUURRRRRDDDDDRRDDLLDDLDDDDLLDLDLLLDLLULLDDLLDDRRDDLDDDLDDDDDDLLLLLDDDRDDLLULUULLLLLDLLLLLULLDLLLLLUUURURRUUUULUUURUULLDLLLLDLLLDLDDLDLDDDDRDRRRRRDDDDDRDRDRDDLLDDRDDDRDDLDLLLLLLDDRRDDLDLDDRRDRDDLDDDDDLLLLDDLLLLDDLLLLLLLLULUULLULULLLLULLULLLLUULUUULLULUUUUUULUUUUUULUUULLDLLL...............................................................................
RRDRRRRRUURRRRDRRUULULLLLUUUULLUURUURRURUUURRDDRRURRDRRRRUUURRDRDDLDDDLLULLDLDLLUULLDLLDDRDDRDRRUURRRRRDDDDDRRDDLLDDLDDDDLLDLDLLLDLLULLDDLLDDRRDDLDDDLDDDDDDLLLLLDDDRDDLLULUULLLLLDLLLLLULLDLLLLLUUURURRUUUULUUURUULLDLLLLDLLLDLDDLDLDDDDRDRRRRRDDDDDRDRDRDDLLDDRDDDRDDLDLLLLLLDDRRDDLDLDDRRDRDDLDDDDDLLLLDDLLLLDDLLLLLLLLULUULLULULLLLULLULLLLUULUUULLULUUUUUULUUUUUULUUULLDLLL.................................................................
LLDLDLLLDLLULLDDLLDDRRDDLDDDLDDDDDDLLLLLDDDRDDLLULUULLLLLDLLLLLULLDLLLLLUUURURRUUUULUUURUULLDLLLLDLLLDLDDLDLDDDDRDRRRRRDDDDDRDRDRDDLLDDRDDDRDDLDLLLLLLDDRRDDLDLDDRRDRDDLDDDDDLLLLDDLLLLDDLLLLLLLLULUULLULULLLLULLULLLLUULUUULLULUUUUUULUUUUUULUUULLDLLL..........................................................................................................................................................................................
DDDDLDLDDDLLDDDDDDDDDDLLLLLDLLLLLUUURURRUUUULUUURUULLDLLLLDLLLDLDDLDLDDDDRDRRRRRDDDDDRDRDRDDLLDDRDDDRDDLDLLLLLLDDRRDDLDLDDRRDRDDLDDDDDLLLLDDLLLLDDLLLLLLLLULUULLULULLLLULLULLLLUULUUULLULUUUUUULUUUUUULUUULLDLLL.................................................................................................................................................................................................................................
DDDLLULLLLUUULULLDDRDDDDLDLDDDLLDDDDDDDDDDLLLLLDLLLLLUUURURRUUUULUUURUULLDLLLLDLLLDLDDLDLDDDDRDRRRRRDDDDDRDRDRDDLLDDRDDDRDDLDLLLLLLDDRRDDLDLDDRRDRDDLDDDDDLLLLDDLLLLDDLLLLLLLLULUULLULULLLLULLULLLLUULUUULLULUUUUUULUUUUUULUUULLDLLL.............................................................................................................................................................................................................
RDRRDDLDDDLDDDDDDLLLLLDDDRDDLLULUULLLLLDLLLLLULLDLLLLLUUURURRUUUULUUURUULLDLLLLDLLLDLDDLDLDDDDRDRRRRRDDDDDRDRDRDDLLDDRDDDRDDLDLLLLLLDDRRDDLDLDDRRDRDDLDDDDDLLLLDDLLLLDDLLLLLLLLULUULLULULLLLULLULLLLUULUUULLULUUUUUULUUUUUULUUULLDLLL............................................................................................................................................................................................................
LDDRDDDDDLLDDLDDLDLLLLLLDDDRDDLLULUULLLLLDLLLLLULLDLLLLLUUURURRUUUULUUURUULLDLLLLDLLLDLDDLDLDDDDRDRRRRRDDDDDRDRDRDDLLDDRDDDRDDLDLLLLLLDDRRDDLDLDDRRDRDDLDDDDDLLLLDDLLLLDDLLLLLLLLULUULLULULLLLULLULLLLUULUUULLULUUUUUULUUUUUULUUULLDLLL..........................................................................................................................................................................................................
LDDLDLDDDDRDRRRRRDDDDDRDRDRDDLLDDRDDDRDDLDLLLLLLDDRRDDLDLDDRRDRDDLDDDDDLLLLDDLLLLDDLLLLLLLLULUULLULULLLLULLULLLLUULUUULLULUUUUUULUUUUUULUUULLDLLL................................................................................................................................................................................................................................................................................................
.RRRRRUURRDDDLDDDDDDLLLLLDDDRDDLLULUULLLLLDLLLLLULLDLLLLLUUURURRUUUULUUURUULLDLLLLDLLLDLDDLDLDDDDRDRRRRRDDDDDRDRDRDDLLDDRDDDRDDLDLLLLLLDDRRDDLDLDDRRDRDDLDDDDDLLLLDDLLLLDDLLLLLLLLULUULLULULLLLULLULLLLUULUUULLULUUUUUULUUUUUULUUULLDLLL.........................................................................................................................................................................................................
.LLDDDLLLLULLDDDLDLLLLDLLLLLLDDDRDDLLULUULLLLLDLLLLLULLDLLLLLUUURURRUUUULUUURUULLDLLLLDLLLDLDDLDLDDDDRDRRRRRDDDDDRDRDRDDLLDDRDDDRDDLDLLLLLLDDRRDDLDLDDRRDRDDLDDDDDLLLLDDLLLLDDLLLLLLLLULUULLULULLLLULLULLLLUULUUULLULUUUUUULUUUUUULUUULLDLLL.....................................................................................................................................................................................................
LDDLDDLDLLLLLLDDDRDDLLULUULLLLLDLLLLLULLDLLLLLUUURURRUUUULUUURUULLDLLLLDLLLDLDDLDLDDDDRDRRRRRDDDDDRDRDRDDLLDDRDDDRDDLDLLLLLLDDRRDDLDLDDRRDRDDLDDDDDLLLLDDLLLLDDLLLLLLLLULUULLULULLLLULLULLLLUULUUULLULUUUUUULUUUUUULUUULLDLLL....................................................................................................................................................................................................................
ULUUURUULLDLLLLDLLLDLDDLDLDDDDRDRRRRRDDDDDRDRDRDDLLDDRDDDRDDLDLLLLLLDDRRDDLDLDDRRDRDDLDDDDDLLLLDDLLLLDDLLLLLLLLULUULLULULLLLULLULLLLUULUUULLULUUUUUULUUUUUULUUULLDLLL............................................................................................................................................................................................................................................................................
DDDLDLLLLLDLLLLLUUURURRUUUULUUURUULLDLLLLDLLLDLDDLDLDDDDRDRRRRRDDDDDRDRDRDDLLDDRDDDRDDLDLLLLLLDDRRDDLDLDDRRDRDDLDDDDDLLLLDDLLLLDDLLLLLLLLULUULLULULLLLULLULLLLUULUUULLULUUUUUULUUUUUULUUULLDLLL..................................................................................................................................................................................................................................................
DLLLDDDRDDLLULUULLLLLDLLLLLULLDLLLLLUUURURRUUUULUUURUULLDLLLLDLLLDLDDLDLDDDDRDRRRRRDDDDDRDRDRDDLLDDRDDDRDDLDLLLLLLDDRRDDLDLDDRRDRDDLDDDDDLLLLDDLLLLDDLLLLLLLLULUULLULULLLLULLULLLLUULUUULLULUUUUUULUUUUUULUUULLDLLL..............................................................................................................................................................................................................................
ULLDLLLLLLDDDRDDLLULUULLLLLDLLLLLULLDLLLLLUUURURRUUUULUUURUULLDLLLLDLLLDLDDLDLDDDDRDRRRRRDDDDDRDRDRDDLLDDRDDDRDDLDLLLLLLDDRRDDLDLDDRRDRDDLDDDDDLLLLDDLLLLDDLLLLLLLLULUULLULULLLLULLULLLLUULUUULLULUUUUUULUUUUUULUUULLDLLL........................................................................................................................................................................................................................
URRRUUULLULLDDDLDLLLLDLLLLLLDDDRDDLLULUULLLLLDLLLLLULLDLLLLLUUURURRUUUULUUURUULLDLLLLDLLLDLDDLDLDDDDRDRRRRRDDDDDRDRDRDDLLDDRDDDRDDLDLLLLLLDDRRDDLDLDDRRDRDDLDDDDDLLLLDDLLLLDDLLLLLLLLULUULLULULLLLULLULLLLUULUUULLULUUUUUULUUUUUULUUULLDLLL......................................................................................................................................................................................................
.DLLLLLDLLLLLUUURURRUUUULUUURUULLDLLLLDLLLDLDDLDLDDDDRDRRRRRDDDDDRDRDRDDLLDDRDDDRDDLDLLLLLLDDRRDDLDLDDRRDRDDLDDDDDLLLLDDLLLLDDLLLLLLLLULUULLULULLLLULLULLLLUULUUULLULUUUUUULUUUUUULUUULLDLLL.....................................................................................................................................................................................................................................................
LLLULLDDDRDDLLULUULLLLLDLLLLLULLDLLLLLUUURURRUUUULUUURUULLDLLLLDLLLDLDDLDLDDDDRDRRRRRDDDDDRDRDRDDLLDDRDDDRDDLDLLLLLLDDRRDDLDLDDRRDRDDLDDDDDLLLLDDLLLLDDLLLLLLLLULUULLULULLLLULLULLLLUULUUULLULUUUUUULUUUUUULUUULLDLLL............................................................................................................................................................................................................................
LUULLLUUULLULLDDDLDLLLLDLLLLLLDDDRDDLLULUULLLLLDLLLLLULLDLLLLLUUURURRUUUULUUURUULLDLLLLDLLLDLDDLDLDDDDRDRRRRRDDDDDRDRDRDDLLDDRDDDRDDLDLLLLLLDDRRDDLDLDDRRDRDDLDDDDDLLLLDDLLLLDDLLLLLLLLULUULLULULLLLULLULLLLUULUUULLULUUUUUULUUUUUULUUULLDLLL....................................................................................................................................................................................................
UURUULLDLLDLLULLDDLLLUULLLUUULLULLDDDLDLLLLDLLLLLLDDDRDDLLULUULLLLLDLLLLLULLDLLLLLUUURURRUUUULUUURUULLDLLLLDLLLDLDDLDLDDDDRDRRRRRDDDDDRDRDRDDLLDDRDDDRDDLDLLLLLLDDRRDDLDLDDRRDRDDLDDDDDLLLLDDLLLLDDLLLLLLLLULUULLULULLLLULLULLLLUULUUULLULUUUUUULUUUUUULUUULLDLLL................................................................................................................................................................................
DDRDRDRDDLLDDRDDDRDDLDLLLLLLDDRRDDLDLDDRRDRDDLDDDDDLLLLDDLLLLDDLLLLLLLLULUULLULULLLLULLULLLLUULUUULLULUUUUUULUUUUUULUUULLDLLL....................................................................................................................................................................................................................................................................................................................
LULULLDLLLLLUUURURRUUUULUUURUULLDLLLLDLLLDLDDLDLDDDDRDRRRRRDDDDDRDRDRDDLLDDRDDDRDDLDLLLLLLDDRRDDLDLDDRRDRDDLDDDDDLLLLDDLLLLDDLLLLLLLLULUULLULULLLLULLULLLLUULUUULLULUUUUUULUUUUUULUUULLDLLL......................................................................................................................................................................................................................................................
LLLLULLLLULLDLLLLLUUURURRUUUULUUURUULLDLLLLDLLLDLDDLDLDDDDRDRRRRRDDDDDRDRDRDDLLDDRDDDRDDLDLLLLLLDDRRDDLDLDDRRDRDDLDDDDDLLLLDDLLLLDDLLLLLLLLULUULLULULLLLULLULLLLUULUUULLULUUUUUULUUUUUULUUULLDLLL................................................................................................................................................................................................................................................
.LLLLDLDLDLDLDDLLULUULLLULLLLLULUULLLLULLDLLLLLUUURURRUUUULUUURUULLDLLLLDLLLDLDDLDLDDDDRDRRRRRDDDDDRDRDRDDLLDDRDDDRDDLDLLLLLLDDRRDDLDLDDRRDRDDLDDDDDLLLLDDLLLLDDLLLLLLLLULUULLULULLLLULLULLLLUULUUULLULUUUUUULUUUUUULUUULLDLLL...................................................................................................................................................................................................................
.LLLLUUUUURURRUUUULUUURUULLDLLLLDLLLDLDDLDLDDDDRDRRRRRDDDDDRDRDRDDLLDDRDDDRDDLDLLLLLLDDRRDDLDLDDRRDRDDLDDDDDLLLLDDLLLLDDLLLLLLLLULUULLULULLLLULLULLLLUULUUULLULUUUUUULUUUUUULUUULLDLLL...........................................................................................................................................................................................................................................................
.DLDLDDLLULUULLLULLLLLULUULLLLULLDLLLLLUUURURRUUUULUUURUULLDLLLLDLLLDLDDLDLDDDDRDRRRRRDDDDDRDRDRDDLLDDRDDDRDDLDLLLLLLDDRRDDLDLDDRRDRDDLDDDDDLLLLDDLLLLDDLLLLLLLLULUULLULULLLLULLULLLLUULUUULLULUUUUUULUUUUUULUUULLDLLL...........................................................................................................................................................................................................................
ULLUUUUUURURRUUUULUUURUULLDLLLLDLLLDLDDLDLDDDDRDRRRRRDDDDDRDRDRDDLLDDRDDDRDDLDLLLLLLDDRRDDLDLDDRRDRDDLDDDDDLLLLDDLLLLDDLLLLLLLLULUULLULULLLLULLULLLLUULUUULLULUUUUUULUUUUUULUUULLDLLL............................................................................................................................................................................................................................................................
LLULLUUUUUURURRUUUULUUURUULLDLLLLDLLLDLDDLDLDDDDRDRRRRRDDDDDRDRDRDDLLDDRDDDRDDLDLLLLLLDDRRDDLDLDDRRDRDDLDDDDDLLLLDDLLLLDDLLLLLLLLULUULLULULLLLULLULLLLUULUUULLULUUUUUULUUUUUULUUULLDLLL..........................................................................................................................................................................................................................................................
ULLULUULLLLULLDLLLLLUUURURRUUUULUUURUULLDLLLLDLLLDLDDLDLDDDDRDRRRRRDDDDDRDRDRDDLLDDRDDDRDDLDLLLLLLDDRRDDLDLDDRRDRDDLDDDDDLLLLDDLLLLDDLLLLLLLLULUULLULULLLLULLULLLLUULUUULLULUUUUUULUUUUUULUUULLDLLL..............................................................................................................................................................................................................................................
RRUUUUULLLLULUURRRUURUULLDLLDLLULLDDLLLUULLLUUULLULLDDDLDLLLLDLLLLLLDDDRDDLLULUULLLLLDLLLLLULLDLLLLLUUURURRUUUULUUURUULLDLLLLDLLLDLDDLDLDDDDRDRRRRRDDDDDRDRDRDDLLDDRDDDRDDLDLLLLLLDDRRDDLDLDDRRDRDDLDDDDDLLLLDDLLLLDDLLLLLLLLULUULLULULLLLULLULLLLUULUUULLULUUUUUULUUUUUULUUULLDLLL..............................................................................................................................................................
UUUUULLLLULUURRRUURUULLDLLDLLULLDDLLLUULLLUUULLULLDDDLDLLLLDLLLLLLDDDRDDLLULUULLLLLDLLLLLULLDLLLLLUUURURRUUUULUUURUULLDLLLLDLLLDLDDLDLDDDDRDRRRRRDDDDDRDRDRDDLLDDRDDDRDDLDLLLLLLDDRRDDLDLDDRRDRDDLDDDDDLLLLDDLLLLDDLLLLLLLLULUULLULULLLLULLULLLLUULUUULLULUUUUUULUUUUUULUUULLDLLL................................................................................................................................................................
ULLLDLDDLLLLULLULLDDLLULLDLLDDDDDLLLLUUUUUULUUULLDLLL............................................................................................................................................................................................................................................................................................................................................................................................
LLLLDDLDLLULUUUUUULUULLULUULLLLULLDLLLLLUUURURRUUUULUUURUULLDLLLLDLLLDLDDLDLDDDDRDRRRRRDDDDDRDRDRDDLLDDRDDDRDDLDLLLLLLDDRRDDLDLDDRRDRDDLDDDDDLLLLDDLLLLDDLLLLLLLLULUULLULULLLLULLULLLLUULUUULLULUUUUUULUUUUUULUUULLDLLL..........................................................................................................................................................................................................................
.LLULLDLLDDDDDLLLLUUUUUULUUULLDLLL...............................................................................................................................................................................................................................................................................................................................................................................................................
..LLDDDLLLLLLLLUUUUUULUUULLDLLL..................................................................................................................................................................................................................................................................................................................................................................................................................
RUUUULUUULLDLLL..................................................................................................................................................................................................................................................................................................................................................................................................................................
RURUUUUUULLLLUUUULLLLULUURRRUURUULLDLLDLLULLDDLLLUULLLUUULLULLDDDLDLLLLDLLLLLLDDDRDDLLULUULLLLLDLLLLLULLDLLLLLUUURURRUUUULUUURUULLDLLLLDLLLDLDDLDLDDDDRDRRRRRDDDDDRDRDRDDLLDDRDDDRDDLDLLLLLLDDRRDDLDLDDRRDRDDLDDDDDLLLLDDLLLLDDLLLLLLLLULUULLULULLLLULLULLLLUULUUULLULUUUUUULUUUUUULUUULLDLLL....................................................................................................................................................
.UUUUULUUULLDLLL.................................................................................................................................................................................................................................................................................................................................................................................................................................
LDLLLLLLDDRRDDLDLDDRRDRDDLDDDDDLLLLDDLLLLDDLLLLLLLLULUULLULULLLLULLULLLLUULUUULLULUUUUUULUUUUUULUUULLDLLL........................................................................................................................................................................................................................................................................................................................................
UURRRRRUUUUUULLLLUUUULLLLULUURRRUURUULLDLLDLLULLDDLLLUULLLUUULLULLDDDLDLLLLDLLLLLLDDDRDDLLULUULLLLLDLLLLLULLDLLLLLUUURURRUUUULUUURUULLDLLLLDLLLDLDDLDLDDDDRDRRRRRDDDDDRDRDRDDLLDDRDDDRDDLDLLLLLLDDRRDDLDLDDRRDRDDLDDDDDLLLLDDLLLLDDLLLLLLLLULUULLULULLLLULLULLLLUULUUULLULUUUUUULUUUUUULUUULLDLLL................................................................................................................................................
ULLLLLLLUUUUUULUUULLDLLL.........................................................................................................................................................................................................................................................................................................................................................................................................................
LLUULUUUUUULUUULLDLLL............................................................................................................................................................................................................................................................................................................................................................................................................................
LLUUULUUUUUULUUULLDLLL...........................................................................................................................................................................................................................................................................................................................................................................................................................
..ULULUUURRRRRURURURUUULLLDLDDLLLLULLULLDDLLULLDLLDDDDDLLLLUUUUUULUUULLDLLL......................................................................................................................................................................................................................................................................................................................................................................
DRRURURUUUUURUUUUUULLLLUUUULLLLULUURRRUURUULLDLLDLLULLDDLLLUULLLUUULLULLDDDLDLLLLDLLLLLLDDDRDDLLULUULLLLLDLLLLLULLDLLLLLUUURURRUUUULUUURUULLDLLLLDLLLDLDDLDLDDDDRDRRRRRDDDDDRDRDRDDLLDDRDDDRDDLDLLLLLLDDRRDDLDLDDRRDRDDLDDDDDLLLLDDLLLLDDLLLLLLLLULUULLULULLLLULLULLLLUULUUULLULUUUUUULUUUUUULUUULLDLLL..........................................................................................................................................
LLULUUUUUULUUUUUULUUULLDLLL......................................................................................................................................................................................................................................................................................................................................................................................................................
RDRDDLDDDDDLLLLDDLLLLDDLLLLLLLLULUULLULULLLLULLULLLLUULUUULLULUUUUUULUUUUUULUUULLDLLL............................................................................................................................................................................................................................................................................................................................................................
.RRRUURUUUUUULUUUUUULUUULLDLLL...................................................................................................................................................................................................................................................................................................................................................................................................................
..LLULLULUUUUUULUUUUUULUUULLDLLL.................................................................................................................................................................................................................................................................................................................................................................................................................
...RDRDDDLLLLLLDDLLULULLUULULLLULULLUURURUULUUULULULLDDDLLLLLLLLUUUUUULUUULLDLLL.................................................................................................................................................................................................................................................................................................................................................................
.ULULLUURURUULUUULULULLDDDLLLLLLLLUUUUUULUUULLDLLL...............................................................................................................................................................................................................................................................................................................................................................................................
UULUURUUUUUULUUUUUULUUULLDLLL....................................................................................................................................................................................................................................................................................................................................................................................................................
..RDDRDDLLULULLUULULLLULULLUURURUULUUULULULLDDDLLLLLLLLUUUUUULUUULLDLLL..........................................................................................................................................................................................................................................................................................................................................................................
.DRDDLLULULLUULULLLULULLUURURUULUUULULULLDDDLLLLLLLLUUUUUULUUULLDLLL.............................................................................................................................................................................................................................................................................................................................................................................
..RRUUUURUURUUUUUULUUUUUULUUULLDLLL..............................................................................................................................................................................................................................................................................................................................................................................................................
.LUUUULUURUUUUUULUUUUUULUUULLDLLL................................................................................................................................................................................................................................................................................................................................................................................................................
ULLLLLLLLLLULUUULLULUUUUUULUUUUUULUUULLDLLL......................................................................................................................................................................................................................................................................................................................................................................................................
.LLLLLLDDLLULULLUULULLLULULLUURURUULUUULULULLDDDLLLLLLLLUUUUUULUUULLDLLL.........................................................................................................................................................................................................................................................................................................................................................................
.UUUULUUULLULUUUUUULUUUUUULUUULLDLLL.............................................................................................................................................................................................................................................................................................................................................................................................................
ULLULLLLUULUUULLULUUUUUULUUUUUULUUULLDLLL........................................................................................................................................................................................................................................................................................................................................................................................................
RDDDLDDLLLLLLLLULUULLULULLLLULLULLLLUULUUULLULUUUUUULUUUUUULUUULLDLLL............................................................................................................................................................................................................................................................................................................................................................................
DRDDDLLLLLLLLULUULLULULLLLULLULLLLUULUUULLULUUUUUULUUUUUULUUULLDLLL..............................................................................................................................................................................................................................................................................................................................................................................
ULULLLLULLULLLLUULUUULLULUUUUUULUUUUUULUUULLDLLL.................................................................................................................................................................................................................................................................................................................................................................................................
RURUUUUUUUURUURUUUUUULUUUUUULUUULLDLLL...........................................................................................................................................................................................................................................................................................................................................................................................................
.DDLLLLLLLLULUULLULULLLLULLULLLLUULUUULLULUUUUUULUUUUUULUUULLDLLL................................................................................................................................................................................................................................................................................................................................................................................
..DLLLLLLULLLLLDDLLLLLLLLULUULLULULLLLULLULLLLUULUUULLULUUUUUULUUUUUULUUULLDLLL..................................................................................................................................................................................................................................................................................................................................................................
RURRRURUULULULLUUULUUULLULUUUUUULUUUUUULUUULLDLLL................................................................................................................................................................................................................................................................................................................................................................................................
LLUULUULULULLUUULUUULLULUUUUUULUUUUUULUUULLDLLL..................................................................................................................................................................................................................................................................................................................................................................................................
.UULULLLLLDDLLLLLLLLULUULLULULLLLULLULLLLUULUUULLULUUUUUULUUUUUULUUULLDLLL.......................................................................................................................................................................................................................................................................................................................................................................
LULLULLULUULLULULLLLULLULLLLUULUUULLULUUUUUULUUUUUULUUULLDLLL....................................................................................................................................................................................................................................................................................................................................................................................
.RDDDDLLLLLLUUURUUULLULLULUULLULULLLLULLULLLLUULUUULLULUUUUUULUUUUUULUUULLDLLL...................................................................................................................................................................................................................................................................................................................................................................
RUURUUUULUULULULLUUULUUULLULUUUUUULUUUUUULUUULLDLLL..............................................................................................................................................................................................................................................................................................................................................................................................
..URRUUULLULUULLULULLLLULLULLLLUULUUULLULUUUUUULUUUUUULUUULLDLLL.................................................................................................................................................................................................................................................................................................................................................................................
RUUUUUUUURUUUUUUUURUURUUUUUULUUUUUULUUULLDLLL....................................................................................................................................................................................................................................................................................................................................................................................................
...DDLLLLLLUUURUUULLULLULUULLULULLLLULLULLLLUULUUULLULUUUUUULUUUUUULUUULLDLLL....................................................................................................................................................................................................................................................................................................................................................................
.URUUULUUUULUULULULLUUULUUULLULUUUUUULUUUUUULUUULLDLLL...........................................................................................................................................................................................................................................................................................................................................................................................
.LLLUUURUUULLULLULUULLULULLLLULLULLLLUULUUULLULUUUUUULUUUUUULUUULLDLLL...........................................................................................................................................................................................................................................................................................................................................................................
LLULLULULLUUUUUUUUURUUUUUUUURUURUUUUUULUUUUUULUUULLDLLL..........................................................................................................................................................................................................................................................................................................................................................................................
.RRRRRUULLULULLUUUUUUUUURUUUUUUUURUURUUUUUULUUUUUULUUULLDLLL.....................................................................................................................................................................................................................................................................................................................................................................................
.RUULLULULLUUUUUUUUURUUUUUUUURUURUUUUUULUUUUUULUUULLDLLL.........................................................................................................................................................................................................................................................................................................................................................................................
LLLULLLLUULLUURUUULUUUULUULULULLUUULUUULLULUUUUUULUUUUUULUUULLDLLL...............................................................................................................................................................................................................................................................................................................................................................................
...LULLUULUUURUUULLULLULUULLULULLLLULLULLLLUULUUULLULUUUUUULUUUUUULUUULLDLLL.....................................................................................................................................................................................................................................................................................................................................................................
UUULLUUULLUUUULLUULLDDLLLLLLLLULUULLULULLLLULLULLLLUULUUULLULUUUUUULUUUUUULUUULLDLLL.............................................................................................................................................................................................................................................................................................................................................................
.LUUUUURUURUUULUUUULUULULULLUUULUUULLULUUUUUULUUUUUULUUULLDLLL...................................................................................................................................................................................................................................................................................................................................................................................
RUUURUULLULULLUUUUUUUUURUUUUUUUURUURUUUUUULUUUUUULUUULLDLLL......................................................................................................................................................................................................................................................................................................................................................................................
.LUUUUUURUURUUULUUUULUULULULLUUULUUULLULUUUUUULUUUUUULUUULLDLLL..................................................................................................................................................................................................................................................................................................................................................................................
.LLLLLLLULLLUUUUULLUURUUULUUUULUULULULLUUULUUULLULUUUUUULUUUUUULUUULLDLLL........................................................................................................................................................................................................................................................................................................................................................................
