657
DRRDRDDRDDRDDLLULLDDRDDRRDRDDDRDDDLDLLLDLDDRRDRRUURRRDDDRRDDRDDRDDLDDRRRUUURURRRDRRURRURRRRRRRDRDDDDDDDDDDDDRDDDDDDDDDDDDDDDDDDDDDDLDLLLDDLLLDLLULLULLDDLLULLLLLLULUUUUULLULULLULULLDDDRDDRRRRDDDRDDDLDLLUULUULLUULLLDLLULLDDRDDLDDLLULUULLDDDRDDDDDLLULLLDLLULULUUUUUURURUUULULLLLLLULLLLDDDLLDDLLLLDDRDRRDDRDDRRDDDLDLLULLDLDDRDRDRDDLDLDLLDLDDDDLLLULLLUUULLULULULLLULULUUUUULLDLLULLUURRRUUURRURRRUUUULUULLDDLLLDLDDDLLLLLDDDDLLULL..........................................................................................................................................................................................................................................
URRRRRRRRDRRDRDDRDDRDDLLULLDDRDDRRDRDDDRDDDLDLLLDLDDRRDRRUURRRDDDRRDDRDDRDDLDDRRRUUURURRRDRRURRURRRRRRRDRDDDDDDDDDDDDRDDDDDDDDDDDDDDDDDDDDDDLDLLLDDLLLDLLULLULLDDLLULLLLLLULUUUUULLULULLULULLDDDRDDRRRRDDDRDDDLDLLUULUULLUULLLDLLULLDDRDDLDDLLULUULLDDDRDDDDDLLULLLDLLULULUUUUUURURUUULULLLLLLULLLLDDDLLDDLLLLDDRDRRDDRDDRRDDDLDLLULLDLDDRDRDRDDLDLDLLDLDDDDLLLULLLUUULLULULULLLULULUUUUULLDLLULLUURRRUUURRURRRUUUULUULLDDLLLDLDDDLLLLLDDDDLLULL.................................................................................................................................................................................................................................
LLLUULUURRRRRRRRDRRDRDDRDDRDDLLULLDDRDDRRDRDDDRDDDLDLLLDLDDRRDRRUURRRDDDRRDDRDDRDDLDDRRRUUURURRRDRRURRURRRRRRRDRDDDDDDDDDDDDRDDDDDDDDDDDDDDDDDDDDDDLDLLLDDLLLDLLULLULLDDLLULLLLLLULUUUUULLULULLULULLDDDRDDRRRRDDDRDDDLDLLUULUULLUULLLDLLULLDDRDDLDDLLULUULLDDDRDDDDDLLULLLDLLULULUUUUUURURUUULULLLLLLULLLLDDDLLDDLLLLDDRDRRDDRDDRRDDDLDLLULLDLDDRDRDRDDLDLDLLDLDDDDLLLULLLUUULLULULULLLULULUUUUULLDLLULLUURRRUUURRURRRUUUULUULLDDLLLDLDDDLLLLLDDDDLLULL..........................................................................................................................................................................................................................
LLULLDDRDDRRDRDDDRDDDLDLLLDLDDRRDRRUURRRDDDRRDDRDDRDDLDDRRRUUURURRRDRRURRURRRRRRRDRDDDDDDDDDDDDRDDDDDDDDDDDDDDDDDDDDDDLDLLLDDLLLDLLULLULLDDLLULLLLLLULUUUUULLULULLULULLDDDRDDRRRRDDDRDDDLDLLUULUULLUULLLDLLULLDDRDDLDDLLULUULLDDDRDDDDDLLULLLDLLULULUUUUUURURUUULULLLLLLULLLLDDDLLDDLLLLDDRDRRDDRDDRRDDDLDLLULLDLDDRDRDRDDLDLDLLDLDDDDLLLULLLUUULLULULULLLULULUUUUULLDLLULLUURRRUUURRURRRUUUULUULLDDLLLDLDDDLLLLLDDDDLLULL.......................................................................................................................................................................................................................................................
RURRRRRRURRURUULUULUULUURRRRRRRRDRRDRDDRDDRDDLLULLDDRDDRRDRDDDRDDDLDLLLDLDDRRDRRUURRRDDDRRDDRDDRDDLDDRRRUUURURRRDRRURRURRRRRRRDRDDDDDDDDDDDDRDDDDDDDDDDDDDDDDDDDDDDLDLLLDDLLLDLLULLULLDDLLULLLLLLULUUUUULLULULLULULLDDDRDDRRRRDDDRDDDLDLLUULUULLUULLLDLLULLDDRDDLDDLLULUULLDDDRDDDDDLLULLLDLLULULUUUUUURURUUULULLLLLLULLLLDDDLLDDLLLLDDRDRRDDRDDRRDDDLDLLULLDLDDRDRDRDDLDLDLLDLDDDDLLLULLLUUULLULULULLLULULUUUUULLDLLULLUURRRUUURRURRRUUUULUULLDDLLLDLDDDLLLLLDDDDLLULL..........................................................................................................................................................................................................
DDDRDDDLDLLLDLDDRRDRRUURRRDDDRRDDRDDRDDLDDRRRUUURURRRDRRURRURRRRRRRDRDDDDDDDDDDDDRDDDDDDDDDDDDDDDDDDDDDDLDLLLDDLLLDLLULLULLDDLLULLLLLLULUUUUULLULULLULULLDDDRDDRRRRDDDRDDDLDLLUULUULLUULLLDLLULLDDRDDLDDLLULUULLDDDRDDDDDLLULLLDLLULULUUUUUURURUUULULLLLLLULLLLDDDLLDDLLLLDDRDRRDDRDDRRDDDLDLLULLDLDDRDRDRDDLDLDLLDLDDDDLLLULLLUUULLULULULLLULULUUUUULLDLLULLUURRRUUURRURRRUUUULUULLDDLLLDLDDDLLLLLDDDDLLULL.....................................................................................................................................................................................................................................................................
DRRUUUULUURUURURRURUULUULUULUURRRRRRRRDRRDRDDRDDRDDLLULLDDRDDRRDRDDDRDDDLDLLLDLDDRRDRRUURRRDDDRRDDRDDRDDLDDRRRUUURURRRDRRURRURRRRRRRDRDDDDDDDDDDDDRDDDDDDDDDDDDDDDDDDDDDDLDLLLDDLLLDLLULLULLDDLLULLLLLLULUUUUULLULULLULULLDDDRDDRRRRDDDRDDDLDLLUULUULLUULLLDLLULLDDRDDLDDLLULUULLDDDRDDDDDLLULLLDLLULULUUUUUURURUUULULLLLLLULLLLDDDLLDDLLLLDDRDRRDDRDDRRDDDLDLLULLDLDDRDRDRDDLDLDLLDLDDDDLLLULLLUUULLULULULLLULULUUUUULLDLLULLUURRRUUURRURRRUUUULUULLDDLLLDLDDDLLLLLDDDDLLULL....................................................................................................................................................................................................
DLDDRRDRRUURRRDDDRRDDRDDRDDLDDRRRUUURURRRDRRURRURRRRRRRDRDDDDDDDDDDDDRDDDDDDDDDDDDDDDDDDDDDDLDLLLDDLLLDLLULLULLDDLLULLLLLLULUUUUULLULULLULULLDDDRDDRRRRDDDRDDDLDLLUULUULLUULLLDLLULLDDRDDLDDLLULUULLDDDRDDDDDLLULLLDLLULULUUUUUURURUUULULLLLLLULLLLDDDLLDDLLLLDDRDRRDDRDDRRDDDLDLLULLDLDDRDRDRDDLDLDLLDLDDDDLLLULLLUUULLULULULLLULULUUUUULLDLLULLUURRRUUURRURRRUUUULUULLDDLLLDLDDDLLLLLDDDDLLULL.................................................................................................................................................................................................................................................................................
RURRRRDRDRRUULULUULULUUUUURRRRRRRRRURRURUULUULUULUURRRRRRRRDRRDRDDRDDRDDLLULLDDRDDRRDRDDDRDDDLDLLLDLDDRRDRRUURRRDDDRRDDRDDRDDLDDRRRUUURURRRDRRURRURRRRRRRDRDDDDDDDDDDDDRDDDDDDDDDDDDDDDDDDDDDDLDLLLDDLLLDLLULLULLDDLLULLLLLLULUUUUULLULULLULULLDDDRDDRRRRDDDRDDDLDLLUULUULLUULLLDLLULLDDRDDLDDLLULUULLDDDRDDDDDLLULLLDLLULULUUUUUURURUUULULLLLLLULLLLDDDLLDDLLLLDDRDRRDDRDDRRDDDLDLLULLDLDDRDRDRDDLDLDLLDLDDDDLLLULLLUUULLULULULLLULULUUUUULLDLLULLUURRRUUURRURRRUUUULUULLDDLLLDLDDDLLLLLDDDDLLULL...............................................................................................................................................................................
DDLDDRDRRURRRDRRDRDDDDLLLULLDLDLDDDLDLDDLDLLDDRRDRDRDRDDRRUUULUURUUULUURRRDRDRRDRRDRDRDRRDDRRDRDRRUULULUUURRDDRRURRUUURUUULLDLLUULULLULUURRUURURRRRRDDRRRURUULUURRDRRUURURURRUURURRRRDRDRRUULULUULULUUUUURRRRRRRRRURRURUULUULUULUURRRRRRRRDRRDRDDRDDRDDLLULLDDRDDRRDRDDDRDDDLDLLLDLDDRRDRRUURRRDDDRRDDRDDRDDLDDRRRUUURURRRDRRURRURRRRRRRDRDDDDDDDDDDDDRDDDDDDDDDDDDDDDDDDDDDDLDLLLDDLLLDLLULLULLDDLLULLLLLLULUUUUULLULULLULULLDDDRDDRRRRDDDRDDDLDLLUULUULLUULLLDLLULLDDRDDLDDLLULUULLDDDRDDDDDLLULLLDLLULULUUUUUURURUUULULLLLLLULLLLDDDLLDDLLLLDDRDRRDDRDDRRDDDLDLLULLDLDDRDRDRDDLDLDLLDLDDDDLLLULLLUUULLULULULLLULULUUUUULLDLLULLUURRRUUURRURRRUUUULUULLDDLLLDLDDDLLLLLDDDDLLULL
RRUURURRRRDRDRRUULULUULULUUUUURRRRRRRRRURRURUULUULUULUURRRRRRRRDRRDRDDRDDRDDLLULLDDRDDRRDRDDDRDDDLDLLLDLDDRRDRRUURRRDDDRRDDRDDRDDLDDRRRUUURURRRDRRURRURRRRRRRDRDDDDDDDDDDDDRDDDDDDDDDDDDDDDDDDDDDDLDLLLDDLLLDLLULLULLDDLLULLLLLLULUUUUULLULULLULULLDDDRDDRRRRDDDRDDDLDLLUULUULLUULLLDLLULLDDRDDLDDLLULUULLDDDRDDDDDLLULLLDLLULULUUUUUURURUUULULLLLLLULLLLDDDLLDDLLLLDDRDRRDDRDDRRDDDLDLLULLDLDDRDRDRDDLDLDLLDLDDDDLLLULLLUUULLULULULLLULULUUUUULLDLLULLUURRRUUURRURRRUUUULUULLDDLLLDLDDDLLLLLDDDDLLULL...........................................................................................................................................................................
RRRURUULULUULULUUUUURRRRRRRRRURRURUULUULUULUURRRRRRRRDRRDRDDRDDRDDLLULLDDRDDRRDRDDDRDDDLDLLLDLDDRRDRRUURRRDDDRRDDRDDRDDLDDRRRUUURURRRDRRURRURRRRRRRDRDDDDDDDDDDDDRDDDDDDDDDDDDDDDDDDDDDDLDLLLDDLLLDLLULLULLDDLLULLLLLLULUUUUULLULULLULULLDDDRDDRRRRDDDRDDDLDLLUULUULLUULLLDLLULLDDRDDLDDLLULUULLDDDRDDDDDLLULLLDLLULULUUUUUURURUUULULLLLLLULLLLDDDLLDDLLLLDDRDRRDDRDDRRDDDLDLLULLDLDDRDRDRDDLDLDLLDLDDDDLLLULLLUUULLULULULLLULULUUUUULLDLLULLUURRRUUURRURRRUUUULUULLDDLLLDLDDDLLLLLDDDDLLULL.....................................................................................................................................................................................
RURRUURURRRRDRDRRUULULUULULUUUUURRRRRRRRRURRURUULUULUULUURRRRRRRRDRRDRDDRDDRDDLLULLDDRDDRRDRDDDRDDDLDLLLDLDDRRDRRUURRRDDDRRDDRDDRDDLDDRRRUUURURRRDRRURRURRRRRRRDRDDDDDDDDDDDDRDDDDDDDDDDDDDDDDDDDDDDLDLLLDDLLLDLLULLULLDDLLULLLLLLULUUUUULLULULLULULLDDDRDDRRRRDDDRDDDLDLLUULUULLUULLLDLLULLDDRDDLDDLLULUULLDDDRDDDDDLLULLLDLLULULUUUUUURURUUULULLLLLLULLLLDDDLLDDLLLLDDRDRRDDRDDRRDDDLDLLULLDLDDRDRDRDDLDLDLLDLDDDDLLLULLLUUULLULULULLLULULUUUUULLDLLULLUURRRUUURRURRRUUUULUULLDDLLLDLDDDLLLLLDDDDLLULL.........................................................................................................................................................................
RRRRURURUULULUULULUUUUURRRRRRRRRURRURUULUULUULUURRRRRRRRDRRDRDDRDDRDDLLULLDDRDDRRDRDDDRDDDLDLLLDLDDRRDRRUURRRDDDRRDDRDDRDDLDDRRRUUURURRRDRRURRURRRRRRRDRDDDDDDDDDDDDRDDDDDDDDDDDDDDDDDDDDDDLDLLLDDLLLDLLULLULLDDLLULLLLLLULUUUUULLULULLULULLDDDRDDRRRRDDDRDDDLDLLUULUULLUULLLDLLULLDDRDDLDDLLULUULLDDDRDDDDDLLULLLDLLULULUUUUUURURUUULULLLLLLULLLLDDDLLDDLLLLDDRDRRDDRDDRRDDDLDLLULLDLDDRDRDRDDLDLDLLDLDDDDLLLULLLUUULLULULULLLULULUUUUULLDLLULLUURRRUUURRURRRUUUULUULLDDLLLDLDDDLLLLLDDDDLLULL..................................................................................................................................................................................
LDDRDRRURRRDRRDRDDDDLLLULLDLDLDDDLDLDDLDLLDDRRDRDRDRDDRRUUULUURUUULUURRRDRDRRDRRDRDRDRRDDRRDRDRRUULULUUURRDDRRURRUUURUUULLDLLUULULLULUURRUURURRRRRDDRRRURUULUURRDRRUURURURRUURURRRRDRDRRUULULUULULUUUUURRRRRRRRRURRURUULUULUULUURRRRRRRRDRRDRDDRDDRDDLLULLDDRDDRRDRDDDRDDDLDLLLDLDDRRDRRUURRRDDDRRDDRDDRDDLDDRRRUUURURRRDRRURRURRRRRRRDRDDDDDDDDDDDDRDDDDDDDDDDDDDDDDDDDDDDLDLLLDDLLLDLLULLULLDDLLULLLLLLULUUUUULLULULLULULLDDDRDDRRRRDDDRDDDLDLLUULUULLUULLLDLLULLDDRDDLDDLLULUULLDDDRDDDDDLLULLLDLLULULUUUUUURURUUULULLLLLLULLLLDDDLLDDLLLLDDRDRRDDRDDRRDDDLDLLULLDLDDRDRDRDDLDLDLLDLDDDDLLLULLLUUULLULULULLLULULUUUUULLDLLULLUURRRUUURRURRRUUUULUULLDDLLLDLDDDLLLLLDDDDLLULL..
URURRUURURRRRDRDRRUULULUULULUUUUURRRRRRRRRURRURUULUULUULUURRRRRRRRDRRDRDDRDDRDDLLULLDDRDDRRDRDDDRDDDLDLLLDLDDRRDRRUURRRDDDRRDDRDDRDDLDDRRRUUURURRRDRRURRURRRRRRRDRDDDDDDDDDDDDRDDDDDDDDDDDDDDDDDDDDDDLDLLLDDLLLDLLULLULLDDLLULLLLLLULUUUUULLULULLULULLDDDRDDRRRRDDDRDDDLDLLUULUULLUULLLDLLULLDDRDDLDDLLULUULLDDDRDDDDDLLULLLDLLULULUUUUUURURUUULULLLLLLULLLLDDDLLDDLLLLDDRDRRDDRDDRRDDDLDLLULLDLDDRDRDRDDLDLDLLDLDDDDLLLULLLUUULLULULULLLULULUUUUULLDLLULLUURRRUUURRURRRUUUULUULLDDLLLDLDDDLLLLLDDDDLLULL........................................................................................................................................................................
RRUURURURRUURURRRRDRDRRUULULUULULUUUUURRRRRRRRRURRURUULUULUULUURRRRRRRRDRRDRDDRDDRDDLLULLDDRDDRRDRDDDRDDDLDLLLDLDDRRDRRUURRRDDDRRDDRDDRDDLDDRRRUUURURRRDRRURRURRRRRRRDRDDDDDDDDDDDDRDDDDDDDDDDDDDDDDDDDDDDLDLLLDDLLLDLLULLULLDDLLULLLLLLULUUUUULLULULLULULLDDDRDDRRRRDDDRDDDLDLLUULUULLUULLLDLLULLDDRDDLDDLLULUULLDDDRDDDDDLLULLLDLLULULUUUUUURURUUULULLLLLLULLLLDDDLLDDLLLLDDRDRRDDRDDRRDDDLDLLULLDLDDRDRDRDDLDLDLLDLDDDDLLLULLLUUULLULULULLLULULUUUUULLDLLULLUURRRUUURRURRRUUUULUULLDDLLLDLDDDLLLLLDDDDLLULL...................................................................................................................................................................
RDRDRDDDDDDDDDDDDRDDDDDDDDDDDDDDDDDDDDDDLDLLLDDLLLDLLULLULLDDLLULLLLLLULUUUUULLULULLULULLDDDRDDRRRRDDDRDDDLDLLUULUULLUULLLDLLULLDDRDDLDDLLULUULLDDDRDDDDDLLULLLDLLULULUUUUUURURUUULULLLLLLULLLLDDDLLDDLLLLDDRDRRDDRDDRRDDDLDLLULLDLDDRDRDRDDLDLDLLDLDDDDLLLULLLUUULLULULULLLULULUUUUULLDLLULLUURRRUUURRURRRUUUULUULLDDLLLDLDDDLLLLLDDDDLLULL.....................................................................................................................................................................................................................................................................................................................................
LUURRDRRUURURURRUURURRRRDRDRRUULULUULULUUUUURRRRRRRRRURRURUULUULUULUURRRRRRRRDRRDRDDRDDRDDLLULLDDRDDRRDRDDDRDDDLDLLLDLDDRRDRRUURRRDDDRRDDRDDRDDLDDRRRUUURURRRDRRURRURRRRRRRDRDDDDDDDDDDDDRDDDDDDDDDDDDDDDDDDDDDDLDLLLDDLLLDLLULLULLDDLLULLLLLLULUUUUULLULULLULULLDDDRDDRRRRDDDRDDDLDLLUULUULLUULLLDLLULLDDRDDLDDLLULUULLDDDRDDDDDLLULLLDLLULULUUUUUURURUUULULLLLLLULLLLDDDLLDDLLLLDDRDRRDDRDDRRDDDLDLLULLDLDDRDRDRDDLDLDLLDLDDDDLLLULLLUUULLULULULLLULULUUUUULLDLLULLUURRRUUURRURRRUUUULUULLDDLLLDLDDDLLLLLDDDDLLULL.............................................................................................................................................................
URRURRRRRRRDRDDDDDDDDDDDDRDDDDDDDDDDDDDDDDDDDDDDLDLLLDDLLLDLLULLULLDDLLULLLLLLULUUUUULLULULLULULLDDDRDDRRRRDDDRDDDLDLLUULUULLUULLLDLLULLDDRDDLDDLLULUULLDDDRDDDDDLLULLLDLLULULUUUUUURURUUULULLLLLLULLLLDDDLLDDLLLLDDRDRRDDRDDRRDDDLDLLULLDLDDRDRDRDDLDLDLLDLDDDDLLLULLLUUULLULULULLLULULUUUUULLDLLULLUURRRUUURRURRRUUUULUULLDDLLLDLDDDLLLLLDDDDLLULL.............................................................................................................................................................................................................................................................................................................................
.RRRRRRRDDDDDDDDDDDRDDDDDDDDDDDDDDDDDDDDDDLDLLLDDLLLDLLULLULLDDLLULLLLLLULUUUUULLULULLULULLDDDRDDRRRRDDDRDDDLDLLUULUULLUULLLDLLULLDDRDDLDDLLULUULLDDDRDDDDDLLULLLDLLULULUUUUUURURUUULULLLLLLULLLLDDDLLDDLLLLDDRDRRDDRDDRRDDDLDLLULLDLDDRDRDRDDLDLDLLDLDDDDLLLULLLUUULLULULULLLULULUUUUULLDLLULLUURRRUUURRURRRUUUULUULLDDLLLDLDDDLLLLLDDDDLLULL...................................................................................................................................................................................................................................................................................................................................
.RRRRRRDDDDDDDDDDDRDDDDDDDDDDDDDDDDDDDDDDLDLLLDDLLLDLLULLULLDDLLULLLLLLULUUUUULLULULLULULLDDDRDDRRRRDDDRDDDLDLLUULUULLUULLLDLLULLDDRDDLDDLLULUULLDDDRDDDDDLLULLLDLLULULUUUUUURURUUULULLLLLLULLLLDDDLLDDLLLLDDRDRRDDRDDRRDDDLDLLULLDLDDRDRDRDDLDLDLLDLDDDDLLLULLLUUULLULULULLLULULUUUUULLDLLULLUURRRUUURRURRRUUUULUULLDDLLLDLDDDLLLLLDDDDLLULL....................................................................................................................................................................................................................................................................................................................................
RRRRDDDDDDDDDDDRDDDDDDDDDDDDDDDDDDDDDDLDLLLDDLLLDLLULLULLDDLLULLLLLLULUUUUULLULULLULULLDDDRDDRRRRDDDRDDDLDLLUULUULLUULLLDLLULLDDRDDLDDLLULUULLDDDRDDDDDLLULLLDLLULULUUUUUURURUUULULLLLLLULLLLDDDLLDDLLLLDDRDRRDDRDDRRDDDLDLLULLDLDDRDRDRDDLDLDLLDLDDDDLLLULLLUUULLULULULLLULULUUUUULLDLLULLUURRRUUURRURRRUUUULUULLDDLLLDLDDDLLLLLDDDDLLULL.......................................................................................................................................................................................................................................................................................................................................
RRURUULUURRDRRUURURURRUURURRRRDRDRRUULULUULULUUUUURRRRRRRRRURRURUULUULUULUURRRRRRRRDRRDRDDRDDRDDLLULLDDRDDRRDRDDDRDDDLDLLLDLDDRRDRRUURRRDDDRRDDRDDRDDLDDRRRUUURURRRDRRURRURRRRRRRDRDDDDDDDDDDDDRDDDDDDDDDDDDDDDDDDDDDDLDLLLDDLLLDLLULLULLDDLLULLLLLLULUUUUULLULULLULULLDDDRDDRRRRDDDRDDDLDLLUULUULLUULLLDLLULLDDRDDLDDLLULUULLDDDRDDDDDLLULLLDLLULULUUUUUURURUUULULLLLLLULLLLDDDLLDDLLLLDDRDRRDDRDDRRDDDLDLLULLDLDDRDRDRDDLDLDLLDLDDDDLLLULLLUUULLULULULLLULULUUUUULLDLLULLUURRRUUURRURRRUUUULUULLDDLLLDLDDDLLLLLDDDDLLULL.......................................................................................................................................................
URUULUURRDRRUURURURRUURURRRRDRDRRUULULUULULUUUUURRRRRRRRRURRURUULUULUULUURRRRRRRRDRRDRDDRDDRDDLLULLDDRDDRRDRDDDRDDDLDLLLDLDDRRDRRUURRRDDDRRDDRDDRDDLDDRRRUUURURRRDRRURRURRRRRRRDRDDDDDDDDDDDDRDDDDDDDDDDDDDDDDDDDDDDLDLLLDDLLLDLLULLULLDDLLULLLLLLULUUUUULLULULLULULLDDDRDDRRRRDDDRDDDLDLLUULUULLUULLLDLLULLDDRDDLDDLLULUULLDDDRDDDDDLLULLLDLLULULUUUUUURURUUULULLLLLLULLLLDDDLLDDLLLLDDRDRRDDRDDRRDDDLDLLULLDLDDRDRDRDDLDLDLLDLDDDDLLLULLLUUULLULULULLLULULUUUUULLDLLULLUURRRUUURRURRRUUUULUULLDDLLLDLDDDLLLLLDDDDLLULL.........................................................................................................................................................
RRRDDDDDDDDDDRDDDDDDDDDDDDDDDDDDDDDDLDLLLDDLLLDLLULLULLDDLLULLLLLLULUUUUULLULULLULULLDDDRDDRRRRDDDRDDDLDLLUULUULLUULLLDLLULLDDRDDLDDLLULUULLDDDRDDDDDLLULLLDLLULULUUUUUURURUUULULLLLLLULLLLDDDLLDDLLLLDDRDRRDDRDDRRDDDLDLLULLDLDDRDRDRDDLDLDLLDLDDDDLLLULLLUUULLULULULLLULULUUUUULLDLLULLUURRRUUURRURRRUUUULUULLDDLLLDLDDDLLLLLDDDDLLULL.........................................................................................................................................................................................................................................................................................................................................
.DDDDDDDDRDDDDDDDDDDDDDDDDDDDDDDLDLLLDDLLLDLLULLULLDDLLULLLLLLULUUUUULLULULLULULLDDDRDDRRRRDDDRDDDLDLLUULUULLUULLLDLLULLDDRDDLDDLLULUULLDDDRDDDDDLLULLLDLLULULUUUUUURURUUULULLLLLLULLLLDDDLLDDLLLLDDRDRRDDRDDRRDDDLDLLULLDLDDRDRDRDDLDLDLLDLDDDDLLLULLLUUULLULULULLLULULUUUUULLDLLULLUURRRUUURRURRRUUUULUULLDDLLLDLDDDLLLLLDDDDLLULL.............................................................................................................................................................................................................................................................................................................................................
DDDLDLDDLDLLDDRRDRDRDRDDRRUUULUURUUULUURRRDRDRRDRRDRDRDRRDDRRDRDRRUULULUUURRDDRRURRUUURUUULLDLLUULULLULUURRUURURRRRRDDRRRURUULUURRDRRUURURURRUURURRRRDRDRRUULULUULULUUUUURRRRRRRRRURRURUULUULUULUURRRRRRRRDRRDRDDRDDRDDLLULLDDRDDRRDRDDDRDDDLDLLLDLDDRRDRRUURRRDDDRRDDRDDRDDLDDRRRUUURURRRDRRURRURRRRRRRDRDDDDDDDDDDDDRDDDDDDDDDDDDDDDDDDDDDDLDLLLDDLLLDLLULLULLDDLLULLLLLLULUUUUULLULULLULULLDDDRDDRRRRDDDRDDDLDLLUULUULLUULLLDLLULLDDRDDLDDLLULUULLDDDRDDDDDLLULLLDLLULULUUUUUURURUUULULLLLLLULLLLDDDLLDDLLLLDDRDRRDDRDDRRDDDLDLLULLDLDDRDRDRDDLDLDLLDLDDDDLLLULLLUUULLULULULLLULULUUUUULLDLLULLUURRRUUURRURRRUUUULUULLDDLLLDLDDDLLLLLDDDDLLULL................................
UURRUURURRRRRDDRRRURUULUURRDRRUURURURRUURURRRRDRDRRUULULUULULUUUUURRRRRRRRRURRURUULUULUULUURRRRRRRRDRRDRDDRDDRDDLLULLDDRDDRRDRDDDRDDDLDLLLDLDDRRDRRUURRRDDDRRDDRDDRDDLDDRRRUUURURRRDRRURRURRRRRRRDRDDDDDDDDDDDDRDDDDDDDDDDDDDDDDDDDDDDLDLLLDDLLLDLLULLULLDDLLULLLLLLULUUUUULLULULLULULLDDDRDDRRRRDDDRDDDLDLLUULUULLUULLLDLLULLDDRDDLDDLLULUULLDDDRDDDDDLLULLLDLLULULUUUUUURURUUULULLLLLLULLLLDDDLLDDLLLLDDRDRRDDRDDRRDDDLDLLULLDLDDRDRDRDDLDLDLLDLDDDDLLLULLLUUULLULULULLLULULUUUUULLDLLULLUURRRUUURRURRRUUUULUULLDDLLLDLDDDLLLLLDDDDLLULL.......................................................................................................................................
.RRDRRRDDDDRDDDDDDDDDDDDDDDDDDDDDDLDLLLDDLLLDLLULLULLDDLLULLLLLLULUUUUULLULULLULULLDDDRDDRRRRDDDRDDDLDLLUULUULLUULLLDLLULLDDRDDLDDLLULUULLDDDRDDDDDLLULLLDLLULULUUUUUURURUUULULLLLLLULLLLDDDLLDDLLLLDDRDRRDDRDDRRDDDLDLLULLDLDDRDRDRDDLDLDLLDLDDDDLLLULLLUUULLULULULLLULULUUUUULLDLLULLUURRRUUURRURRRUUUULUULLDDLLLDLDDDLLLLLDDDDLLULL...........................................................................................................................................................................................................................................................................................................................................
ULULLULUURRUURURRRRRDDRRRURUULUURRDRRUURURURRUURURRRRDRDRRUULULUULULUUUUURRRRRRRRRURRURUULUULUULUURRRRRRRRDRRDRDDRDDRDDLLULLDDRDDRRDRDDDRDDDLDLLLDLDDRRDRRUURRRDDDRRDDRDDRDDLDDRRRUUURURRRDRRURRURRRRRRRDRDDDDDDDDDDDDRDDDDDDDDDDDDDDDDDDDDDDLDLLLDDLLLDLLULLULLDDLLULLLLLLULUUUUULLULULLULULLDDDRDDRRRRDDDRDDDLDLLUULUULLUULLLDLLULLDDRDDLDDLLULUULLDDDRDDDDDLLULLLDLLULULUUUUUURURUUULULLLLLLULLLLDDDLLDDLLLLDDRDRRDDRDDRRDDDLDLLULLDLDDRDRDRDDLDLDLLDLDDDDLLLULLLUUULLULULULLLULULUUUUULLDLLULLUURRRUUURRURRRUUUULUULLDDLLLDLDDDLLLLLDDDDLLULL................................................................................................................................
.DRDRDDRRRRDDDDDDDDDDDDDDDDDDDDDDLDLLLDDLLLDLLULLULLDDLLULLLLLLULUUUUULLULULLULULLDDDRDDRRRRDDDRDDDLDLLUULUULLUULLLDLLULLDDRDDLDDLLULUULLDDDRDDDDDLLULLLDLLULULUUUUUURURUUULULLLLLLULLLLDDDLLDDLLLLDDRDRRDDRDDRRDDDLDLLULLDLDDRDRDRDDLDLDLLDLDDDDLLLULLLUUULLULULULLLULULUUUUULLDLLULLUURRRUUURRURRRUUUULUULLDDLLLDLDDDLLLLLDDDDLLULL............................................................................................................................................................................................................................................................................................................................................
RRDRRDRRURRRRRRRRRDDRDDLDDRRRDDDDRRRRRRDDDDDDDDDDDDDDLDLLLDDLLLDLLULLULLDDLLULLLLLLULUUUUULLULULLULULLDDDRDDRRRRDDDRDDDLDLLUULUULLUULLLDLLULLDDRDDLDDLLULUULLDDDRDDDDDLLULLLDLLULULUUUUUURURUUULULLLLLLULLLLDDDLLDDLLLLDDRDRRDDRDDRRDDDLDLLULLDLDDRDRDRDDLDLDLLDLDDDDLLLULLLUUULLULULULLLULULUUUUULLDLLULLUURRRUUURRURRRUUUULUULLDDLLLDLDDDLLLLLDDDDLLULL........................................................................................................................................................................................................................................................................................................................
.DDDRDDDDDDDDDDDDDDDDDDDDDDLDLLLDDLLLDLLULLULLDDLLULLLLLLULUUUUULLULULLULULLDDDRDDRRRRDDDRDDDLDLLUULUULLUULLLDLLULLDDRDDLDDLLULUULLDDDRDDDDDLLULLLDLLULULUUUUUURURUUULULLLLLLULLLLDDDLLDDLLLLDDRDRRDDRDDRRDDDLDLLULLDLDDRDRDRDDLDLDLLDLDDDDLLLULLLUUULLULULULLLULULUUUUULLDLLULLUURRRUUURRURRRUUUULUULLDDLLLDLDDDLLLLLDDDDLLULL..................................................................................................................................................................................................................................................................................................................................................
..URRDDDRDDDDDDDDDDDDDDDDDDDDDDLDLLLDDLLLDLLULLULLDDLLULLLLLLULUUUUULLULULLULULLDDDRDDRRRRDDDRDDDLDLLUULUULLUULLLDLLULLDDRDDLDDLLULUULLDDDRDDDDDLLULLLDLLULULUUUUUURURUUULULLLLLLULLLLDDDLLDDLLLLDDRDRRDDRDDRRDDDLDLLULLDLDDRDRDRDDLDLDLLDLDDDDLLLULLLUUULLULULULLLULULUUUUULLDLLULLUURRRUUURRURRRUUUULUULLDDLLLDLDDDLLLLLDDDDLLULL..............................................................................................................................................................................................................................................................................................................................................
URRDRRURRRRRRRRRDDRDDLDDRRRDDDDRRRRRRDDDDDDDDDDDDDDLDLLLDDLLLDLLULLULLDDLLULLLLLLULUUUUULLULULLULULLDDDRDDRRRRDDDRDDDLDLLUULUULLUULLLDLLULLDDRDDLDDLLULUULLDDDRDDDDDLLULLLDLLULULUUUUUURURUUULULLLLLLULLLLDDDLLDDLLLLDDRDRRDDRDDRRDDDLDLLULLDLDDRDRDRDDLDLDLLDLDDDDLLLULLLUUULLULULULLLULULUUUUULLDLLULLUURRRUUURRURRRUUUULUULLDDLLLDLDDDLLLLLDDDDLLULL..........................................................................................................................................................................................................................................................................................................................
RRDDDDDDDDDDDDDDDDDDDDDDLDLLLDDLLLDLLULLULLDDLLULLLLLLULUUUUULLULULLULULLDDDRDDRRRRDDDRDDDLDLLUULUULLUULLLDLLULLDDRDDLDDLLULUULLDDDRDDDDDLLULLLDLLULULUUUUUURURUUULULLLLLLULLLLDDDLLDDLLLLDDRDRRDDRDDRRDDDLDLLULLDLDDRDRDRDDLDLDLLDLDDDDLLLULLLUUULLULULULLLULULUUUUULLDLLULLUURRRUUURRURRRUUUULUULLDDLLLDLDDDLLLLLDDDDLLULL.....................................................................................................................................................................................................................................................................................................................................................
UULUURRRDRDRRDRRDRDRDRRDDRRDRDRRUULULUUURRDDRRURRUUURUUULLDLLUULULLULUURRUURURRRRRDDRRRURUULUURRDRRUURURURRUURURRRRDRDRRUULULUULULUUUUURRRRRRRRRURRURUULUULUULUURRRRRRRRDRRDRDDRDDRDDLLULLDDRDDRRDRDDDRDDDLDLLLDLDDRRDRRUURRRDDDRRDDRDDRDDLDDRRRUUURURRRDRRURRURRRRRRRDRDDDDDDDDDDDDRDDDDDDDDDDDDDDDDDDDDDDLDLLLDDLLLDLLULLULLDDLLULLLLLLULUUUUULLULULLULULLDDDRDDRRRRDDDRDDDLDLLUULUULLUULLLDLLULLDDRDDLDDLLULUULLDDDRDDDDDLLULLLDLLULULUUUUUURURUUULULLLLLLULLLLDDDLLDDLLLLDDRDRRDDRDDRRDDDLDLLULLDLDDRDRDRDDLDLDLLDLDDDDLLLULLLUUULLULULULLLULULUUUUULLDLLULLUURRRUUURRURRRUUUULUULLDDLLLDLDDDLLLLLDDDDLLULL..................................................................
.DDRRRDDDDRRRRRRDDDDDDDDDDDDDDLDLLLDDLLLDLLULLULLDDLLULLLLLLULUUUUULLULULLULULLDDDRDDRRRRDDDRDDDLDLLUULUULLUULLLDLLULLDDRDDLDDLLULUULLDDDRDDDDDLLULLLDLLULULUUUUUURURUUULULLLLLLULLLLDDDLLDDLLLLDDRDRRDDRDDRRDDDLDLLULLDLDDRDRDRDDLDLDLLDLDDDDLLLULLLUUULLULULULLLULULUUUUULLDLLULLUURRRUUURRURRRUUUULUULLDDLLLDLDDDLLLLLDDDDLLULL...............................................................................................................................................................................................................................................................................................................................................
RRDDDDDDDDDDDDDDDDDDDDLDLLLDDLLLDLLULLULLDDLLULLLLLLULUUUUULLULULLULULLDDDRDDRRRRDDDRDDDLDLLUULUULLUULLLDLLULLDDRDDLDDLLULUULLDDDRDDDDDLLULLLDLLULULUUUUUURURUUULULLLLLLULLLLDDDLLDDLLLLDDRDRRDDRDDRRDDDLDLLULLDLDDRDRDRDDLDLDLLDLDDDDLLLULLLUUULLULULULLLULULUUUUULLDLLULLUURRRUUURRURRRUUUULUULLDDLLLDLDDDLLLLLDDDDLLULL.......................................................................................................................................................................................................................................................................................................................................................
LUUULUURRDRRURRRRRRRRRDDRDDLDDRRRDDDDRRRRRRDDDDDDDDDDDDDDLDLLLDDLLLDLLULLULLDDLLULLLLLLULUUUUULLULULLULULLDDDRDDRRRRDDDRDDDLDLLUULUULLUULLLDLLULLDDRDDLDDLLULUULLDDDRDDDDDLLULLLDLLULULUUUUUURURUUULULLLLLLULLLLDDDLLDDLLLLDDRDRRDDRDDRRDDDLDLLULLDLDDRDRDRDDLDLDLLDLDDDDLLLULLLUUULLULULULLLULULUUUUULLDLLULLUURRRUUURRURRRUUUULUULLDDLLLDLDDDLLLLLDDDDLLULL....................................................................................................................................................................................................................................................................................................................
RDDDDDRRRRRRDDDDDDDDDDDDDDLDLLLDDLLLDLLULLULLDDLLULLLLLLULUUUUULLULULLULULLDDDRDDRRRRDDDRDDDLDLLUULUULLUULLLDLLULLDDRDDLDDLLULUULLDDDRDDDDDLLULLLDLLULULUUUUUURURUUULULLLLLLULLLLDDDLLDDLLLLDDRDRRDDRDDRRDDDLDLLULLDLDDRDRDRDDLDLDLLDLDDDDLLLULLLUUULLULULULLLULULUUUUULLDLLULLUURRRUUURRURRRUUUULUULLDDLLLDLDDDLLLLLDDDDLLULL...................................................................................................................................................................................................................................................................................................................................................
RRDDDDDDDDDDDDDDDDDDDLDLLLDDLLLDLLULLULLDDLLULLLLLLULUUUUULLULULLULULLDDDRDDRRRRDDDRDDDLDLLUULUULLUULLLDLLULLDDRDDLDDLLULUULLDDDRDDDDDLLULLLDLLULULUUUUUURURUUULULLLLLLULLLLDDDLLDDLLLLDDRDRRDDRDDRRDDDLDLLULLDLDDRDRDRDDLDLDLLDLDDDDLLLULLLUUULLULULULLLULULUUUUULLDLLULLUURRRUUURRURRRUUUULUULLDDLLLDLDDDLLLLLDDDDLLULL........................................................................................................................................................................................................................................................................................................................................................
DRRUULULUUURRDDRRURRUUURUUULLDLLUULULLULUURRUURURRRRRDDRRRURUULUURRDRRUURURURRUURURRRRDRDRRUULULUULULUUUUURRRRRRRRRURRURUULUULUULUURRRRRRRRDRRDRDDRDDRDDLLULLDDRDDRRDRDDDRDDDLDLLLDLDDRRDRRUURRRDDDRRDDRDDRDDLDDRRRUUURURRRDRRURRURRRRRRRDRDDDDDDDDDDDDRDDDDDDDDDDDDDDDDDDDDDDLDLLLDDLLLDLLULLULLDDLLULLLLLLULUUUUULLULULLULULLDDDRDDRRRRDDDRDDDLDLLUULUULLUULLLDLLULLDDRDDLDDLLULUULLDDDRDDDDDLLULLLDLLULULUUUUUURURUUULULLLLLLULLLLDDDLLDDLLLLDDRDRRDDRDDRRDDDLDLLULLDLDDRDRDRDDLDLDLLDLDDDDLLLULLLUUULLULULULLLULULUUUUULLDLLULLUURRRUUURRURRRUUUULUULLDDLLLDLDDDLLLLLDDDDLLULL...............................................................................................
RRUULULUUURRDDRRURRUUURUUULLDLLUULULLULUURRUURURRRRRDDRRRURUULUURRDRRUURURURRUURURRRRDRDRRUULULUULULUUUUURRRRRRRRRURRURUULUULUULUURRRRRRRRDRRDRDDRDDRDDLLULLDDRDDRRDRDDDRDDDLDLLLDLDDRRDRRUURRRDDDRRDDRDDRDDLDDRRRUUURURRRDRRURRURRRRRRRDRDDDDDDDDDDDDRDDDDDDDDDDDDDDDDDDDDDDLDLLLDDLLLDLLULLULLDDLLULLLLLLULUUUUULLULULLULULLDDDRDDRRRRDDDRDDDLDLLUULUULLUULLLDLLULLDDRDDLDDLLULUULLDDDRDDDDDLLULLLDLLULULUUUUUURURUUULULLLLLLULLLLDDDLLDDLLLLDDRDRRDDRDDRRDDDLDLLULLDLDDRDRDRDDLDLDLLDLDDDDLLLULLLUUULLULULULLLULULUUUUULLDLLULLUURRRUUURRURRRUUUULUULLDDLLLDLDDDLLLLLDDDDLLULL................................................................................................
RUULULUUURRDDRRURRUUURUUULLDLLUULULLULUURRUURURRRRRDDRRRURUULUURRDRRUURURURRUURURRRRDRDRRUULULUULULUUUUURRRRRRRRRURRURUULUULUULUURRRRRRRRDRRDRDDRDDRDDLLULLDDRDDRRDRDDDRDDDLDLLLDLDDRRDRRUURRRDDDRRDDRDDRDDLDDRRRUUURURRRDRRURRURRRRRRRDRDDDDDDDDDDDDRDDDDDDDDDDDDDDDDDDDDDDLDLLLDDLLLDLLULLULLDDLLULLLLLLULUUUUULLULULLULULLDDDRDDRRRRDDDRDDDLDLLUULUULLUULLLDLLULLDDRDDLDDLLULUULLDDDRDDDDDLLULLLDLLULULUUUUUURURUUULULLLLLLULLLLDDDLLDDLLLLDDRDRRDDRDDRRDDDLDLLULLDLDDRDRDRDDLDLDLLDLDDDDLLLULLLUUULLULULULLLULULUUUUULLDLLULLUURRRUUURRURRRUUUULUULLDDLLLDLDDDLLLLLDDDDLLULL.................................................................................................
.DLDLLDDDRRURRRURURRURRURURURURRRDRRRRRRDDDDDDDDDDDDDDLDLLLDDLLLDLLULLULLDDLLULLLLLLULUUUUULLULULLULULLDDDRDDRRRRDDDRDDDLDLLUULUULLUULLLDLLULLDDRDDLDDLLULUULLDDDRDDDDDLLULLLDLLULULUUUUUURURUUULULLLLLLULLLLDDDLLDDLLLLDDRDRRDDRDDRRDDDLDLLULLDLDDRDRDRDDLDLDLLDLDDDDLLLULLLUUULLULULULLLULULUUUUULLDLLULLUURRRUUURRURRRUUUULUULLDDLLLDLDDDLLLLLDDDDLLULL.......................................................................................................................................................................................................................................................................................................................
URURURRRDRRRRRRDDDDDDDDDDDDDDLDLLLDDLLLDLLULLULLDDLLULLLLLLULUUUUULLULULLULULLDDDRDDRRRRDDDRDDDLDLLUULUULLUULLLDLLULLDDRDDLDDLLULUULLDDDRDDDDDLLULLLDLLULULUUUUUURURUUULULLLLLLULLLLDDDLLDDLLLLDDRDRRDDRDDRRDDDLDLLULLDLDDRDRDRDDLDLDLLDLDDDDLLLULLLUUULLULULULLLULULUUUUULLDLLULLUURRRUUURRURRRUUUULUULLDDLLLDLDDDLLLLLDDDDLLULL................................................................................................................................................................................................................................................................................................................................................
RURRRRRRRRDDDDDDDDDDDDDLDLLLDDLLLDLLULLULLDDLLULLLLLLULUUUUULLULULLULULLDDDRDDRRRRDDDRDDDLDLLUULUULLUULLLDLLULLDDRDDLDDLLULUULLDDDRDDDDDLLULLLDLLULULUUUUUURURUUULULLLLLLULLLLDDDLLDDLLLLDDRDRRDDRDDRRDDDLDLLULLDLDDRDRDRDDLDLDLLDLDDDDLLLULLLUUULLULULULLLULULUUUUULLDLLULLUURRRUUURRURRRUUUULUULLDDLLLDLDDDLLLLLDDDDLLULL......................................................................................................................................................................................................................................................................................................................................................
LLDDDRRURRRURURRURRURURURURRRDRRRRRRDDDDDDDDDDDDDDLDLLLDDLLLDLLULLULLDDLLULLLLLLULUUUUULLULULLULULLDDDRDDRRRRDDDRDDDLDLLUULUULLUULLLDLLULLDDRDDLDDLLULUULLDDDRDDDDDLLULLLDLLULULUUUUUURURUUULULLLLLLULLLLDDDLLDDLLLLDDRDRRDDRDDRRDDDLDLLULLDLDDRDRDRDDLDLDLLDLDDDDLLLULLLUUULLULULULLLULULUUUUULLDLLULLUURRRUUURRURRRUUUULUULLDDLLLDLDDDLLLLLDDDDLLULL...........................................................................................................................................................................................................................................................................................................................
DDDDDDDDDLLDLDLLLDDLLLDLLULLULLDDLLULLLLLLULUUUUULLULULLULULLDDDRDDRRRRDDDRDDDLDLLUULUULLUULLLDLLULLDDRDDLDDLLULUULLDDDRDDDDDLLULLLDLLULULUUUUUURURUUULULLLLLLULLLLDDDLLDDLLLLDDRDRRDDRDDRRDDDLDLLULLDLDDRDRDRDDLDLDLLDLDDDDLLLULLLUUULLULULULLLULULUUUUULLDLLULLUURRRUUURRURRRUUUULUULLDDLLLDLDDDLLLLLDDDDLLULL.................................................................................................................................................................................................................................................................................................................................................................
DDDRRRDDDDDLDLLLDDLLLDLLULLULLDDLLULLLLLLULUUUUULLULULLULULLDDDRDDRRRRDDDRDDDLDLLUULUULLUULLLDLLULLDDRDDLDDLLULUULLDDDRDDDDDLLULLLDLLULULUUUUUURURUUULULLLLLLULLLLDDDLLDDLLLLDDRDRRDDRDDRRDDDLDLLULLDLDDRDRDRDDLDLDLLDLDDDDLLLULLLUUULLULULULLLULULUUUUULLDLLULLUURRRUUURRURRRUUUULUULLDDLLLDLDDDLLLLLDDDDLLULL..................................................................................................................................................................................................................................................................................................................................................................
URRRURURRURRURURURURRRDRRRRRRDDDDDDDDDDDDDDLDLLLDDLLLDLLULLULLDDLLULLLLLLULUUUUULLULULLULULLDDDRDDRRRRDDDRDDDLDLLUULUULLUULLLDLLULLDDRDDLDDLLULUULLDDDRDDDDDLLULLLDLLULULUUUUUURURUUULULLLLLLULLLLDDDLLDDLLLLDDRDRRDDRDDRRDDDLDLLULLDLDDRDRDRDDLDLDLLDLDDDDLLLULLLUUULLULULULLLULULUUUUULLDLLULLUURRRUUURRURRRUUUULUULLDDLLLDLDDDLLLLLDDDDLLULL..................................................................................................................................................................................................................................................................................................................................
DDRDDRRRRDDDRDDDLDLLUULUULLUULLLDLLULLDDRDDLDDLLULUULLDDDRDDDDDLLULLLDLLULULUUUUUURURUUULULLLLLLULLLLDDDLLDDLLLLDDRDRRDDRDDRRDDDLDLLULLDLDDRDRDRDDLDLDLLDLDDDDLLLULLLUUULLULULULLLULULUUUUULLDLLULLUURRRUUURRURRRUUUULUULLDDLLLDLDDDLLLLLDDDDLLULL...............................................................................................................................................................................................................................................................................................................................................................................................................................
DDDLDDLLDLDLLLDDLLLDLLULLULLDDLLULLLLLLULUUUUULLULULLULULLDDDRDDRRRRDDDRDDDLDLLUULUULLUULLLDLLULLDDRDDLDDLLULUULLDDDRDDDDDLLULLLDLLULULUUUUUURURUUULULLLLLLULLLLDDDLLDDLLLLDDRDRRDDRDDRRDDDLDLLULLDLDDRDRDRDDLDLDLLDLDDDDLLLULLLUUULLULULULLLULULUUUUULLDLLULLUURRRUUURRURRRUUUULUULLDDLLLDLDDDLLLLLDDDDLLULL....................................................................................................................................................................................................................................................................................................................................................................
DDDDLDDLLLLDDRDRRDDRDDRRDDDLDLLULLDLDDRDRDRDDLDLDLLDLDDDDLLLULLLUUULLULULULLLULULUUUUULLDLLULLUURRRUUURRURRRUUUULUULLDDLLLDLDDDLLLLLDDDDLLULL....................................................................................................................................................................................................................................................................................................................................................................................................................................................................................................................................
DDDDLLDDLLLLDDRDRRDDRDDRRDDDLDLLULLDLDDRDRDRDDLDLDLLDLDDDDLLLULLLUUULLULULULLLULULUUUUULLDLLULLUURRRUUURRURRRUUUULUULLDDLLLDLDDDLLLLLDDDDLLULL...................................................................................................................................................................................................................................................................................................................................................................................................................................................................................................................................
DDDDLDLDLLLDDLLLDLLULLULLDDLLULLLLLLULUUUUULLULULLULULLDDDRDDRRRRDDDRDDDLDLLUULUULLUULLLDLLULLDDRDDLDDLLULUULLDDDRDDDDDLLULLLDLLULULUUUUUURURUUULULLLLLLULLLLDDDLLDDLLLLDDRDRRDDRDDRRDDDLDLLULLDLDDRDRDRDDLDLDLLDLDDDDLLLULLLUUULLULULULLLULULUUUUULLDLLULLUURRRUUURRURRRUUUULUULLDDLLLDLDDDLLLLLDDDDLLULL.......................................................................................................................................................................................................................................................................................................................................................................
DDDDLLLLDDRDRRDDRDDRRDDDLDLLULLDLDDRDRDRDDLDLDLLDLDDDDLLLULLLUUULLULULULLLULULUUUUULLDLLULLUURRRUUURRURRRUUUULUULLDDLLLDLDDDLLLLLDDDDLLULL.......................................................................................................................................................................................................................................................................................................................................................................................................................................................................................................................................
LLLLLLULLLLDDDLLDDLLLLDDRDRRDDRDDRRDDDLDLLULLDLDDRDRDRDDLDLDLLDLDDDDLLLULLLUUULLULULULLLULULUUUUULLDLLULLUURRRUUURRURRRUUUULUULLDDLLLDLDDDLLLLLDDDDLLULL.........................................................................................................................................................................................................................................................................................................................................................................................................................................................................................................................
DRRRRDDDRDDDLDLLUULUULLUULLLDLLULLDDRDDLDDLLULUULLDDDRDDDDDLLULLLDLLULULUUUUUURURUUULULLLLLLULLLLDDDLLDDLLLLDDRDRRDDRDDRRDDDLDLLULLDLDDRDRDRDDLDLDLLDLDDDDLLLULLLUUULLULULULLLULULUUUUULLDLLULLUURRRUUURRURRRUUUULUULLDDLLLDLDDDLLLLLDDDDLLULL...................................................................................................................................................................................................................................................................................................................................................................................................................................
.DDDDLLLUUUUULLULULLULULLDDDRDDRRRRDDDRDDDLDLLUULUULLUULLLDLLULLDDRDDLDDLLULUULLDDDRDDDDDLLULLLDLLULULUUUUUURURUUULULLLLLLULLLLDDDLLDDLLLLDDRDRRDDRDDRRDDDLDLLULLDLDDRDRDRDDLDLDLLDLDDDDLLLULLLUUULLULULULLLULULUUUUULLDLLULLUURRRUUURRURRRUUUULUULLDDLLLDLDDDLLLLLDDDDLLULL.....................................................................................................................................................................................................................................................................................................................................................................................................
.LLDDLLLLDDRDRRDDRDDRRDDDLDLLULLDLDDRDRDRDDLDLDLLDLDDDDLLLULLLUUULLULULULLLULULUUUUULLDLLULLUURRRUUURRURRRUUUULUULLDDLLLDLDDDLLLLLDDDDLLULL......................................................................................................................................................................................................................................................................................................................................................................................................................................................................................................................................
DLLDDRDRRDDRDDRRDDDLDLLULLDLDDRDRDRDDLDLDLLDLDDDDLLLULLLUUULLULULULLLULULUUUUULLDLLULLUURRRUUURRURRRUUUULUULLDDLLLDLDDDLLLLLDDDDLLULL............................................................................................................................................................................................................................................................................................................................................................................................................................................................................................................................................
DRDDDLDLLUULUULLUULLLDLLULLDDRDDLDDLLULUULLDDDRDDDDDLLULLLDLLULULUUUUUURURUUULULLLLLLULLLLDDDLLDDLLLLDDRDRRDDRDDRRDDDLDLLULLDLDDRDRDRDDLDLDLLDLDDDDLLLULLLUUULLULULULLLULULUUUUULLDLLULLUURRRUUURRURRRUUUULUULLDDLLLDLDDDLLLLLDDDDLLULL..........................................................................................................................................................................................................................................................................................................................................................................................................................................
DLLLDDLLLDLLULLULLDDLLULLLLLLULUUUUULLULULLULULLDDDRDDRRRRDDDRDDDLDLLUULUULLUULLLDLLULLDDRDDLDDLLULUULLDDDRDDDDDLLULLLDLLULULUUUUUURURUUULULLLLLLULLLLDDDLLDDLLLLDDRDRRDDRDDRRDDDLDLLULLDLDDRDRDRDDLDLDLLDLDDDDLLLULLLUUULLULULULLLULULUUUUULLDLLULLUURRRUUURRURRRUUUULUULLDDLLLDLDDDLLLLLDDDDLLULL..............................................................................................................................................................................................................................................................................................................................................................................
UULLDDLLLDLDDDLLLLLDDDDLLULL.....................................................................................................................................................................................................................................................................................................................................................................................................................................................................................................................................................................................................................................................
DDLDLLUULUULLUULLLDLLULLDDRDDLDDLLULUULLDDDRDDDDDLLULLLDLLULULUUUUUURURUUULULLLLLLULLLLDDDLLDDLLLLDDRDRRDDRDDRRDDDLDLLULLDLDDRDRDRDDLDLDLLDLDDDDLLLULLLUUULLULULULLLULULUUUUULLDLLULLUURRRUUURRURRRUUUULUULLDDLLLDLDDDLLLLLDDDDLLULL.............................................................................................................................................................................................................................................................................................................................................................................................................................................
LLLLLULUUUUULLULULLULULLDDDRDDRRRRDDDRDDDLDLLUULUULLUULLLDLLULLDDRDDLDDLLULUULLDDDRDDDDDLLULLLDLLULULUUUUUURURUUULULLLLLLULLLLDDDLLDDLLLLDDRDRRDDRDDRRDDDLDLLULLDLDDRDRDRDDLDLDLLDLDDDDLLLULLLUUULLULULULLLULULUUUUULLDLLULLUURRRUUURRURRRUUUULUULLDDLLLDLDDDLLLLLDDDDLLULL......................................................................................................................................................................................................................................................................................................................................................................................................
LLLDDDDLLULL.....................................................................................................................................................................................................................................................................................................................................................................................................................................................................................................................................................................................................................................................................
RRUUUULUULLDDLLLDLDDDLLLLLDDDDLLULL..............................................................................................................................................................................................................................................................................................................................................................................................................................................................................................................................................................................................................................................
RDDDDDLLULLLDLLULULUUUUUURURUUULULLLLLLULLLLDDDLLDDLLLLDDRDRRDDRDDRRDDDLDLLULLDLDDRDRDRDDLDLDLLDLDDDDLLLULLLUUULLULULULLLULULUUUUULLDLLULLUURRRUUURRURRRUUUULUULLDDLLLDLDDDLLLLLDDDDLLULL........................................................................................................................................................................................................................................................................................................................................................................................................................................................................................
ULLDLLULUULLLLLLULUUUUULLULULLULULLDDDRDDRRRRDDDRDDDLDLLUULUULLUULLLDLLULLDDRDDLDDLLULUULLDDDRDDDDDLLULLLDLLULULUUUUUURURUUULULLLLLLULLLLDDDLLDDLLLLDDRDRRDDRDDRRDDDLDLLULLDLDDRDRDRDDLDLDLLDLDDDDLLLULLLUUULLULULULLLULULUUUUULLDLLULLUURRRUUURRURRRUUUULUULLDDLLLDLDDDLLLLLDDDDLLULL...........................................................................................................................................................................................................................................................................................................................................................................................
L................................................................................................................................................................................................................................................................................................................................................................................................................................................................................................................................................................................................................................................................................
ULULUULUULLLLLLULUUUUULLULULLULULLDDDRDDRRRRDDDRDDDLDLLUULUULLUULLLDLLULLDDRDDLDDLLULUULLDDDRDDDDDLLULLLDLLULULUUUUUURURUUULULLLLLLULLLLDDDLLDDLLLLDDRDRRDDRDDRRDDDLDLLULLDLDDRDRDRDDLDLDLLDLDDDDLLLULLLUUULLULULULLLULULUUUUULLDLLULLUURRRUUURRURRRUUUULUULLDDLLLDLDDDLLLLLDDDDLLULL............................................................................................................................................................................................................................................................................................................................................................................................
LLLULULUULUULLLLLLULUUUUULLULULLULULLDDDRDDRRRRDDDRDDDLDLLUULUULLUULLLDLLULLDDRDDLDDLLULUULLDDDRDDDDDLLULLLDLLULULUUUUUURURUUULULLLLLLULLLLDDDLLDDLLLLDDRDRRDDRDDRRDDDLDLLULLDLDDRDRDRDDLDLDLLDLDDDDLLLULLLUUULLULULULLLULULUUUUULLDLLULLUURRRUUURRURRRUUUULUULLDDLLLDLDDDLLLLLDDDDLLULL.........................................................................................................................................................................................................................................................................................................................................................................................
ULLLDLLULULUUUUUURURUUULULLLLLLULLLLDDDLLDDLLLLDDRDRRDDRDDRRDDDLDLLULLDLDDRDRDRDDLDLDLLDLDDDDLLLULLLUUULLULULULLLULULUUUUULLDLLULLUURRRUUURRURRRUUUULUULLDDLLLDLDDDLLLLLDDDDLLULL................................................................................................................................................................................................................................................................................................................................................................................................................................................................................................
LULLDLDDRDRDRDDLDLDLLDLDDDDLLLULLLUUULLULULULLLULULUUUUULLDLLULLUURRRUUURRURRRUUUULUULLDDLLLDLDDDLLLLLDDDDLLULL..................................................................................................................................................................................................................................................................................................................................................................................................................................................................................................................................................................
RURUUUUULLDLLULLUURRRUUURRURRRUUUULUULLDDLLLDLDDDLLLLLDDDDLLULL..................................................................................................................................................................................................................................................................................................................................................................................................................................................................................................................................................................................................................
ULLULLLLUUUULLDLLULLUURRRUUURRURRRUUUULUULLDDLLLDLDDDLLLLLDDDDLLULL..............................................................................................................................................................................................................................................................................................................................................................................................................................................................................................................................................................................................................
UUURUUUUULLDLLULLUURRRUUURRURRRUUUULUULLDDLLLDLDDDLLLLLDDDDLLULL.................................................................................................................................................................................................................................................................................................................................................................................................................................................................................................................................................................................................................
.RRRRRRUUUUUURUUUUULLDLLULLUURRRUUURRURRRUUUULUULLDDLLLDLDDDLLLLLDDDDLLULL.......................................................................................................................................................................................................................................................................................................................................................................................................................................................................................................................................................................................................
.LUULLDLLLUUUUURUUUUULLDLLULLUURRRUUURRURRRUUUULUULLDDLLLDLDDDLLLLLDDDDLLULL.....................................................................................................................................................................................................................................................................................................................................................................................................................................................................................................................................................................................................
RRUUUUUUUURUUUUULLDLLULLUURRRUUURRURRRUUUULUULLDDLLLDLDDDLLLLLDDDDLLULL..........................................................................................................................................................................................................................................................................................................................................................................................................................................................................................................................................................................................................
.RRRRURRRUUUUUUUURUUUUULLDLLULLUURRRUUURRURRRUUUULUULLDDLLLDLDDDLLLLLDDDDLLULL...................................................................................................................................................................................................................................................................................................................................................................................................................................................................................................................................................................................................
.RURRRUUUUUUUURUUUUULLDLLULLUURRRUUURRURRRUUUULUULLDDLLLDLDDDLLLLLDDDDLLULL......................................................................................................................................................................................................................................................................................................................................................................................................................................................................................................................................................................................................
.LUUUUUUUUUURUUUUULLDLLULLUURRRUUURRURRRUUUULUULLDDLLLDLDDDLLLLLDDDDLLULL........................................................................................................................................................................................................................................................................................................................................................................................................................................................................................................................................................................................................
UUUUUUUUUUURUUUUULLDLLULLUURRRUUURRURRRUUUULUULLDDLLLDLDDDLLLLLDDDDLLULL.........................................................................................................................................................................................................................................................................................................................................................................................................................................................................................................................................................................................................
.LUUULLLUUULLULULULLLULULUUUUULLDLLULLUURRRUUURRURRRUUUULUULLDDLLLDLDDDLLLLLDDDDLLULL............................................................................................................................................................................................................................................................................................................................................................................................................................................................................................................................................................................................
..RRRRRRRRRRRUUUUUUUUUUUURUUUUULLDLLULLUURRRUUURRURRRUUUULUULLDDLLLDLDDDLLLLLDDDDLLULL...........................................................................................................................................................................................................................................................................................................................................................................................................................................................................................................................................................................................
..ULUUULLLUUULLULULULLLULULUUUUULLDLLULLUURRRUUURRURRRUUUULUULLDDLLLDLDDDLLLLLDDDDLLULL..........................................................................................................................................................................................................................................................................................................................................................................................................................................................................................................................................................................................
....RRRRRURRURRRUUUUUUUUUUUURUUUUULLDLLULLUURRRUUURRURRRUUUULUULLDDLLLDLDDDLLLLLDDDDLLULL........................................................................................................................................................................................................................................................................................................................................................................................................................................................................................................................................................................................
RRRURRURRRUUUUUUUUUUUURUUUUULLDLLULLUURRRUUURRURRRUUUULUULLDDLLLDLDDDLLLLLDDDDLLULL..............................................................................................................................................................................................................................................................................................................................................................................................................................................................................................................................................................................................
.RRUUUUUUUUUUUUUUURUUUUULLDLLULLUURRRUUURRURRRUUUULUULLDDLLLDLDDDLLLLLDDDDLLULL..................................................................................................................................................................................................................................................................................................................................................................................................................................................................................................................................................................................................
RUUUUUUUUUUUUUUURUUUUULLDLLULLUURRRUUURRURRRUUUULUULLDDLLLDLDDDLLLLLDDDDLLULL....................................................................................................................................................................................................................................................................................................................................................................................................................................................................................................................................................................................................
RRRRUUUUUUUUUUUUUUUURUUUUULLDLLULLUURRRUUURRURRRUUUULUULLDDLLLDLDDDLLLLLDDDDLLULL................................................................................................................................................................................................................................................................................................................................................................................................................................................................................................................................................................................................
.LUULLULUUUUUUUULLULULULLLULULUUUUULLDLLULLUURRRUUURRURRRUUUULUULLDDLLLDLDDDLLLLLDDDDLLULL.......................................................................................................................................................................................................................................................................................................................................................................................................................................................................................................................................................................................
LLUUUUUUUUUUUUUUUUURUUUUULLDLLULLUURRRUUURRURRRUUUULUULLDDLLLDLDDDLLLLLDDDDLLULL.................................................................................................................................................................................................................................................................................................................................................................................................................................................................................................................................................................................................
...RRRRRRUUUUUUUUUUUUUUUUUURUUUUULLDLLULLUURRRUUURRURRRUUUULUULLDDLLLDLDDDLLLLLDDDDLLULL.........................................................................................................................................................................................................................................................................................................................................................................................................................................................................................................................................................................................
RRRURUUUUUUUUUUUUUUUUUURUUUUULLDLLULLUURRRUUURRURRRUUUULUULLDDLLLDLDDDLLLLLDDDDLLULL.............................................................................................................................................................................................................................................................................................................................................................................................................................................................................................................................................................................................
