199
LLDDRDRRDDDDLLDLDLLDLLLLUULLDDDDDLDLLDLDLLDDDDDRDRRRDRDDDDDDDDDDDDDDDDDDDDLLLDLDLLDDLDLDLDDDDDDLLDLLLLLLLLLDLDLLLDLLDDLLLLLLLLLLLLDLLLLLLLUUUULLLDDDLLLLLUUUULULLLLLLLLLLLUULL.........................
UULLDLDLLUULULLUURUUUULULLDLDLDLDLDLLLLLLLDLLULLLLDDRDDLDLDLLDLDDRDDLDDLDLDLDDRRDRDRRRRDDLLLLDDRRDDDDDDDDDDDDDRRDRDDDDDLDLDDDLDLLDDLLDDDDDDDDLDDDLLLLLLLLLLDLLLLLLLUUUULLLDDDLLLLLUUUULULLLLLLLLLLLUULL
RDDLDDDDDDLDLLLLDLDDDDDLDDDDDDDDDDDDDDLDLLLDLDLLDDLDLDLDDDDDDLLDLLLLLLLLLDLDLLLDLLDDLLLLLLLLLLLLDLLLLLLLUUUULLLDDDLLLLLUUUULULLLLLLLLLLLUULL...........................................................
RDRDRDDRDDDDLLLDLDDDDDLDDDDDDDDDDDDDDLDLLLDLDLLDDLDLDLDDDDDDLLDLLLLLLLLLDLDLLLDLLDDLLLLLLLLLLLLDLLLLLLLUUUULLLDDDLLLLLUUUULULLLLLLLLLLLUULL............................................................
LDLLDDDDDRDRRRDRDDDDDDDDDDDDDDDDDDDDLLLDLDLLDDLDLDLDDDDDDLLDLLLLLLLLLDLDLLLDLLDDLLLLLLLLLLLLDLLLLLLLUUUULLLDDDLLLLLUUUULULLLLLLLLLLLUULL...............................................................
..DDLLDLLLLDLDDDDDLDDDDDDDDDDDDDDLDLLLDLDLLDDLDLDLDDDDDDLLDLLLLLLLLLDLDLLLDLLDDLLLLLLLLLLLLDLLLLLLLUUUULLLDDDLLLLLUUUULULLLLLLLLLLLUULL................................................................
..RDDDDDDDDDDDDDDDDDDDDDLDLLLDLDLLDDLDLDLDDDDDDLLDLLLLLLLLLDLDLLLDLLDDLLLLLLLLLLLLDLLLLLLLUUUULLLDDDLLLLLUUUULULLLLLLLLLLLUULL.........................................................................
..DDDDLDDDDDDDDDDDDDDLDLLLDLDLLDDLDLDLDDDDDDLLDLLLLLLLLLDLDLLLDLLDDLLLLLLLLLLLLDLLLLLLLUUUULLLDDDLLLLLUUUULULLLLLLLLLLLUULL............................................................................
.LLDLDDDDDDDDDDDDDDDDDLLLLLDLLLDLDLLDDLDLDLDDDDDDLLDLLLLLLLLLDLDLLLDLLDDLLLLLLLLLLLLDLLLLLLLUUUULLLDDDLLLLLUUUULULLLLLLLLLLLUULL.......................................................................
....DDDDDDDDDDDDDDDDDDLLDLDLLDDLDLDLDDDDDDLLDLLLLLLLLLDLDLLLDLLDDLLLLLLLLLLLLDLLLLLLLUUUULLLDDDLLLLLUUUULULLLLLLLLLLLUULL..............................................................................
......DDDLDLLLDDLDDDLDDDDDDDDDDDDDDDDDDDLLDLLLLLLLLLDLDLLLDLLDDLLLLLLLLLLLLDLLLLLLLUUUULLLDDDLLLLLUUUULULLLLLLLLLLLUULL................................................................................
DDLLLLDDDDLLLDLDLDDDRRDDDRDDRDRDDDDDDDDDLLDLDLLLDLLLDDLDLDLLLLDLLLLLLLLLLLLLLLLLLLLLLLLLLLLDDDLDLLLLDLLLDLLLLLULLDLLLLLLLLLLLLLLLLLULULUUULLLULUUUULULLLLLLLLLLLUULL...................................
........DDLLLDDLDDDLDDDDDDDDDDDDDDDDDDDLLDLLLLLLLLLDLDLLLDLLDDLLLLLLLLLLLLDLLLLLLLUUUULLLDDDLLLLLUUUULULLLLLLLLLLLUULL.................................................................................
.....DDDDDDDDDDDDDDDLDDDDDLDDDDLLDLDLLLDLLDDLLLLLLLLLLLLDLLLLLLLUUUULLLDDDLLLLLUUUULULLLLLLLLLLLUULL...................................................................................................
DLDDDRRDDDRDDRDRDDDDDDDDDLLDLDLLLDLLLDDLDLDLLLLDLLLLLLLLLLLLLLLLLLLLLLLLLLLLDDDLDLLLLDLLLDLLLLLULLDLLLLLLLLLLLLLLLLLULULUUULLLULUUUULULLLLLLLLLLLUULL..................................................
.......DDDDDDLDLLLDLDLLDDLDLDLDDDDDDLLDLLLLLLLLLDLDLLLDLLDDLLLLLLLLLLLLDLLLLLLLUUUULLLDDDLLLLLUUUULULLLLLLLLLLLUULL....................................................................................
.....DDDDDDLDLLDDLDLDLDDDDDDLLDLLLLLLLLLDLDLLLDLLDDLLLLLLLLLLLLDLLLLLLLUUUULLLDDDLLLLLUUUULULLLLLLLLLLLUULL............................................................................................
DDLLLDLDLDLDDDLLDDLDDDLLLLLLLLLLL......................................................................................................................................................................
....DDDLDDLDLLDDRDDDDDDDDDDDDLLLLLLLDLLLLLLLUUUULLLDDDLLLLLUUUULULLLLLLLLLLLUULL.......................................................................................................................
....RDDDDDDLDDDDDLDDDDLLDLDLLLDLLDDLLLLLLLLLLLLDLLLLLLLUUUULLLDDDLLLLLUUUULULLLLLLLLLLLUULL............................................................................................................
...LLDLDLDDLDDRRDDDDRDDDDDDDDLLLLLLDLLLLLLLUUUULLLDDDLLLLLUUUULULLLLLLLLLLLUULL........................................................................................................................
.DDLDLLDDRDDDDDDDDDDDDLLLLLLLDLLLLLLLUUUULLLDDDLLLLLUUUULULLLLLLLLLLLUULL..............................................................................................................................
.....LLLLLULLDLDLLDDLDLDLDDDDDDLLDLLLLLLLLLDLDLLLDLLDDLLLLLLLLLLLLDLLLLLLLUUUULLLDDDLLLLLUUUULULLLLLLLLLLLUULL.........................................................................................
.DRDDDDDDDDDLDLLLDLLLDDLDLDLLLLDLLLLLLLLLLLLLLLLLLLLLLLLLLLLDDDLDLLLLDLLLDLLLLLULLDLLLLLLLLLLLLLLLLLULULUUULLLULUUUULULLLLLLLLLLLUULL..................................................................
.......LDLLDDDDDDDDDLDLLLLLLDLLDLLLLLULLLLLLULLLLDLDLLLDLLDDLLLLLLLLLLLLDLLLLLLLUUUULLLDDDLLLLLUUUULULLLLLLLLLLLUULL...................................................................................
...DLLDDLLDDDDDDDDLDDDLLLLLLLLLLDLLLLLLLUUUULLLDDDLLLLLUUUULULLLLLLLLLLLUULL...........................................................................................................................
...DDDDDDLLDLLLDDLDLDLLLLDLLLLLLLLLLLLLLLLLLLLLLLLLLLLDDDLDLLLLDLLLDLLLLLULLDLLLLLLLLLLLLLLLLLULULUUULLLULUUUULULLLLLLLLLLLUULL........................................................................
DDDDLLLL...............................................................................................................................................................................................
.DDDDDDDLLLDLLDDLLLLLLLLLLLLDLLLLLLLUUUULLLDDDLLLLLUUUULULLLLLLLLLLLUULL...............................................................................................................................
.......DDDDDLLLLLLDLLDLLLLLULLLLLLULLLLDLDLLLDLLDDLLLLLLLLLLLLDLLLLLLLUUUULLLDDDLLLLLUUUULULLLLLLLLLLLUULL.............................................................................................
.DDDDDDDDDLLLLLLLLLLDLLLLLLLUUUULLLDDDLLLLLUUUULULLLLLLLLLLLUULL.......................................................................................................................................
DDDDDDDDDLLLLLLLLLLLLDLLLLLLLUUUULLLDDDLLLLLUUUULULLLLLLLLLLLUULL......................................................................................................................................
DLLLLLLLL..............................................................................................................................................................................................
..DDLLLLLLLDLDLLLDLLDDLLLLLLLLLLLLDLLLLLLLUUUULLLDDDLLLLLUUUULULLLLLLLLLLLUULL.........................................................................................................................
..DLLLULLLDDLDLDLLLLDLLLLLLLLLLLLLLLLLLLLLLLLLLLLDDDLDLLLLDLLLDLLLLLULLDLLLLLLLLLLLLLLLLLULULUUULLLULUUUULULLLLLLLLLLLUULL.............................................................................
...DLLLLULLLDDLDLDLLLLDLLLLLLLLLLLLLLLLLLLLLLLLLLLLDDDLDLLLLDLLLDLLLLLULLDLLLLLLLLLLLLLLLLLULULUUULLLULUUUULULLLLLLLLLLLUULL...........................................................................
.DLLLLDDDLLLLLUUUULULLLLLLLLLLLUULL....................................................................................................................................................................
....DLLLLLULLLLLLULLLLDLDLLLDLLDDLLLLLLLLLLLLDLLLLLLLUUUULLLDDDLLLLLUUUULULLLLLLLLLLLUULL..............................................................................................................
.....DDDDLLLLLLLLLLLLLLLDDDLDLLLLDLLLDLLLLLULLDLLLLLLLLLLLLLLLLLULULUUULLLULUUUULULLLLLLLLLLLUULL......................................................................................................
....DDDDLLLLLLLLLLLLLLLLLLLLLLLLLLLDDDLDLLLLDLLLDLLLLLULLDLLLLLLLLLLLLLLLLLULULUUULLLULUUUULULLLLLLLLLLLUULL...........................................................................................
..DDDLLLLDLLLLLLLUUUULLLDDDLLLLLUUUULULLLLLLLLLLLUULL..................................................................................................................................................
..LLLULLLLLLULLLLDLDLLLDLLDDLLLLLLLLLLLLDLLLLLLLUUUULLLDDDLLLLLUUUULULLLLLLLLLLLUULL...................................................................................................................
UULLLDDDLLLLLUUUULULLLLLLLLLLLUULL.....................................................................................................................................................................
...DLLLLLLLLDLLLLLLLUUUULLLDDDLLLLLUUUULULLLLLLLLLLLUULL...............................................................................................................................................
.....DLLLLLLLLLLLLLLLLDDDLDLLLLDLLLDLLLLLULLDLLLLLLLLLLLLLLLLLULULUUULLLULUUUULULLLLLLLLLLLUULL........................................................................................................
.LLLLLLLDDDLDLLLLDLLLDLLLLLULLDLLLLLLLLLLLLLLLLLULULUUULLLULUUUULULLLLLLLLLLLUULL......................................................................................................................
.......LLLLLLLLLLLLLLLULLLLLLDDDLDLLLLDLLLDLLLLLULLDLLLLLLLLLLLLLLLLLULULUUULLLULUUUULULLLLLLLLLLLUULL.................................................................................................
......DLDLLDDLLLLLLLLLLLLLLLLLLLLLLLLLLLLLLLLLLLLLLDLLULULLLDLLLLLULLDLLLLLLLLLLLLLLLLLULULUUULLLULUUUULULLLLLLLLLLLUULL...............................................................................
...DDDLLLLLLLLLLLDLLULULLLDLLLLLULLDLLLLLLLLLLLLLLLLLULULUUULLLULUUUULULLLLLLLLLLLUULL.................................................................................................................
....DDDLLLLLLLLLLLLDLLULULLLDLLLLLULLDLLLLLLLLLLLLLLLLLULULUUULLLULUUUULULLLLLLLLLLLUULL...............................................................................................................
....DDDLLLLLLLLLLLLLLLLDLLULULLLDLLLLLULLDLLLLLLLLLLLLLLLLLULULUUULLLULUUUULULLLLLLLLLLLUULL...........................................................................................................
....DDDLLLLLLLLLLLLLLLLLLDLLULULLLDLLLLLULLDLLLLLLLLLLLLLLLLLULULUUULLLULUUUULULLLLLLLLLLLUULL.........................................................................................................
RUULLULLLULLULUULLLUUUUULL.............................................................................................................................................................................
LLLLULULUUULLLLLLUUUULULLLLLLLLLLLUULL.................................................................................................................................................................
......DLLLLLLLLLLLLLLLLLLLLLLLLLLLDLLULULLLDLLLLLULLDLLLLLLLLLLLLLLLLLULULUUULLLULUUUULULLLLLLLLLLLUULL................................................................................................
...LLLLLLLLLLLLLDLLULULLLDLLLLLULLDLLLLLLLLLLLLLLLLLULULUUULLLULUUUULULLLLLLLLLLLUULL..................................................................................................................
.DLLLLULLLLLLLLLLLLLLLLLULULULUUULLLULUUUULULLLLLLLLLLLUULL............................................................................................................................................
......LLLLLLLLLLLLLLLLLLLLLLLLLLULLLDLLULULLLDLLLLLULLDLLLLLLLLLLLLLLLLLULULUUULLLULUUUULULLLLLLLLLLLUULL..............................................................................................
.....LLLULLLLLLLLLLLLLLLLLLLLLLLLLLLLLLULLLDLLULULLLDLLLLLULLDLLLLLLLLLLLLLLLLLULULUUULLLULUUUULULLLLLLLLLLLUULL.......................................................................................
...ULLDLDLLLLLLLLLLLLLLLLUUULLLLLLLLLLLLLLLLLLLLLLLLULLLDLLULULLLDLLLLLULLDLLLLLLLLLLLLLLLLLULULUUULLLULUUUULULLLLLLLLLLLUULL..........................................................................
..LDLDLDDDLDDLLLLLLLLLLLLLLLLLLLLLLLLUUUUUUUUUUULULULUUULLLULUUUULULLLLLLLLLLLUULL.....................................................................................................................
......LLLLLLUUULLLLLLLLLLLLLLLLULLLDLLULULLLDLLLLLULLDLLLLLLLLLLLLLLLLLULULUUULLLULUUUULULLLLLLLLLLLUULL...............................................................................................
......LLLLLLLUUULLLLLLLLLLLLLLLLLLLLLLLLULLLDLLULULLLDLLLLLULLDLLLLLLLLLLLLLLLLLULULUUULLLULUUUULULLLLLLLLLLLUULL......................................................................................
.....LLLLLLLLULLLLLLLUULUULLLDLLULULLLDLLLLLULLDLLLLLLLLLLLLLLLLLULULUUULLLULUUUULULLLLLLLLLLLUULL.....................................................................................................
.....LLLLLLLLLULLLLLLLUULUULLLDLLULULLLDLLLLLULLDLLLLLLLLLLLLLLLLLULULUUULLLULUUUULULLLLLLLLLLLUULL....................................................................................................
..DDDLDDLLLLLLLLLLLLLLLLLLLLLLLLUUUUUUUUUUULULULUUULLLULUUUULULLLLLLLLLLLUULL..........................................................................................................................
UULUULUUULULULUURRUULLULUULLLUUUUULL...................................................................................................................................................................
LLLLLLLLLUUUUUUUULULULUUULLLULUUUULULLLLLLLLLLLUULL....................................................................................................................................................
...LLLLLLLLLLUUUUUUUULULULUUULLLULUUUULULLLLLLLLLLLUULL................................................................................................................................................
.....LLULLLLLLLLLLLLLLLLLLLLUUULUULUULLLDLLULULLLDLLLLLULLDLLLLLLLLLLLLLLLLLULULUUULLLULUUUULULLLLLLLLLLLUULL..........................................................................................
.LUUUUUULLDLDLLLLLLLLLLLLLLLLUUULLLLLLLLLLLLLLLLLLLLLLLLULLLDLLULULLLDLLLLLULLDLLLLLLLLLLLLLLLLLULULUUULLLULUUUULULLLLLLLLLLLUULL......................................................................
..LLLLLLLLLLLLUUUUUUUUULULULUUULLLULUUUULULLLLLLLLLLLUULL..............................................................................................................................................
.....DDDLLLLLLLLLLLLLLLLLLLULLLLLLLLLLLLLLLLLUUUUUUUUUUULULULUUULLLULUUUULULLLLLLLLLLLUULL.............................................................................................................
ULUUUULLLUUUUUUURUULLULLLULLULUULLLUUUUULL.............................................................................................................................................................
.LLLULLULLDLLDLLULLLDLLLLDLLLLDLLLLLLLLLULLLLLLLLLLLLLLLLLLLLLLLLLLLLLLULLLLLLLLLLLLLLLLLUUUUUUUUUUULULULUUULLLULUUUULULLLLLLLLLLLUULL.................................................................
ULLLLLLLLLLLLLLLLLUUUUUUUUUUULULULUUULLLULUUUULULLLLLLLLLLLUULL........................................................................................................................................
.LLLULUUULUULUURURRRUUULLUUULULUUUUUUUUUULL............................................................................................................................................................
.LULLLUUUUUUUUUUUULULULUUULLLULUUUULULLLLLLLLLLLUULL...................................................................................................................................................
..LLULLLUUUUUUUUUUUULULULUUULLLULUUUULULLLLLLLLLLLUULL.................................................................................................................................................
.....LLLLLLLLLLLLLLLLLLLLLLLLUULLLLLLLLLLLLLLLLLUUUUUUUUUUULULULUUULLLULUUUULULLLLLLLLLLLUULL..........................................................................................................
.......DLLLLLLLLLLLLLLLLLLLLLLLLLLLLLLLLLLLLLLLLLUUULLLLLLLLLLLLLLLLLUUUUUUUUUUULULULUUULLLULUUUULULLLLLLLLLLLUULL.....................................................................................
........DLLLLLLLLLLLLLLLLLLLLLLLLLLLLLLLLLLLLLLLLLLLUUULLLLLLLLLLLLLLLLLUUUUUUUUUUULULULUUULLLULUUUULULLLLLLLLLLLUULL..................................................................................
...LLLLLLLUUULLLLLLLLLLLLLLLLLUUUUUUUUUUULULULUUULLLULUUUULULLLLLLLLLLLUULL............................................................................................................................
RRUULULUUULUULUURURRRUUULLUUULULUUUUUUUUUULL...........................................................................................................................................................
LLLLLLLULLLULLLLULLLUUUUUUUUUUUULULULUUULLLULUUUULULLLLLLLLLLLUULL.....................................................................................................................................
....LLLLLLLLLLLLLLULLLUUULLLLLLLLLLLLLLLLLUUUUUUUUUUULULULUUULLLULUUUULULLLLLLLLLLLUULL................................................................................................................
RRUUULULUUULUULUURURRRUUULLUUULULUUUUUUUUUULL..........................................................................................................................................................
.....LUULLLLLLLLLLLLLLLLLLLLLLLLLLLLLLLLLLLLLLUUULLLLLLLLLLLLLLLLLUUUUUUUUUUULULULUUULLLULUUUULULLLLLLLLLLLUULL........................................................................................
.RUUUULULUUULUULUURURRRUUULLUUULULUUUUUUUUUULL.........................................................................................................................................................
.DLLLUUUUUUULLLUULUUUULLLUUUUUUURUULLULLLULLULUULLLUUUUULL.............................................................................................................................................
.....LLLLLLLLLLLLLLLLULLULLLULLLLLLLLULLLULLLLULLLUUUUUUUUUUUULULULUUULLLULUUUULULLLLLLLLLLLUULL.......................................................................................................
.DDLLLLUUUULUUULULLLLULLLUUUUUUUUUUUULULULUUULLLULUUUULULLLLLLLLLLLUULL................................................................................................................................
......LLLLLLLLLLLLLLLLLLULULLULLLULLLLLLLLULLLULLLLULLLUUUUUUUUUUUULULULUUULLLULUUUULULLLLLLLLLLLUULL..................................................................................................
RUUUUUUULULUUULUULUURURRRUUULLUUULULUUUUUUUUUULL.......................................................................................................................................................
.LLLLLUUUUUUUULLLUULUUUULLLUUUUUUURUULLULLLULLULUULLLUUUUULL...........................................................................................................................................
..LUUUULLLUULLLULLLULLLLULLLUUUUUUUUUUUULULULUUULLLULUUUULULLLLLLLLLLLUULL.............................................................................................................................
URRURUUUULLDLLLLLLLLLLLLLLLUULLLLLLLLLLLLLLLLLLLLLLLLLLLLLLLLLLLLLLUUULLLLLLLLLLLLLLLLLUUUUUUUUUUULULULUUULLLULUUUULULLLLLLLLLLLUULL...................................................................
LLLUULUUUULUUULULLLLULLLUUUUUUUUUUUULULULUUULLLULUUUULULLLLLLLLLLLUULL.................................................................................................................................
LLLLLLLLLUUUUUUUUUUUUULLLUULUUUULLLUUUUUUURUULLULLLULLULUULLLUUUUULL...................................................................................................................................
...LLLUULLLLLLLLUULUUUULUUULULLLLULLLUUUUUUUUUUUULULULUUULLLULUUUULULLLLLLLLLLLUULL....................................................................................................................
