89
RRRRRRRRRRRRRRRRRRRRRRRRRRRRRRRRRRRRRRRRRRRRRRRRRRRRRRRRRRRRRRRRRRRRRRRRRRRRRRRRRRRRRRRDD
RRRRRRRRRRRRRRRRRRRRRRRRRRRRRRRRRRRRRRRRRRRRRRRRRRRRRRRRRRRRRRRRRRRRRRRRRRRRRRRRRRRRRRDD.
RRRRRRRRRRRRRRRRRRRRRRRRRRRRRRRRRRRRRRRRRRRRRRRRRRRRRRRRRRRRRRRRRRRRRRRRRRRRRRRRRRRRRDD..
RRRRRRRRRRRRRRRRRRRRRRRRRRRRRRRRRRRRRRRRRRRRRRRRRRRRRRRRRRRRRRRRRRRRRRRRRRRRRRRRRRRDD....
RRRRRRRRRRRRRRRRRRRRRRRRRRRRRRRRRRRRRRRRRRRRRRRRRRRRRRRRRRRRRRRRRRRRRRRRRRRRRRRRRRDD.....
RRRRRRRRRRRRRRRRRRRRRRRRRRRRRRRRRRRRRRRRRRRRRRRRRRRRRRRRRRRRRRRRRRRRRRRRRRRRRRRRRDD......
RRRRRRRRRRRRRRRRRRRRRRRRRRRRRRRRRRRRRRRRRRRRRRRRRRRRRRRRRRRRRRRRRRRRRRRRRRRRRRRRDD.......
RRRRRRRRRRRRRRRRRRRRRRRRRRRRRRRRRRRRRRRRRRRRRRRRRRRRRRRRRRRRRRRRRRRRRRRRRRRRRRRDD........
RRRRRRRRRRRRRRRRRRRRRRRRRRRRRRRRRRRRRRRRRRRRRRRRRRRRRRRRRRRRRRRRRRRRRRRRRRRRRRDD.........
RRRRRRRRRRRRRRRRRRRRRRRRRRRRRRRRRRRRRRRRRRRRRRRRRRRRRRRRRRRRRRRRRRRRRRRRRRRRRDD..........
RRRRRRRRRRRRRRRRRRRRRRRRRRRRRRRRRRRRRRRRRRRRRRRRRRRRRRRRRRRRRRRRRRRRRRRRRRRRDD...........
RRRRRRRRRRRRRRRRRRRRRRRRRRRRRRRRRRRRRRRRRRRRRRRRRRRRRRRRRRRRRRRRRRRRRRRRRRRDD............
RRRRRRRRRRRRRRRRRRRRRRRRRRRRRRRRRRRRRRRRRRRRRRRRRRRRRRRRRRRRRRRRRRRRRRRRRRDD.............
RRRRRRRRRRRRRRRRRRRRRRRRRRRRRRRRRRRRRRRRRRRRRRRRRRRRRRRRRRRRRRRRRRRRRRRRRDD..............
RRRRRRRRRRRRRRRRRRRRRRRRRRRRRRRRRRRRRRRRRRRRRRRRRRRRRRRRRRRRRRRRRRRRRRRRDD...............
RRRRRRRRRRRRRRRRRRRRRRRRRRRRRRRRRRRRRRRRRRRRRRRRRRRRRRRRRRRRRRRRRRRRRRRDD................
RRRRRRRRRRRRRRRRRRRRRRRRRRRRRRRRRRRRRRRRRRRRRRRRRRRRRRRRRRRRRRRRRRRRRRDD.................
RRRRRRRRRRRRRRRRRRRRRRRRRRRRRRRRRRRRRRRRRRRRRRRRRRRRRRRRRRRRRRRRRRDD.....................
RRRRRRRRRRRRRRRRRRRRRRRRRRRRRRRRRRRRRRRRRRRRRRRRRRRRRRRRRRRRRRRRRDD......................
RRRRRRRRRRRRRRRRRRRRRRRRRRRRRRRRRRRRRRRRRRRRRRRRRRRRRRRRRRRRRRRRDD.......................
RRRRRRRRRRRRRRRRRRRRRRRRRRRRRRRRRRRRRRRRRRRRRRRRRRRRRRRRRRRRRDD..........................
RRRRRRRRRRRRRRRRRRRRRRRRRRRRRRRRRRRRRRRRRRRRRRRRRRRRRRRRRRRDD............................
RRRRRRRRRRRRRRRRRRRRRRRRRRRRRRRRRRRRRRRRRRRRRRRRRRRRRRRRRRDD.............................
RRRRRRRRRRRRRRRRRRRRRRRRRRRRRRRRRRRRRRRRRRRRRRRRRRRRRRRRRDD..............................
RRRRRRRRRRRRRRRRRRRRRRRRRRRRRRRRRRRRRRRRRRRRRRRRRRRRRRRRDD...............................
RRRRRRRRRRRRRRRRRRRRRRRRRRRRRRRRRRRRRRRRRRRRRRRRRRRRRRRDD................................
RRRRRRRRRRRRRRRRRRRRRRRRRRRRRRRRRRRRRRRRRRRRRRRRRRRRRRDD.................................
RRRRRRRRRRRRRRRRRRRRRRRRRRRRRRRRRRRRRRRRRRRRRRRRRRRRRDD..................................
RRRRRRRRRRRRRRRRRRRRRRRRRRRRRRRRRRRRRRRRRRRRRRRRRRRRDD...................................
RRRRRRRRRRRRRRRRRRRRRRRRRRRRRRRRRRRRRRRRRRRRRRRRRRRDD....................................
RRRRRRRRRRRRRRRRRRRRRRRRRRRRRRRRRRRRRRRRRRRRRRRRRRDD.....................................
RRRRRRRRRRRRRRRRRRRRRRRRRRRRRRRRRRRRRRRRRRRRRRRRDD.......................................
RRRRRRRRRRRRRRRRRRRRRRRRRRRRRRRRRRRRRRRRRRRRRRDD.........................................
RRRRRRRRRRRRRRRRRRRRRRRRRRRRRRRRRRRRRRRRRRRRRDD..........................................
RRRRRRRRRRRRRRRRRRRRRRRRRRRRRRRRRRRRRRRRRRRRDD...........................................
RRRRRRRRRRRRRRRRRRRRRRRRRRRRRRRRRRRRRRRRRRDD.............................................
RRRRRRRRRRRRRRRRRRRRRRRRRRRRRRRRRRRRRRRRRDD..............................................
RRRRRRRRRRRRRRRRRRRRRRRRRRRRRRRRRRRRRRRDD................................................
RRRRRRRRRRRRRRRRRRRRRRRRRRRRRRRRRRRRRRDD.................................................
RRRRRRRRRRRRRRRRRRRRRRRRRRRRRRRRRRRRRDD..................................................
RRRRRRRRRRRRRRRRRRRRRRRRRRRRRRRRRRRRDD...................................................
RRRRRRRRRRRRRRRRRRRRRRRRRRRRRRRRRRRDD....................................................
RRRRRRRRRRRRRRRRRRRRRRRRRRRRRRRRRRDD.....................................................
RRRRRRRRRRRRRRRRRRRRRRRRRRRRRRRRRDD......................................................
RRRRRRRRRRRRRRRRRRRRRRRRRRRRRRRRDD.......................................................
RRRRRRRRRRRRRRRRRRRRRRRRRRRRRRRDD........................................................
RRRRRRRRRRRRRRRRRRRRRRRRRRRRRDD..........................................................
RRRRRRRRRRRRRRRRRRRRRRRRRRRRDD...........................................................
RRRRRRRRRRRRRRRRRRRRRRRRRRRDD............................................................
RRRRRRRRRRRRRRRRRRRRRRRRRRDD.............................................................
.RRRRRRRRRRRRRRRRRRRRRRRRDD..............................................................
.RRRRRRRRRRRRRRRRRRRRRRRDD...............................................................
.RRRRRRRRRRRRRRRRRRRRRRDD................................................................
.RRRRRRRRRRRRRRRRRRRRRDD.................................................................
.RRRRRRRRRRRRRRRRRRRRDD..................................................................
.RRRRRRRRRRRRRRRRRRRDD...................................................................
.RRRRRRRRRRRRRRRRRRDD....................................................................
.RRRRRRRRRRRRRRRRRDD.....................................................................
.RRRRRRRRRRRRRRRRDD......................................................................
.RRRRRRRRRRRRRRRDD.......................................................................
.RRRRRRRRRRRRRRDD........................................................................
.RRRRRRRRRRRRRDD.........................................................................
.RRRRRRRRRRRRDD..........................................................................
..RRRRRRRRRRDD...........................................................................
.RRRRRRRRDD..............................................................................
.RRRRRRRDD...............................................................................
.RRRDD...................................................................................
.RDD.....................................................................................
LDD......................................................................................
LLLDD....................................................................................
.LLLLDD..................................................................................
LLLLLLDD.................................................................................
LLLLLLLDD................................................................................
..LLLLLLLLDD.............................................................................
..LLLLLLLLLDD............................................................................
