158
...LLLLLLLLLLLLLLLLLLLLLLLLLLLLLLLLLLLLLLLLLLLLLLLLLLLLLLLLLUU................................................................................................
.................LLLLLLLLLLLLLLLLLLLLLLLLLLLLLLLLLLLLLLLLLLLLLLLLLLLLLLLLUUU..................................................................................
........................................................LLLLLLLLLLLLLLLLLLLLLLLLLLLLLLLLLLLLLLLLLLLLLLLLLLLLLLLUUUU...........................................
.......................................................LLLLLLLLLLLLLLLLLLLLLLLLLLLLLLLLLLLLLLLLLLLLLLLLLLLLLLUUUUU............................................
.................................................LLLLLLLLLLLLLLLLLLLLLLLLLLLLLLLLLLLLLLLLLLLLLLLLLLLLLUUUUUU..................................................
.........................................LLLLLLLLLLLLLLLLLLLLLLLLLLLLLLLLLLLLLLLLLLLLLLLLLLLLUUUUUUU..........................................................
.......................................LLLLLLLLLLLLLLLLLLLLLLLLLLLLLLLLLLLLLLLLLLLLLLLLLLLUUUUUUUU............................................................
...................................LLLLLLLLLLLLLLLLLLLLLLLLLLLLLLLLLLLLLLLLLLLLLLLLLLUUUUUUUUU................................................................
..................................LLLLLLLLLLLLLLLLLLLLLLLLLLLLLLLLLLLLLLLLLLLLLLLLLUUUUUUUUUU.................................................................
..........................................................LLLLLLLLLLLLLLLLLLLLLLLLLLLLLLLLLLLLLLLLLLLLLLLLLLLLLLUUUUUUUUUU....................................
....................................LLLLLLLLLLLLLLLLLLLLLLLLLLLLLLLLLLLLLLLLLLLLLLLLUUUUUUUUUUU...............................................................
.....................................LLLLLLLLLLLLLLLLLLLLLLLLLLLLLLLLLLLLLLLLLLLLLLLUUUUUUUUUUUU..............................................................
......................................LLLLLLLLLLLLLLLLLLLLLLLLLLLLLLLLLLLLLLLLLLLLLLUUUUUUUUUUUUU.............................................................
..........................................................LLLLLLLLLLLLLLLLLLLLLLLLLLLLLLLLLLLLLLLLLLLLLLLLLLLLLUUUUUUUUUUUUU..................................
........................................LLLLLLLLLLLLLLLLLLLLLLLLLLLLLLLLLLLLLLLLLLLLLUUUUUUUUUUUUUU...........................................................
..........................................LLLLLLLLLLLLLLLLLLLLLLLLLLLLLLLLLLLLLLLLLLLLUUUUUUUUUUUUUUU.........................................................
.........................................................LLLLLLLLLLLLLLLLLLLLLLLLLLLLLLLLLLLLLLLLLLLLLLLLLUUUUUUUUUUUUUUU.....................................
...........................................LLLLLLLLLLLLLLLLLLLLLLLLLLLLLLLLLLLLLLLLLLLUUUUUUUUUUUUUUUU........................................................
............................................LLLLLLLLLLLLLLLLLLLLLLLLLLLLLLLLLLLLLLLLLLUUUUUUUUUUUUUUUUU.......................................................
.............................................LLLLLLLLLLLLLLLLLLLLLLLLLLLLLLLLLLLLLLLLLUUUUUUUUUUUUUUUUUU......................................................
..............................................LLLLLLLLLLLLLLLLLLLLLLLLLLLLLLLLLLLLLLLLUUUUUUUUUUUUUUUUUUU.....................................................
.................................LLLLLLLLLLLLLLLLLLLLLLLLLLLLLLLLLLLLLLLUUUUUUUUUUUUUUUUUUUU..................................................................
..........................................................LLLLLLLLLLLLLLLLLLLLLLLLLLLLLLLLLLLLLLLLLLLLLLLLLLLLLLLLUUUUUUUUUUUUUUUUUUUU........................
................................................LLLLLLLLLLLLLLLLLLLLLLLLLLLLLLLLLLLLLLUUUUUUUUUUUUUUUUUUUUU...................................................
........................................................LLLLLLLLLLLLLLLLLLLLLLLLLLLLLLLLLLLLLLLLLLLLLLLLLUUUUUUUUUUUUUUUUUUUUU................................
..................................................LLLLLLLLLLLLLLLLLLLLLLLLLLLLLLLLLLLLLUUUUUUUUUUUUUUUUUUUUUU.................................................
.........................................................LLLLLLLLLLLLLLLLLLLLLLLLLLLLLLLLLLLLLLLUUUUUUUUUUUUUUUUUUUUUU........................................
...................................................LLLLLLLLLLLLLLLLLLLLLLLLLLLLLLLLLLLLUUUUUUUUUUUUUUUUUUUUUUU................................................
....................................................LLLLLLLLLLLLLLLLLLLLLLLLLLLLLLLLLLLUUUUUUUUUUUUUUUUUUUUUUUU...............................................
.....................................................LLLLLLLLLLLLLLLLLLLLLLLLLLLLLLLLLLUUUUUUUUUUUUUUUUUUUUUUUUU..............................................
......................................................LLLLLLLLLLLLLLLLLLLLLLLLLLLLLLLLLUUUUUUUUUUUUUUUUUUUUUUUUUU.............................................
........................................................LLLLLLLLLLLLLLLLLLLLLLLLLLLLLLLLLLLLLLLLLLLLLLLUUUUUUUUUUUUUUUUUUUUUUUUUU.............................
.........................................................LLLLLLLLLLLLLLLLLLLLLLLLLLLLLLLLUUUUUUUUUUUUUUUUUUUUUUUUUUU..........................................
........................................................LLLLLLLLLLLLLLLLLLLLLLLLLLLLLLLLLLUUUUUUUUUUUUUUUUUUUUUUUUUUU.........................................
................LLLLLLLLLLLLLLLLLLLLLLLLLLLLLLLUUUUUUUUUUUUUUUUUUUUUUUUUUUU...................................................................................
...............LLLLLLLLLLLLLLLLLLLLLLLLLLLLLLUUUUUUUUUUUUUUUUUUUUUUUUUUUUU....................................................................................
.........................................................LLLLLLLLLLLLLLLLLLLLLLLLLLLLLLLLLLLLLLLLLUUUUUUUUUUUUUUUUUUUUUUUUUUUUU...............................
.........................................................LLLLLLLLLLLLLLLLLLLLLLLLLLLLLLLLLLLLLLLLLLLLLLLUUUUUUUUUUUUUUUUUUUUUUUUUUUUU.........................
.............LLLLLLLLLLLLLLLLLLLLLLLLLLLLLUUUUUUUUUUUUUUUUUUUUUUUUUUUUUU......................................................................................
............LLLLLLLLLLLLLLLLLLLLLLLLLLLLUUUUUUUUUUUUUUUUUUUUUUUUUUUUUUU.......................................................................................
...........LLLLLLLLLLLLLLLLLLLLLLLLLLLUUUUUUUUUUUUUUUUUUUUUUUUUUUUUUUU........................................................................................
..........LLLLLLLLLLLLLLLLLLLLLLLLLLUUUUUUUUUUUUUUUUUUUUUUUUUUUUUUUUU.........................................................................................
LLLLLLLLLLLLLLLLLLLLLLLLLUUUUUUUUUUUUUUUUUUUUUUUUUUUUUUUUUU...................................................................................................
.........................................................LLLLLLLLLLLLLLLLLLLLLLLLLLLLLLLLLLLLLLLLLUUUUUUUUUUUUUUUUUUUUUUUUUUUUUUUUUU..........................
......................................................LLLLLLLLLLLLLLLLLLLLLLLLLLLLLLLLLLLLLLLLLLLLLLLLLLLLLLLUUUUUUUUUUUUUUUUUUUUUUUUUUUUUUUUUU...............
.......LLLLLLLLLLLLLLLLLLLLLLLLUUUUUUUUUUUUUUUUUUUUUUUUUUUUUUUUUUU............................................................................................
......LLLLLLLLLLLLLLLLLLLLLLLUUUUUUUUUUUUUUUUUUUUUUUUUUUUUUUUUUUU.............................................................................................
........................................................LLLLLLLLLLLLLLLLLLLLLLLLLLLUUUUUUUUUUUUUUUUUUUUUUUUUUUUUUUUUUUU.......................................
.....................................................LLLLLLLLLLLLLLLLLLLLLLLLLLLLLLLLLLLLLLLLLLLLLLLLLLLLLLLLUUUUUUUUUUUUUUUUUUUUUUUUUUUUUUUUUUUU.............
....LLLLLLLLLLLLLLLLLLLLLLUUUUUUUUUUUUUUUUUUUUUUUUUUUUUUUUUUUUU...............................................................................................
........................................................LLLLLLLLLLLLLLLLLLLLLLLLLLLLLLLLLLLLLLUUUUUUUUUUUUUUUUUUUUUUUUUUUUUUUUUUUUU...........................
..LLLLLLLLLLLLLLLLLLLLLUUUUUUUUUUUUUUUUUUUUUUUUUUUUUUUUUUUUUU.................................................................................................
...........................................................LLLLLLLLLLLLLLLLLLLLLLLLLLLLLLLLLLLLLLUUUUUUUUUUUUUUUUUUUUUUUUUUUUUUUUUUUUUU.......................
.......................................................LLLLLLLLLLLLLLLLLLLLLLLLLLLLLLLLLLLLLLLLLLLLLLLLLUUUUUUUUUUUUUUUUUUUUUUUUUUUUUUUUUUUUUU................
..................LLLLLLLLLLLLLLLLLLLLUUUUUUUUUUUUUUUUUUUUUUUUUUUUUUUUUUUUUUU.................................................................................
.......................................................LLLLLLLLLLLLLLLLLLLLLLLLLLLLLLLUUUUUUUUUUUUUUUUUUUUUUUUUUUUUUUUUUUUUUU.................................
............................................................LLLLLLLLLLLLLLLLLLLLLLLLLLLLLLLLLLLLLLLLUUUUUUUUUUUUUUUUUUUUUUUUUUUUUUUUUUUUUUU...................
....................LLLLLLLLLLLLLLLLLLLUUUUUUUUUUUUUUUUUUUUUUUUUUUUUUUUUUUUUUUU...............................................................................
...........................................................LLLLLLLLLLLLLLLLLLLLLLLLLLLLLLLLLLLLLLLLLUUUUUUUUUUUUUUUUUUUUUUUUUUUUUUUUUUUUUUUU..................
......................LLLLLLLLLLLLLLLLLLUUUUUUUUUUUUUUUUUUUUUUUUUUUUUUUUUUUUUUUUU.............................................................................
.......................LLLLLLLLLLLLLLLLLUUUUUUUUUUUUUUUUUUUUUUUUUUUUUUUUUUUUUUUUUU............................................................................
.........................................................LLLLLLLLLLLLLLLLLLLLLLLLUUUUUUUUUUUUUUUUUUUUUUUUUUUUUUUUUUUUUUUUUU...................................
.......................................................LLLLLLLLLLLLLLLLLLLLLLLLLLLLLLLUUUUUUUUUUUUUUUUUUUUUUUUUUUUUUUUUUUUUUUUUU..............................
........................LLLLLLLLLLLLLLLLUUUUUUUUUUUUUUUUUUUUUUUUUUUUUUUUUUUUUUUUUUU...........................................................................
.........................LLLLLLLLLLLLLLLUUUUUUUUUUUUUUUUUUUUUUUUUUUUUUUUUUUUUUUUUUUU..........................................................................
.......................................................LLLLLLLLLLLLLLLLLLLLLLLLLLLLLLLLLLLLLLLLLLLLLLLLLUUUUUUUUUUUUUUUUUUUUUUUUUUUUUUUUUUUUUUUUUUUU..........
...........................LLLLLLLLLLLLLLUUUUUUUUUUUUUUUUUUUUUUUUUUUUUUUUUUUUUUUUUUUUU........................................................................
............................LLLLLLLLLLLLLUUUUUUUUUUUUUUUUUUUUUUUUUUUUUUUUUUUUUUUUUUUUUU.......................................................................
...........................................................LLLLLLLLLLLLLLLLLLLLLLLLLLLLLLLUUUUUUUUUUUUUUUUUUUUUUUUUUUUUUUUUUUUUUUUUUUUUU......................
......................................................LLLLLLLLLLLLLLLLLLLLLLLLLLLLLLLLLLLLLLLLLLLLLLUUUUUUUUUUUUUUUUUUUUUUUUUUUUUUUUUUUUUUUUUUUUUU............
..............................LLLLLLLLLLLLUUUUUUUUUUUUUUUUUUUUUUUUUUUUUUUUUUUUUUUUUUUUUUU.....................................................................
..................................................LLLLLLLLLLLLLLLLLLLLLLLLLLLLLLLLLLLLLLLLLLLLLLLLLLLLLLLLLUUUUUUUUUUUUUUUUUUUUUUUUUUUUUUUUUUUUUUUUUUUUUUU....
................................LLLLLLLLLLLUUUUUUUUUUUUUUUUUUUUUUUUUUUUUUUUUUUUUUUUUUUUUUUU...................................................................
.......................................................LLLLLLLLLLLLLLLLLLLLLLLLLLLLLLLLLLLLLLLLLLLLLLUUUUUUUUUUUUUUUUUUUUUUUUUUUUUUUUUUUUUUUUUUUUUUUU.........
...............................LLLLLLLLLLUUUUUUUUUUUUUUUUUUUUUUUUUUUUUUUUUUUUUUUUUUUUUUUUU....................................................................
.....................................................LLLLLLLLLLLLLLLLLLLLLLLLLLLLLLLLLLLLLLLLLLLLLLLLLUUUUUUUUUUUUUUUUUUUUUUUUUUUUUUUUUUUUUUUUUUUUUUUUU.......
.............................LLLLLLLLLUUUUUUUUUUUUUUUUUUUUUUUUUUUUUUUUUUUUUUUUUUUUUUUUUU......................................................................
........................................................LLLLLLLLLLLLLLLLLLLLLLLLUUUUUUUUUUUUUUUUUUUUUUUUUUUUUUUUUUUUUUUUUUUUUUUUUU............................
..........................LLLLLLLLUUUUUUUUUUUUUUUUUUUUUUUUUUUUUUUUUUUUUUUUUUUUUUUUUUU.........................................................................
.....................LLLLLLLUUUUUUUUUUUUUUUUUUUUUUUUUUUUUUUUUUUUUUUUUUUUUUUUUUUU..............................................................................
...................LLLLLLUUUUUUUUUUUUUUUUUUUUUUUUUUUUUUUUUUUUUUUUUUUUUUUUUUUUU................................................................................
............................................................LLLLLLLLLLLLLLLLLLLLLLLLUUUUUUUUUUUUUUUUUUUUUUUUUUUUUUUUUUUUUUUUUUUUUUUUUUUUU.....................
......................................................LLLLLLLLLLLLLLLLLLLLLLLLLLLLLLLLLLLLLLLLUUUUUUUUUUUUUUUUUUUUUUUUUUUUUUUUUUUUUUUUUUUUUUUUUUUUU...........
...............................................LLLLLLLLLLLLLLLLLLLLLLLLLLLLLLLLLLLLLLLLLLLLLLLLLLLLLLLLLUUUUUUUUUUUUUUUUUUUUUUUUUUUUUUUUUUUUUUUUUUUUUUUUUUUUU.
.........LLLLLUUUUUUUUUUUUUUUUUUUUUUUUUUUUUUUUUUUUUUUUUUUUUUUUUUUUUU..........................................................................................
............................................................LLLLLLLLLLLLLLLLLLLLLLLLUUUUUUUUUUUUUUUUUUUUUUUUUUUUUUUUUUUUUUUUUUUUUUUUUUUUUU....................
....................................................LLLLLLLLLLLLLLLLLLLLLLLLLLLLLLLLLLLLLLLLLLLLUUUUUUUUUUUUUUUUUUUUUUUUUUUUUUUUUUUUUUUUUUUUUUUUUUUUUU........
..................................................LLLLLLLLLLLLLLLLLLLLLLLLLLLLLLLLLLLLLLLLLLLLLLLLLUUUUUUUUUUUUUUUUUUUUUUUUUUUUUUUUUUUUUUUUUUUUUUUUUUUUUU.....
.LLLLUUUUUUUUUUUUUUUUUUUUUUUUUUUUUUUUUUUUUUUUUUUUUUUUUUUUUUU..................................................................................................
..................................................LLLLLLLLLLLLLLLLLLLLLLLLLLLLLLLLLLLLLLLLLLLLLLLLLLUUUUUUUUUUUUUUUUUUUUUUUUUUUUUUUUUUUUUUUUUUUUUUUUUUUUUUU...
.....LLLUUUUUUUUUUUUUUUUUUUUUUUUUUUUUUUUUUUUUUUUUUUUUUUUUUUUUUUU..............................................................................................
..................................................LLLLLLLLLLLLLLLLLLLLLLLLLLLLLLLLLLLLLLLLLLLLLLUUUUUUUUUUUUUUUUUUUUUUUUUUUUUUUUUUUUUUUUUUUUUUUUUUUUUUUU......
...............................................LLLLLLLLLLLLLLLLLLLLLLLLLLLLLLLLLLLLLLLLLLLLLLLLLLLLLUUUUUUUUUUUUUUUUUUUUUUUUUUUUUUUUUUUUUUUUUUUUUUUUUUUUUUUU..
........LLUUUUUUUUUUUUUUUUUUUUUUUUUUUUUUUUUUUUUUUUUUUUUUUUUUUUUUUUU...........................................................................................
.........................................................LLLLLLUUUUUUUUUUUUUUUUUUUUUUUUUUUUUUUUUUUUUUUUUUUUUUUUUUUUUUUUU......................................
..........................................................LLLLLLLLLLLLLLLLLLLLLLLLLLUUUUUUUUUUUUUUUUUUUUUUUUUUUUUUUUUUUUUUUUUUUUUUUUUUUUUUUUU.................
..............LUUUUUUUUUUUUUUUUUUUUUUUUUUUUUUUUUUUUUUUUUUUUUUUUUUUUUUUUUU.....................................................................................
...............................................UUUUUUUUUUUUUUUUUUUUUUUUUUUUUUUUUUUUUUUUUUUUUUUUUUUUUUUUUUU....................................................
....................................................LLLLLLLLLLLLLLLLLLLLLLLLLLLLLLLLLUUUUUUUUUUUUUUUUUUUUUUUUUUUUUUUUUUUUUUUUUUUUUUUUUUUUUUUUUUU..............
................................................LLLLLLLLLLLLLLLLLLLLLLLLLLLLLLLLLLLLLLLLLLLLLLLLLLLUUUUUUUUUUUUUUUUUUUUUUUUUUUUUUUUUUUUUUUUUUUUUUUUUUUUUUUUUUU
